
--- Page 1 [595.28x841.89] ---
[BODY]
  BLOCK [div] X:70.87 Y:70.87 W:453.55 H:739.53 M[0.0 0.0 0.0 0.0] P[28.3 28.3 28.3 28.3] B[0.0 0.0 0.0 0.0]
    BLOCK [h1] X:0.00 Y:0.00 W:396.85 H:28.80 M[28.3 0.0 14.2 0.0] P[0.0 0.0 0.0 0.0] B[0.0 0.0 0.0 0.0]
      [RUN 0] "Certificate"
      [RUN 1] "\\n"
      TEXT [text-node] X:0.00 Y:0.00 W:0.00 H:0.00 M[28.3 0.0 14.2 0.0] P[0.0 0.0 0.0 0.0] B[0.0 0.0 0.0 0.0] "Certificate"
    BLOCK [p] X:0.00 Y:0.00 W:396.85 H:12.00 M[0.0 0.0 70.9 0.0] P[0.0 0.0 0.0 0.0] B[0.0 0.0 0.0 0.0]
      [RUN 0] "of"
      [RUN 1] " "
      [RUN 2] "Completion"
      [RUN 3] "\\n"
      TEXT [text-node] X:0.00 Y:0.00 W:0.00 H:0.00 M[0.0 0.0 70.9 0.0] P[0.0 0.0 0.0 0.0] B[0.0 0.0 0.0 0.0] "of Completion"
    BLOCK [p] X:0.00 Y:0.00 W:396.85 H:12.00 M[0.0 0.0 28.3 0.0] P[0.0 0.0 0.0 0.0] B[0.0 0.0 0.0 0.0]
      [RUN 0] "This"
      [RUN 1] " "
      [RUN 2] "is"
      [RUN 3] " "
      [RUN 4] "proudly"
      [RUN 5] " "
      [RUN 6] "presented"
      [RUN 7] " "
      [RUN 8] "to"
      [RUN 9] "\\n"
      TEXT [text-node] X:0.00 Y:0.00 W:0.00 H:0.00 M[0.0 0.0 28.3 0.0] P[0.0 0.0 0.0 0.0] B[0.0 0.0 0.0 0.0] "This is proudly presented to"
    BLOCK [p] X:0.00 Y:0.00 W:317.48 H:12.00 M[0.0 0.0 42.5 0.0] P[0.0 0.0 14.2 0.0] B[0.0 0.0 0.0 0.0]
      [RUN 0] "Jane"
      [RUN 1] " "
      [RUN 2] "Doe"
      [RUN 3] "\\n"
      TEXT [text-node] X:0.00 Y:0.00 W:0.00 H:0.00 M[0.0 0.0 42.5 0.0] P[0.0 0.0 14.2 0.0] B[0.0 0.0 0.0 0.0] "Jane Doe"
    BLOCK [p] X:0.00 Y:0.00 W:317.48 H:117.00 M[0.0 0.0 28.3 0.0] P[0.0 0.0 0.0 0.0] B[0.0 0.0 0.0 0.0]
      [RUN 0] "For"
      [RUN 1] " "
      [RUN 2] "successfully"
      [RUN 3] " "
      [RUN 4] "completing"
      [RUN 5] " "
      [RUN 6] "the"
      [RUN 7] " "
      [RUN 8] "comprehensive"
      [RUN 9] "\\n"
      [RUN 10] "training"
      [RUN 11] " "
      [RUN 12] "program"
      [RUN 13] " "
      [RUN 14] "and"
      [RUN 15] " "
      [RUN 16] "demonstrating"
      [RUN 17] " "
      [RUN 18] "mastery"
      [RUN 19] " "
      [RUN 20] "in"
      [RUN 21] " "
      [RUN 22] "\\n"
      [RUN 23] "\\n"
      [RUN 24] "PDFML"
      [RUN 25] " "
      [RUN 26] "Advanced"
      [RUN 27] " "
      [RUN 28] "Document"
      [RUN 29] "\\n"
      [RUN 30] "Engineering"
      [RUN 31] "\\n"
      TEXT [text-node] X:0.00 Y:0.00 W:0.00 H:0.00 M[0.0 0.0 28.3 0.0] P[0.0 0.0 0.0 0.0] B[0.0 0.0 0.0 0.0] "For successfully completing the compr..."
      INLINE [br] INLINE X:0.00 Y:0.00 W:0.00 H:0.00 M[0.0 0.0 0.0 0.0] P[0.0 0.0 0.0 0.0] B[0.0 0.0 0.0 0.0] "\\n"
      INLINE [br] INLINE X:0.00 Y:0.00 W:0.00 H:0.00 M[0.0 0.0 0.0 0.0] P[0.0 0.0 0.0 0.0] B[0.0 0.0 0.0 0.0] "\\n"
      INLINE [span] INLINE X:0.00 Y:0.00 W:0.00 H:0.00 M[0.0 0.0 0.0 0.0] P[0.0 0.0 0.0 0.0] B[0.0 0.0 0.0 0.0]
        TEXT [text-node] X:0.00 Y:0.00 W:0.00 H:0.00 M[0.0 0.0 0.0 0.0] P[0.0 0.0 0.0 0.0] B[0.0 0.0 0.0 0.0] "PDFML Advanced Document Engineering"
    TABLE [table] X:0.00 Y:0.00 W:317.48 H:90.02 M[85.0 0.0 0.0 0.0] P[0.0 0.0 0.0 0.0] B[0.0 0.0 0.0 0.0]
      ROW [tr] X:0.00 Y:0.00 W:317.48 H:90.02 M[0.0 0.0 0.0 0.0] P[0.0 0.0 0.0 0.0] B[0.0 0.0 0.0 0.0]
        CELL [td] X:0.00 Y:0.00 W:158.74 H:61.67 M[0.0 0.0 0.0 0.0] P[14.2 14.2 14.2 14.2] B[0.0 0.0 0.0 0.0]
          BLOCK [p] X:0.00 Y:0.00 W:130.40 H:12.00 M[0.0 0.0 8.0 0.0] P[0.0 0.0 0.0 0.0] B[0.0 0.0 0.0 0.0]
            [RUN 0] "May"
            [RUN 1] " "
            [RUN 2] "15,"
            [RUN 3] " "
            [RUN 4] "2026"
            [RUN 5] "\\n"
            TEXT [text-node] X:0.00 Y:0.00 W:0.00 H:0.00 M[0.0 0.0 8.0 0.0] P[0.0 0.0 0.0 0.0] B[0.0 0.0 0.0 0.0] "May 15, 2026"
          BLOCK [p] X:0.00 Y:0.00 W:130.40 H:12.00 M[0.0 0.0 8.0 0.0] P[5.7 0.0 0.0 0.0] B[0.0 0.0 0.0 0.0]
            [RUN 0] "Date"
            [RUN 1] "\\n"
            TEXT [text-node] X:0.00 Y:0.00 W:0.00 H:0.00 M[0.0 0.0 8.0 0.0] P[5.7 0.0 0.0 0.0] B[0.0 0.0 0.0 0.0] "Date"
        CELL [td] X:0.00 Y:0.00 W:158.74 H:61.67 M[0.0 0.0 0.0 0.0] P[14.2 14.2 14.2 14.2] B[0.0 0.0 0.0 0.0]
          BLOCK [p] X:0.00 Y:0.00 W:130.40 H:12.00 M[0.0 0.0 8.0 0.0] P[0.0 0.0 0.0 0.0] B[0.0 0.0 0.0 0.0]
            [RUN 0] "Director"
            [RUN 1] "\\n"
            INLINE [em] INLINE X:0.00 Y:0.00 W:0.00 H:0.00 M[0.0 0.0 0.0 0.0] P[0.0 0.0 0.0 0.0] B[0.0 0.0 0.0 0.0]
              TEXT [text-node] X:0.00 Y:0.00 W:0.00 H:0.00 M[0.0 0.0 0.0 0.0] P[0.0 0.0 0.0 0.0] B[0.0 0.0 0.0 0.0] "Director"
          BLOCK [p] X:0.00 Y:0.00 W:130.40 H:12.00 M[0.0 0.0 8.0 0.0] P[5.7 0.0 0.0 0.0] B[0.0 0.0 0.0 0.0]
            [RUN 0] "Program"
            [RUN 1] " "
            [RUN 2] "Director"
            [RUN 3] "\\n"
            TEXT [text-node] X:0.00 Y:0.00 W:0.00 H:0.00 M[0.0 0.0 8.0 0.0] P[5.7 0.0 0.0 0.0] B[0.0 0.0 0.0 0.0] "Program Director"
