
--- Page 1 [595.28x841.89] ---
[BODY]
  BLOCK [h1] X:56.69 Y:70.69 W:481.89 H:36.00 M[14.0 0.0 15.0 0.0] P[0.0 0.0 5.0 0.0] B[0.0 0.0 0.0 0.0]
    [RUN 0] "M4:"
    [RUN 1] " "
    [RUN 2] "CSS"
    [RUN 3] " "
    [RUN 4] "Completeness"
    [RUN 5] " "
    [RUN 6] "Demo"
    [RUN 7] "\\n"
    TEXT [text-node] X:0.00 Y:0.00 W:0.00 H:0.00 M[14.0 0.0 15.0 0.0] P[0.0 0.0 5.0 0.0] B[0.0 0.0 0.0 0.0] "M4: CSS Completeness Demo"
  BLOCK [p] X:56.69 Y:126.69 W:481.89 H:16.50 M[0.0 0.0 8.0 0.0] P[0.0 0.0 0.0 0.0] B[0.0 0.0 0.0 0.0]
    [RUN 0] "This"
    [RUN 1] " "
    [RUN 2] "document"
    [RUN 3] " "
    [RUN 4] "tests"
    [RUN 5] " "
    [RUN 6] "the"
    [RUN 7] " "
    [RUN 8] "CSS"
    [RUN 9] " "
    [RUN 10] "features"
    [RUN 11] " "
    [RUN 12] "implemented"
    [RUN 13] " "
    [RUN 14] "in"
    [RUN 15] " "
    [RUN 16] "Milestone"
    [RUN 17] " "
    [RUN 18] "4."
    [RUN 19] "\\n"
    TEXT [text-node] X:0.00 Y:0.00 W:0.00 H:0.00 M[0.0 0.0 8.0 0.0] P[0.0 0.0 0.0 0.0] B[0.0 0.0 0.0 0.0] "This document tests the CSS features ..."
  BLOCK [h2] X:56.69 Y:171.19 W:481.89 H:24.00 M[20.0 0.0 10.0 0.0] P[0.0 0.0 0.0 0.0] B[0.0 0.0 0.0 0.0]
    [RUN 0] "1."
    [RUN 1] " "
    [RUN 2] "Pseudo-classes"
    [RUN 3] " "
    [RUN 4] "&"
    [RUN 5] " "
    [RUN 6] "Border"
    [RUN 7] " "
    [RUN 8] "Shorthand"
    [RUN 9] "\\n"
    TEXT [text-node] X:0.00 Y:0.00 W:0.00 H:0.00 M[20.0 0.0 10.0 0.0] P[0.0 0.0 0.0 0.0] B[0.0 0.0 0.0 0.0] "1. Pseudo-classes & Border Shorthand"
  BLOCK [p] X:56.69 Y:205.19 W:481.89 H:49.50 M[0.0 0.0 8.0 0.0] P[0.0 0.0 0.0 0.0] B[0.0 0.0 0.0 0.0]
    [RUN 0] "Below"
    [RUN 1] " "
    [RUN 2] "is"
    [RUN 3] " "
    [RUN 4] "a"
    [RUN 5] " "
    [RUN 6] "list"
    [RUN 7] " "
    [RUN 8] "of"
    [RUN 9] " "
    [RUN 10] "items."
    [RUN 11] " "
    [RUN 12] "The"
    [RUN 13] " "
    [RUN 14] "CSS"
    [RUN 15] " "
    [RUN 16] "uses"
    [RUN 17] " "
    [RUN 18] ":nth-child(even)"
    [RUN 19] " "
    [RUN 20] "for"
    [RUN 21] " "
    [RUN 22] "alternating"
    [RUN 23] " "
    [RUN 24] "backgrounds,"
    [RUN 25] " "
    [RUN 26] ":first-child"
    [RUN 27] " "
    [RUN 28] "for"
    [RUN 29] " "
    [RUN 30] "a"
    [RUN 31] "\\n"
    [RUN 32] "thick"
    [RUN 33] " "
    [RUN 34] "green"
    [RUN 35] " "
    [RUN 36] "top"
    [RUN 37] " "
    [RUN 38] "border,"
    [RUN 39] " "
    [RUN 40] "and"
    [RUN 41] " "
    [RUN 42] ":last-child"
    [RUN 43] " "
    [RUN 44] "for"
    [RUN 45] " "
    [RUN 46] "a"
    [RUN 47] " "
    [RUN 48] "thick"
    [RUN 49] " "
    [RUN 50] "red"
    [RUN 51] " "
    [RUN 52] "bottom"
    [RUN 53] " "
    [RUN 54] "border."
    [RUN 55] " "
    [RUN 56] "They"
    [RUN 57] " "
    [RUN 58] "all"
    [RUN 59] " "
    [RUN 60] "use"
    [RUN 61] " "
    [RUN 62] "the"
    [RUN 63] " "
    [RUN 64] "border:"
    [RUN 65] " "
    [RUN 66] "1pt"
    [RUN 67] "\\n"
    [RUN 68] "solid"
    [RUN 69] " "
    [RUN 70] "#ccc"
    [RUN 71] " "
    [RUN 72] "shorthand."
    [RUN 73] "\\n"
    TEXT [text-node] X:0.00 Y:0.00 W:0.00 H:0.00 M[0.0 0.0 8.0 0.0] P[0.0 0.0 0.0 0.0] B[0.0 0.0 0.0 0.0] "Below is a list of items. The CSS uses "
    INLINE [code] INLINE X:0.00 Y:0.00 W:0.00 H:0.00 M[0.0 0.0 0.0 0.0] P[0.0 0.0 0.0 0.0] B[0.0 0.0 0.0 0.0]
      TEXT [text-node] X:0.00 Y:0.00 W:0.00 H:0.00 M[0.0 0.0 0.0 0.0] P[0.0 0.0 0.0 0.0] B[0.0 0.0 0.0 0.0] ":nth-child(even)"
    TEXT [text-node] X:0.00 Y:0.00 W:0.00 H:0.00 M[0.0 0.0 8.0 0.0] P[0.0 0.0 0.0 0.0] B[0.0 0.0 0.0 0.0] " for alternating backgrounds, "
    INLINE [code] INLINE X:0.00 Y:0.00 W:0.00 H:0.00 M[0.0 0.0 0.0 0.0] P[0.0 0.0 0.0 0.0] B[0.0 0.0 0.0 0.0]
      TEXT [text-node] X:0.00 Y:0.00 W:0.00 H:0.00 M[0.0 0.0 0.0 0.0] P[0.0 0.0 0.0 0.0] B[0.0 0.0 0.0 0.0] ":first-child"
    TEXT [text-node] X:0.00 Y:0.00 W:0.00 H:0.00 M[0.0 0.0 8.0 0.0] P[0.0 0.0 0.0 0.0] B[0.0 0.0 0.0 0.0] " for a thick green top border, and "
    INLINE [code] INLINE X:0.00 Y:0.00 W:0.00 H:0.00 M[0.0 0.0 0.0 0.0] P[0.0 0.0 0.0 0.0] B[0.0 0.0 0.0 0.0]
      TEXT [text-node] X:0.00 Y:0.00 W:0.00 H:0.00 M[0.0 0.0 0.0 0.0] P[0.0 0.0 0.0 0.0] B[0.0 0.0 0.0 0.0] ":last-child"
    TEXT [text-node] X:0.00 Y:0.00 W:0.00 H:0.00 M[0.0 0.0 8.0 0.0] P[0.0 0.0 0.0 0.0] B[0.0 0.0 0.0 0.0] " for a thick red bottom border. They ..."
    INLINE [code] INLINE X:0.00 Y:0.00 W:0.00 H:0.00 M[0.0 0.0 0.0 0.0] P[0.0 0.0 0.0 0.0] B[0.0 0.0 0.0 0.0]
      TEXT [text-node] X:0.00 Y:0.00 W:0.00 H:0.00 M[0.0 0.0 0.0 0.0] P[0.0 0.0 0.0 0.0] B[0.0 0.0 0.0 0.0] "border: 1pt solid #ccc"
    TEXT [text-node] X:0.00 Y:0.00 W:0.00 H:0.00 M[0.0 0.0 8.0 0.0] P[0.0 0.0 0.0 0.0] B[0.0 0.0 0.0 0.0] " shorthand."
  BLOCK [div] X:56.69 Y:262.69 W:481.89 H:230.50 M[0.0 0.0 0.0 0.0] P[0.0 0.0 0.0 0.0] B[0.0 0.0 0.0 0.0]
    BLOCK [div] X:0.00 Y:0.00 W:481.89 H:16.50 M[0.0 0.0 4.0 0.0] P[8.0 8.0 8.0 8.0] B[3.0 0.0 0.0 0.0]
      [RUN 0] "Item"
      [RUN 1] " "
      [RUN 2] "1"
      [RUN 3] " "
      [RUN 4] "(First"
      [RUN 5] " "
      [RUN 6] "Child)"
      [RUN 7] "\\n"
      TEXT [text-node] X:0.00 Y:0.00 W:0.00 H:0.00 M[0.0 0.0 4.0 0.0] P[8.0 8.0 8.0 8.0] B[3.0 0.0 0.0 0.0] "Item 1 (First Child)"
    BLOCK [div] X:0.00 Y:0.00 W:481.89 H:16.50 M[0.0 0.0 4.0 0.0] P[8.0 8.0 8.0 8.0] B[0.0 0.0 0.0 0.0]
      [RUN 0] "Item"
      [RUN 1] " "
      [RUN 2] "2"
      [RUN 3] " "
      [RUN 4] "(Even)"
      [RUN 5] "\\n"
      TEXT [text-node] X:0.00 Y:0.00 W:0.00 H:0.00 M[0.0 0.0 4.0 0.0] P[8.0 8.0 8.0 8.0] B[0.0 0.0 0.0 0.0] "Item 2 (Even)"
    BLOCK [div] X:0.00 Y:0.00 W:481.89 H:16.50 M[0.0 0.0 4.0 0.0] P[8.0 8.0 8.0 8.0] B[0.0 0.0 0.0 0.0]
      [RUN 0] "Item"
      [RUN 1] " "
      [RUN 2] "3"
      [RUN 3] " "
      [RUN 4] "(Odd)"
      [RUN 5] "\\n"
      TEXT [text-node] X:0.00 Y:0.00 W:0.00 H:0.00 M[0.0 0.0 4.0 0.0] P[8.0 8.0 8.0 8.0] B[0.0 0.0 0.0 0.0] "Item 3 (Odd)"
    BLOCK [div] X:0.00 Y:0.00 W:481.89 H:16.50 M[0.0 0.0 4.0 0.0] P[8.0 8.0 8.0 8.0] B[0.0 0.0 0.0 0.0]
      [RUN 0] "Item"
      [RUN 1] " "
      [RUN 2] "4"
      [RUN 3] " "
      [RUN 4] "(Even)"
      [RUN 5] "\\n"
      TEXT [text-node] X:0.00 Y:0.00 W:0.00 H:0.00 M[0.0 0.0 4.0 0.0] P[8.0 8.0 8.0 8.0] B[0.0 0.0 0.0 0.0] "Item 4 (Even)"
    BLOCK [div] X:0.00 Y:0.00 W:481.89 H:16.50 M[0.0 0.0 15.0 0.0] P[8.0 8.0 8.0 8.0] B[0.0 0.0 3.0 0.0]
      [RUN 0] "Item"
      [RUN 1] " "
      [RUN 2] "5"
      [RUN 3] " "
      [RUN 4] "(Last"
      [RUN 5] " "
      [RUN 6] "Child)"
      [RUN 7] "\\n"
      TEXT [text-node] X:0.00 Y:0.00 W:0.00 H:0.00 M[0.0 0.0 15.0 0.0] P[8.0 8.0 8.0 8.0] B[0.0 0.0 3.0 0.0] "Item 5 (Last Child)"
  BLOCK [h2] X:56.69 Y:513.19 W:481.89 H:24.00 M[20.0 0.0 10.0 0.0] P[0.0 0.0 0.0 0.0] B[0.0 0.0 0.0 0.0]
    [RUN 0] "2."
    [RUN 1] " "
    [RUN 2] "Opacity"
    [RUN 3] "\\n"
    TEXT [text-node] X:0.00 Y:0.00 W:0.00 H:0.00 M[20.0 0.0 10.0 0.0] P[0.0 0.0 0.0 0.0] B[0.0 0.0 0.0 0.0] "2. Opacity"
  BLOCK [p] X:56.69 Y:547.19 W:481.89 H:33.00 M[0.0 0.0 8.0 0.0] P[0.0 0.0 0.0 0.0] B[0.0 0.0 0.0 0.0]
    [RUN 0] "The"
    [RUN 1] " "
    [RUN 2] "boxes"
    [RUN 3] " "
    [RUN 4] "below"
    [RUN 5] " "
    [RUN 6] "test"
    [RUN 7] " "
    [RUN 8] "the"
    [RUN 9] " "
    [RUN 10] "opacity"
    [RUN 11] " "
    [RUN 12] "property,"
    [RUN 13] " "
    [RUN 14] "which"
    [RUN 15] " "
    [RUN 16] "applies"
    [RUN 17] " "
    [RUN 18] "gopdf"
    [RUN 19] " "
    [RUN 20] "transparency"
    [RUN 21] " "
    [RUN 22] "to"
    [RUN 23] " "
    [RUN 24] "the"
    [RUN 25] " "
    [RUN 26] "box"
    [RUN 27] " "
    [RUN 28] "and"
    [RUN 29] " "
    [RUN 30] "its"
    [RUN 31] "\\n"
    [RUN 32] "text."
    [RUN 33] "\\n"
    TEXT [text-node] X:0.00 Y:0.00 W:0.00 H:0.00 M[0.0 0.0 8.0 0.0] P[0.0 0.0 0.0 0.0] B[0.0 0.0 0.0 0.0] "The boxes below test the "
    INLINE [code] INLINE X:0.00 Y:0.00 W:0.00 H:0.00 M[0.0 0.0 0.0 0.0] P[0.0 0.0 0.0 0.0] B[0.0 0.0 0.0 0.0]
      TEXT [text-node] X:0.00 Y:0.00 W:0.00 H:0.00 M[0.0 0.0 0.0 0.0] P[0.0 0.0 0.0 0.0] B[0.0 0.0 0.0 0.0] "opacity"
    TEXT [text-node] X:0.00 Y:0.00 W:0.00 H:0.00 M[0.0 0.0 8.0 0.0] P[0.0 0.0 0.0 0.0] B[0.0 0.0 0.0 0.0] " property, which applies gopdf transp..."

--- Page 2 [595.28x841.89] ---
[BODY]
  BLOCK [div] X:56.69 Y:56.69 W:481.89 H:186.00 M[0.0 0.0 15.0 0.0] P[15.0 15.0 15.0 15.0] B[0.0 0.0 0.0 0.0]
    BLOCK [div] X:0.00 Y:0.00 W:451.89 H:16.50 M[0.0 0.0 5.0 0.0] P[10.0 10.0 10.0 10.0] B[0.0 0.0 0.0 0.0]
      [RUN 0] "Opacity"
      [RUN 1] " "
      [RUN 2] "1.0"
      [RUN 3] " "
      [RUN 4] "(100%)"
      [RUN 5] "\\n"
      TEXT [text-node] X:0.00 Y:0.00 W:0.00 H:0.00 M[0.0 0.0 5.0 0.0] P[10.0 10.0 10.0 10.0] B[0.0 0.0 0.0 0.0] "Opacity 1.0 (100%)"
    BLOCK [div] X:0.00 Y:0.00 W:451.89 H:16.50 M[0.0 0.0 5.0 0.0] P[10.0 10.0 10.0 10.0] B[0.0 0.0 0.0 0.0]
      [RUN 0] "Opacity"
      [RUN 1] " "
      [RUN 2] "0.75"
      [RUN 3] " "
      [RUN 4] "(75%)"
      [RUN 5] "\\n"
      TEXT [text-node] X:0.00 Y:0.00 W:0.00 H:0.00 M[0.0 0.0 5.0 0.0] P[10.0 10.0 10.0 10.0] B[0.0 0.0 0.0 0.0] "Opacity 0.75 (75%)"
    BLOCK [div] X:0.00 Y:0.00 W:451.89 H:16.50 M[0.0 0.0 5.0 0.0] P[10.0 10.0 10.0 10.0] B[0.0 0.0 0.0 0.0]
      [RUN 0] "Opacity"
      [RUN 1] " "
      [RUN 2] "0.50"
      [RUN 3] " "
      [RUN 4] "(50%)"
      [RUN 5] "\\n"
      TEXT [text-node] X:0.00 Y:0.00 W:0.00 H:0.00 M[0.0 0.0 5.0 0.0] P[10.0 10.0 10.0 10.0] B[0.0 0.0 0.0 0.0] "Opacity 0.50 (50%)"
    BLOCK [div] X:0.00 Y:0.00 W:451.89 H:16.50 M[0.0 0.0 5.0 0.0] P[10.0 10.0 10.0 10.0] B[0.0 0.0 0.0 0.0]
      [RUN 0] "Opacity"
      [RUN 1] " "
      [RUN 2] "0.25"
      [RUN 3] " "
      [RUN 4] "(25%)"
      [RUN 5] "\\n"
      TEXT [text-node] X:0.00 Y:0.00 W:0.00 H:0.00 M[0.0 0.0 5.0 0.0] P[10.0 10.0 10.0 10.0] B[0.0 0.0 0.0 0.0] "Opacity 0.25 (25%)"
  BLOCK [h2] X:56.69 Y:307.69 W:481.89 H:24.00 M[20.0 0.0 10.0 0.0] P[0.0 0.0 0.0 0.0] B[0.0 0.0 0.0 0.0]
    [RUN 0] "3."
    [RUN 1] " "
    [RUN 2] "Min-Height"
    [RUN 3] " "
    [RUN 4] "&"
    [RUN 5] " "
    [RUN 6] "Max-Height"
    [RUN 7] "\\n"
    TEXT [text-node] X:0.00 Y:0.00 W:0.00 H:0.00 M[20.0 0.0 10.0 0.0] P[0.0 0.0 0.0 0.0] B[0.0 0.0 0.0 0.0] "3. Min-Height & Max-Height"
  BLOCK [div] X:56.69 Y:341.69 W:481.89 H:185.50 M[0.0 0.0 0.0 0.0] P[0.0 0.0 0.0 0.0] B[0.0 0.0 0.0 0.0]
    BLOCK [div] X:0.00 Y:0.00 W:481.89 H:65.50 M[0.0 0.0 10.0 0.0] P[10.0 10.0 10.0 10.0] B[0.0 0.0 0.0 0.0]
      INLINE [strong] INLINE X:0.00 Y:0.00 W:461.89 H:16.50 M[0.0 0.0 0.0 0.0] P[0.0 0.0 0.0 0.0] B[0.0 0.0 0.0 0.0]
        [RUN 0] "min-height:"
        [RUN 1] " "
        [RUN 2] "60pt"
        [RUN 3] "\\n"
        TEXT [text-node] X:0.00 Y:0.00 W:0.00 H:0.00 M[0.0 0.0 0.0 0.0] P[0.0 0.0 0.0 0.0] B[0.0 0.0 0.0 0.0] "min-height: 60pt"
      BLOCK [p] X:0.00 Y:0.00 W:461.89 H:33.00 M[0.0 0.0 8.0 0.0] P[0.0 0.0 0.0 0.0] B[0.0 0.0 0.0 0.0]
        [RUN 0] "This"
        [RUN 1] " "
        [RUN 2] "box"
        [RUN 3] " "
        [RUN 4] "has"
        [RUN 5] " "
        [RUN 6] "very"
        [RUN 7] " "
        [RUN 8] "little"
        [RUN 9] " "
        [RUN 10] "text,"
        [RUN 11] " "
        [RUN 12] "but"
        [RUN 13] " "
        [RUN 14] "it"
        [RUN 15] " "
        [RUN 16] "is"
        [RUN 17] " "
        [RUN 18] "forced"
        [RUN 19] " "
        [RUN 20] "to"
        [RUN 21] " "
        [RUN 22] "be"
        [RUN 23] " "
        [RUN 24] "at"
        [RUN 25] " "
        [RUN 26] "least"
        [RUN 27] " "
        [RUN 28] "60pt"
        [RUN 29] " "
        [RUN 30] "tall"
        [RUN 31] " "
        [RUN 32] "by"
        [RUN 33] " "
        [RUN 34] "the"
        [RUN 35] " "
        [RUN 36] "CSS"
        [RUN 37] " "
        [RUN 38] "min-height"
        [RUN 39] "\\n"
        [RUN 40] "property."
        [RUN 41] "\\n"
        TEXT [text-node] X:0.00 Y:0.00 W:0.00 H:0.00 M[0.0 0.0 8.0 0.0] P[0.0 0.0 0.0 0.0] B[0.0 0.0 0.0 0.0] "This box has very little text, but it..."
    BLOCK [div] X:0.00 Y:0.00 W:481.89 H:40.00 M[0.0 0.0 10.0 0.0] P[10.0 10.0 10.0 10.0] B[0.0 0.0 0.0 0.0]
      INLINE [strong] INLINE X:0.00 Y:0.00 W:461.89 H:16.50 M[0.0 0.0 0.0 0.0] P[0.0 0.0 0.0 0.0] B[0.0 0.0 0.0 0.0]
        [RUN 0] "max-height:"
        [RUN 1] " "
        [RUN 2] "40pt;"
        [RUN 3] " "
        [RUN 4] "overflow:"
        [RUN 5] " "
        [RUN 6] "hidden;"
        [RUN 7] "\\n"
        TEXT [text-node] X:0.00 Y:0.00 W:0.00 H:0.00 M[0.0 0.0 0.0 0.0] P[0.0 0.0 0.0 0.0] B[0.0 0.0 0.0 0.0] "max-height: 40pt; overflow: hidden;"
      BLOCK [p] X:0.00 Y:0.00 W:461.89 H:66.00 M[0.0 0.0 8.0 0.0] P[0.0 0.0 0.0 0.0] B[0.0 0.0 0.0 0.0]
        [RUN 0] "This"
        [RUN 1] " "
        [RUN 2] "box"
        [RUN 3] " "
        [RUN 4] "has"
        [RUN 5] " "
        [RUN 6] "a"
        [RUN 7] " "
        [RUN 8] "lot"
        [RUN 9] " "
        [RUN 10] "of"
        [RUN 11] " "
        [RUN 12] "text."
        [RUN 13] " "
        [RUN 14] "So"
        [RUN 15] " "
        [RUN 16] "much"
        [RUN 17] " "
        [RUN 18] "text"
        [RUN 19] " "
        [RUN 20] "that"
        [RUN 21] " "
        [RUN 22] "it"
        [RUN 23] " "
        [RUN 24] "will"
        [RUN 25] " "
        [RUN 26] "definitely"
        [RUN 27] " "
        [RUN 28] "exceed"
        [RUN 29] " "
        [RUN 30] "the"
        [RUN 31] " "
        [RUN 32] "40pt"
        [RUN 33] " "
        [RUN 34] "maximum"
        [RUN 35] " "
        [RUN 36] "height"
        [RUN 37] "\\n"
        [RUN 38] "set"
        [RUN 39] " "
        [RUN 40] "by"
        [RUN 41] " "
        [RUN 42] "the"
        [RUN 43] " "
        [RUN 44] "CSS."
        [RUN 45] " "
        [RUN 46] "Because"
        [RUN 47] " "
        [RUN 48] "overflow"
        [RUN 49] " "
        [RUN 50] "is"
        [RUN 51] " "
        [RUN 52] "set"
        [RUN 53] " "
        [RUN 54] "to"
        [RUN 55] " "
        [RUN 56] "hidden,"
        [RUN 57] " "
        [RUN 58] "the"
        [RUN 59] " "
        [RUN 60] "rendering"
        [RUN 61] " "
        [RUN 62] "engine"
        [RUN 63] " "
        [RUN 64] "will"
        [RUN 65] " "
        [RUN 66] "clip"
        [RUN 67] " "
        [RUN 68] "the"
        [RUN 69] " "
        [RUN 70] "content"
        [RUN 71] " "
        [RUN 72] "at"
        [RUN 73] "\\n"
        [RUN 74] "the"
        [RUN 75] " "
        [RUN 76] "bounds"
        [RUN 77] " "
        [RUN 78] "of"
        [RUN 79] " "
        [RUN 80] "the"
        [RUN 81] " "
        [RUN 82] "box,"
        [RUN 83] " "
        [RUN 84] "and"
        [RUN 85] " "
        [RUN 86] "you"
        [RUN 87] " "
        [RUN 88] "won't"
        [RUN 89] " "
        [RUN 90] "see"
        [RUN 91] " "
        [RUN 92] "the"
        [RUN 93] " "
        [RUN 94] "text"
        [RUN 95] " "
        [RUN 96] "spilling"
        [RUN 97] " "
        [RUN 98] "out"
        [RUN 99] " "
        [RUN 100] "of"
        [RUN 101] " "
        [RUN 102] "the"
        [RUN 103] " "
        [RUN 104] "bottom"
        [RUN 105] " "
        [RUN 106] "of"
        [RUN 107] " "
        [RUN 108] "the"
        [RUN 109] " "
        [RUN 110] "purple"
        [RUN 111] " "
        [RUN 112] "area."
        [RUN 113] "\\n"
        [RUN 114] "Here"
        [RUN 115] " "
        [RUN 116] "is"
        [RUN 117] " "
        [RUN 118] "some"
        [RUN 119] " "
        [RUN 120] "more"
        [RUN 121] " "
        [RUN 122] "text"
        [RUN 123] " "
        [RUN 124] "to"
        [RUN 125] " "
        [RUN 126] "ensure"
        [RUN 127] " "
        [RUN 128] "it"
        [RUN 129] " "
        [RUN 130] "overflows."
        [RUN 131] "\\n"
        TEXT [text-node] X:0.00 Y:0.00 W:0.00 H:0.00 M[0.0 0.0 8.0 0.0] P[0.0 0.0 0.0 0.0] B[0.0 0.0 0.0 0.0] "This box has a lot of text. So much t..."
  BLOCK [h2] X:56.69 Y:547.19 W:481.89 H:24.00 M[20.0 0.0 10.0 0.0] P[0.0 0.0 0.0 0.0] B[0.0 0.0 0.0 0.0]
    [RUN 0] "4."
    [RUN 1] " "
    [RUN 2] "Background"
    [RUN 3] " "
    [RUN 4] "Image"
    [RUN 5] "\\n"
    TEXT [text-node] X:0.00 Y:0.00 W:0.00 H:0.00 M[20.0 0.0 10.0 0.0] P[0.0 0.0 0.0 0.0] B[0.0 0.0 0.0 0.0] "4. Background Image"
  BLOCK [p] X:56.69 Y:581.19 W:481.89 H:16.50 M[0.0 0.0 8.0 0.0] P[0.0 0.0 0.0 0.0] B[0.0 0.0 0.0 0.0]
    [RUN 0] "The"
    [RUN 1] " "
    [RUN 2] "box"
    [RUN 3] " "
    [RUN 4] "below"
    [RUN 5] " "
    [RUN 6] "uses"
    [RUN 7] " "
    [RUN 8] "background-image:"
    [RUN 9] " "
    [RUN 10] "url(\"pattern.png\")"
    [RUN 11] " "
    [RUN 12] "to"
    [RUN 13] " "
    [RUN 14] "draw"
    [RUN 15] " "
    [RUN 16] "an"
    [RUN 17] " "
    [RUN 18] "image"
    [RUN 19] " "
    [RUN 20] "behind"
    [RUN 21] " "
    [RUN 22] "the"
    [RUN 23] " "
    [RUN 24] "content."
    [RUN 25] "\\n"
    TEXT [text-node] X:0.00 Y:0.00 W:0.00 H:0.00 M[0.0 0.0 8.0 0.0] P[0.0 0.0 0.0 0.0] B[0.0 0.0 0.0 0.0] "The box below uses "
    INLINE [code] INLINE X:0.00 Y:0.00 W:0.00 H:0.00 M[0.0 0.0 0.0 0.0] P[0.0 0.0 0.0 0.0] B[0.0 0.0 0.0 0.0]
      TEXT [text-node] X:0.00 Y:0.00 W:0.00 H:0.00 M[0.0 0.0 0.0 0.0] P[0.0 0.0 0.0 0.0] B[0.0 0.0 0.0 0.0] "background-image: url(\"pattern.png\")"
    TEXT [text-node] X:0.00 Y:0.00 W:0.00 H:0.00 M[0.0 0.0 8.0 0.0] P[0.0 0.0 0.0 0.0] B[0.0 0.0 0.0 0.0] " to draw an image behind the content."
  BLOCK [div] X:56.69 Y:605.69 W:481.89 H:21.00 M[0.0 0.0 15.0 0.0] P[0.0 0.0 0.0 0.0] B[0.0 0.0 0.0 0.0]
    [RUN 0] "Content"
    [RUN 1] " "
    [RUN 2] "over"
    [RUN 3] " "
    [RUN 4] "Background"
    [RUN 5] " "
    [RUN 6] "Image"
    [RUN 7] "\\n"
    INLINE [h3] INLINE X:0.00 Y:0.00 W:0.00 H:0.00 M[10.0 0.0 10.0 0.0] P[10.0 10.0 10.0 10.0] B[0.0 0.0 0.0 0.0]
      TEXT [text-node] X:0.00 Y:0.00 W:0.00 H:0.00 M[10.0 0.0 10.0 0.0] P[10.0 10.0 10.0 10.0] B[0.0 0.0 0.0 0.0] "Content over Background Image"
  BLOCK [p] X:56.69 Y:641.69 W:481.89 H:16.50 M[0.0 0.0 8.0 0.0] P[0.0 0.0 0.0 0.0] B[0.0 0.0 0.0 0.0]
    [RUN 0] "End"
    [RUN 1] " "
    [RUN 2] "of"
    [RUN 3] " "
    [RUN 4] "test"
    [RUN 5] " "
    [RUN 6] "document."
    [RUN 7] "\\n"
    TEXT [text-node] X:0.00 Y:0.00 W:0.00 H:0.00 M[0.0 0.0 8.0 0.0] P[0.0 0.0 0.0 0.0] B[0.0 0.0 0.0 0.0] "End of test document."
