
--- Page 1 [595.28x841.89] ---
[HEADER] AbsY:0.00
  BLOCK [first-header] X:0.00 Y:0.00 W:481.89 H:112.80 M[0.0 0.0 12.0 0.0] P[0.0 0.0 8.0 0.0] B[0.0 0.0 0.0 0.0]
    BLOCK [h1] X:0.00 Y:0.00 W:481.89 H:30.80 M[14.0 0.0 12.0 0.0] P[0.0 0.0 0.0 0.0] B[0.0 0.0 0.0 0.0]
      [RUN 0] "PDFML"
      [RUN 1] " "
      [RUN 2] "—"
      [RUN 3] " "
      [RUN 4] "M3"
      [RUN 5] " "
      [RUN 6] "Pagination"
      [RUN 7] " "
      [RUN 8] "Demo"
      [RUN 9] "\\n"
      TEXT [text-node] X:0.00 Y:0.00 W:0.00 H:0.00 M[14.0 0.0 12.0 0.0] P[0.0 0.0 0.0 0.0] B[0.0 0.0 0.0 0.0] "PDFML — M3 Pagination Demo"
    BLOCK [p] X:0.00 Y:0.00 W:481.89 H:28.00 M[0.0 0.0 8.0 0.0] P[0.0 0.0 0.0 0.0] B[0.0 0.0 0.0 0.0]
      [RUN 0] "This"
      [RUN 1] " "
      [RUN 2] "document"
      [RUN 3] " "
      [RUN 4] "demonstrates"
      [RUN 5] " "
      [RUN 6] "CSS"
      [RUN 7] " "
      [RUN 8] "page-break"
      [RUN 9] " "
      [RUN 10] "control,"
      [RUN 11] " "
      [RUN 12] "orphans/widows,"
      [RUN 13] " "
      [RUN 14] "and"
      [RUN 15] " "
      [RUN 16] "differentiated"
      [RUN 17] " "
      [RUN 18] "first-page"
      [RUN 19] "\\n"
      [RUN 20] "headers."
      [RUN 21] "\\n"
      INLINE [em] INLINE X:0.00 Y:0.00 W:0.00 H:0.00 M[0.0 0.0 0.0 0.0] P[0.0 0.0 0.0 0.0] B[0.0 0.0 0.0 0.0]
        TEXT [text-node] X:0.00 Y:0.00 W:0.00 H:0.00 M[0.0 0.0 0.0 0.0] P[0.0 0.0 0.0 0.0] B[0.0 0.0 0.0 0.0] "This document demonstrates CSS page-b..."
[FOOTER] AbsY:0.00
  BLOCK [page-footer] X:0.00 Y:0.00 W:481.89 H:27.20 M[0.0 0.0 0.0 0.0] P[4.0 0.0 0.0 0.0] B[0.0 0.0 0.0 0.0]
    BLOCK [p] X:0.00 Y:0.00 W:481.89 H:11.20 M[0.0 0.0 8.0 0.0] P[0.0 0.0 0.0 0.0] B[0.0 0.0 0.0 0.0]
      [RUN 0] "Page"
      [RUN 1] " "
      [RUN 2] "{{PAGE}}"
      [RUN 3] " "
      [RUN 4] "of"
      [RUN 5] " "
      [RUN 6] "{{PAGES}}"
      [RUN 7] " "
      [RUN 8] "—"
      [RUN 9] " "
      [RUN 10] "Generated"
      [RUN 11] " "
      [RUN 12] "by"
      [RUN 13] " "
      [RUN 14] "papyrus"
      [RUN 15] "\\n"
      TEXT [text-node] X:0.00 Y:0.00 W:0.00 H:0.00 M[0.0 0.0 8.0 0.0] P[0.0 0.0 0.0 0.0] B[0.0 0.0 0.0 0.0] "Page "
      INLINE [page-number] INLINE X:0.00 Y:0.00 W:0.00 H:0.00 M[0.0 0.0 0.0 0.0] P[0.0 0.0 0.0 0.0] B[0.0 0.0 0.0 0.0] "{{PAGE}}"
      TEXT [text-node] X:0.00 Y:0.00 W:0.00 H:0.00 M[0.0 0.0 8.0 0.0] P[0.0 0.0 0.0 0.0] B[0.0 0.0 0.0 0.0] " of "
      INLINE [page-count] INLINE X:0.00 Y:0.00 W:0.00 H:0.00 M[0.0 0.0 0.0 0.0] P[0.0 0.0 0.0 0.0] B[0.0 0.0 0.0 0.0] "{{PAGES}}"
      TEXT [text-node] X:0.00 Y:0.00 W:0.00 H:0.00 M[0.0 0.0 8.0 0.0] P[0.0 0.0 0.0 0.0] B[0.0 0.0 0.0 0.0] " — Generated by papyrus"
[BODY]
  BLOCK [main] X:56.69 Y:189.49 W:481.89 H:2481.00 M[0.0 0.0 8.0 0.0] P[0.0 0.0 0.0 0.0] B[0.0 0.0 0.0 0.0]
    BLOCK [h2] X:0.00 Y:0.00 W:481.89 H:22.40 M[20.0 0.0 10.0 0.0] P[0.0 0.0 0.0 0.0] B[0.0 0.0 0.0 0.0]
      [RUN 0] "1."
      [RUN 1] " "
      [RUN 2] "page-break-inside:"
      [RUN 3] " "
      [RUN 4] "avoid"
      [RUN 5] "\\n"
      TEXT [text-node] X:0.00 Y:0.00 W:0.00 H:0.00 M[20.0 0.0 10.0 0.0] P[0.0 0.0 0.0 0.0] B[0.0 0.0 0.0 0.0] "1. page-break-inside: avoid"
    BLOCK [p] X:0.00 Y:0.00 W:481.89 H:28.00 M[0.0 0.0 8.0 0.0] P[0.0 0.0 0.0 0.0] B[0.0 0.0 0.0 0.0]
      [RUN 0] "The"
      [RUN 1] " "
      [RUN 2] "boxes"
      [RUN 3] " "
      [RUN 4] "below"
      [RUN 5] " "
      [RUN 6] "have"
      [RUN 7] " "
      [RUN 8] "page-break-inside:"
      [RUN 9] " "
      [RUN 10] "avoid"
      [RUN 11] " "
      [RUN 12] "applied."
      [RUN 13] " "
      [RUN 14] "Instead"
      [RUN 15] " "
      [RUN 16] "of"
      [RUN 17] " "
      [RUN 18] "being"
      [RUN 19] " "
      [RUN 20] "split"
      [RUN 21] " "
      [RUN 22] "across"
      [RUN 23] " "
      [RUN 24] "pages,"
      [RUN 25] " "
      [RUN 26] "each"
      [RUN 27] " "
      [RUN 28] "box"
      [RUN 29] " "
      [RUN 30] "will"
      [RUN 31] "\\n"
      [RUN 32] "be"
      [RUN 33] " "
      [RUN 34] "moved"
      [RUN 35] " "
      [RUN 36] "entirely"
      [RUN 37] " "
      [RUN 38] "to"
      [RUN 39] " "
      [RUN 40] "the"
      [RUN 41] " "
      [RUN 42] "next"
      [RUN 43] " "
      [RUN 44] "page"
      [RUN 45] " "
      [RUN 46] "if"
      [RUN 47] " "
      [RUN 48] "it"
      [RUN 49] " "
      [RUN 50] "doesn't"
      [RUN 51] " "
      [RUN 52] "fit."
      [RUN 53] "\\n"
      TEXT [text-node] X:0.00 Y:0.00 W:0.00 H:0.00 M[0.0 0.0 8.0 0.0] P[0.0 0.0 0.0 0.0] B[0.0 0.0 0.0 0.0] "The boxes below have "
      INLINE [code] INLINE X:0.00 Y:0.00 W:0.00 H:0.00 M[0.0 0.0 0.0 0.0] P[0.0 0.0 0.0 0.0] B[0.0 0.0 0.0 0.0]
        TEXT [text-node] X:0.00 Y:0.00 W:0.00 H:0.00 M[0.0 0.0 0.0 0.0] P[0.0 0.0 0.0 0.0] B[0.0 0.0 0.0 0.0] "page-break-inside: avoid"
      TEXT [text-node] X:0.00 Y:0.00 W:0.00 H:0.00 M[0.0 0.0 8.0 0.0] P[0.0 0.0 0.0 0.0] B[0.0 0.0 0.0 0.0] " applied. Instead of being split acro..."
    BLOCK [div] X:0.00 Y:0.00 W:481.89 H:122.20 M[0.0 0.0 12.0 0.0] P[12.0 12.0 12.0 12.0] B[0.0 0.0 0.0 0.0]
      BLOCK [h3] X:0.00 Y:0.00 W:457.89 H:18.20 M[14.0 0.0 8.0 0.0] P[0.0 0.0 0.0 0.0] B[0.0 0.0 0.0 0.0]
        [RUN 0] "Feature"
        [RUN 1] " "
        [RUN 2] "Card"
        [RUN 3] " "
        [RUN 4] "A"
        [RUN 5] "\\n"
        TEXT [text-node] X:0.00 Y:0.00 W:0.00 H:0.00 M[14.0 0.0 8.0 0.0] P[0.0 0.0 0.0 0.0] B[0.0 0.0 0.0 0.0] "Feature Card A"
      BLOCK [p] X:0.00 Y:0.00 W:457.89 H:28.00 M[0.0 0.0 8.0 0.0] P[0.0 0.0 0.0 0.0] B[0.0 0.0 0.0 0.0]
        [RUN 0] "This"
        [RUN 1] " "
        [RUN 2] "entire"
        [RUN 3] " "
        [RUN 4] "card"
        [RUN 5] " "
        [RUN 6] "is"
        [RUN 7] " "
        [RUN 8] "kept"
        [RUN 9] " "
        [RUN 10] "together"
        [RUN 11] " "
        [RUN 12] "on"
        [RUN 13] " "
        [RUN 14] "one"
        [RUN 15] " "
        [RUN 16] "page."
        [RUN 17] " "
        [RUN 18] "The"
        [RUN 19] " "
        [RUN 20] "layout"
        [RUN 21] " "
        [RUN 22] "engine"
        [RUN 23] " "
        [RUN 24] "checks"
        [RUN 25] " "
        [RUN 26] "if"
        [RUN 27] " "
        [RUN 28] "the"
        [RUN 29] " "
        [RUN 30] "box"
        [RUN 31] " "
        [RUN 32] "fits"
        [RUN 33] " "
        [RUN 34] "in"
        [RUN 35] " "
        [RUN 36] "the"
        [RUN 37] " "
        [RUN 38] "remaining"
        [RUN 39] "\\n"
        [RUN 40] "space."
        [RUN 41] " "
        [RUN 42] "If"
        [RUN 43] " "
        [RUN 44] "it"
        [RUN 45] " "
        [RUN 46] "doesn't,"
        [RUN 47] " "
        [RUN 48] "the"
        [RUN 49] " "
        [RUN 50] "box"
        [RUN 51] " "
        [RUN 52] "is"
        [RUN 53] " "
        [RUN 54] "moved"
        [RUN 55] " "
        [RUN 56] "to"
        [RUN 57] " "
        [RUN 58] "a"
        [RUN 59] " "
        [RUN 60] "fresh"
        [RUN 61] " "
        [RUN 62] "page"
        [RUN 63] " "
        [RUN 64] "rather"
        [RUN 65] " "
        [RUN 66] "than"
        [RUN 67] " "
        [RUN 68] "being"
        [RUN 69] " "
        [RUN 70] "split."
        [RUN 71] "\\n"
        TEXT [text-node] X:0.00 Y:0.00 W:0.00 H:0.00 M[0.0 0.0 8.0 0.0] P[0.0 0.0 0.0 0.0] B[0.0 0.0 0.0 0.0] "This entire card is kept together on ..."
      BLOCK [p] X:0.00 Y:0.00 W:457.89 H:14.00 M[0.0 0.0 8.0 0.0] P[0.0 0.0 0.0 0.0] B[0.0 0.0 0.0 0.0]
        [RUN 0] "This"
        [RUN 1] " "
        [RUN 2] "prevents"
        [RUN 3] " "
        [RUN 4] "ugly"
        [RUN 5] " "
        [RUN 6] "breaks"
        [RUN 7] " "
        [RUN 8] "in"
        [RUN 9] " "
        [RUN 10] "the"
        [RUN 11] " "
        [RUN 12] "middle"
        [RUN 13] " "
        [RUN 14] "of"
        [RUN 15] " "
        [RUN 16] "visually"
        [RUN 17] " "
        [RUN 18] "grouped"
        [RUN 19] " "
        [RUN 20] "content"
        [RUN 21] " "
        [RUN 22] "like"
        [RUN 23] " "
        [RUN 24] "cards,"
        [RUN 25] " "
        [RUN 26] "alerts,"
        [RUN 27] " "
        [RUN 28] "or"
        [RUN 29] " "
        [RUN 30] "callout"
        [RUN 31] " "
        [RUN 32] "boxes."
        [RUN 33] "\\n"
        TEXT [text-node] X:0.00 Y:0.00 W:0.00 H:0.00 M[0.0 0.0 8.0 0.0] P[0.0 0.0 0.0 0.0] B[0.0 0.0 0.0 0.0] "This prevents ugly breaks in the midd..."
    BLOCK [div] X:0.00 Y:0.00 W:481.89 H:136.20 M[0.0 0.0 12.0 0.0] P[12.0 12.0 12.0 12.0] B[0.0 0.0 0.0 0.0]
      BLOCK [h3] X:0.00 Y:0.00 W:457.89 H:18.20 M[14.0 0.0 8.0 0.0] P[0.0 0.0 0.0 0.0] B[0.0 0.0 0.0 0.0]
        [RUN 0] "Feature"
        [RUN 1] " "
        [RUN 2] "Card"
        [RUN 3] " "
        [RUN 4] "B"
        [RUN 5] "\\n"
        TEXT [text-node] X:0.00 Y:0.00 W:0.00 H:0.00 M[14.0 0.0 8.0 0.0] P[0.0 0.0 0.0 0.0] B[0.0 0.0 0.0 0.0] "Feature Card B"
      BLOCK [p] X:0.00 Y:0.00 W:457.89 H:28.00 M[0.0 0.0 8.0 0.0] P[0.0 0.0 0.0 0.0] B[0.0 0.0 0.0 0.0]
        [RUN 0] "Another"
        [RUN 1] " "
        [RUN 2] "avoid-break"
        [RUN 3] " "
        [RUN 4] "box."
        [RUN 5] " "
        [RUN 6] "Notice"
        [RUN 7] " "
        [RUN 8] "how"
        [RUN 9] " "
        [RUN 10] "no"
        [RUN 11] " "
        [RUN 12] "card"
        [RUN 13] " "
        [RUN 14] "is"
        [RUN 15] " "
        [RUN 16] "ever"
        [RUN 17] " "
        [RUN 18] "cut"
        [RUN 19] " "
        [RUN 20] "in"
        [RUN 21] " "
        [RUN 22] "half"
        [RUN 23] " "
        [RUN 24] "across"
        [RUN 25] " "
        [RUN 26] "a"
        [RUN 27] " "
        [RUN 28] "page"
        [RUN 29] " "
        [RUN 30] "boundary."
        [RUN 31] " "
        [RUN 32] "This"
        [RUN 33] " "
        [RUN 34] "is"
        [RUN 35] " "
        [RUN 36] "critical"
        [RUN 37] "\\n"
        [RUN 38] "for"
        [RUN 39] " "
        [RUN 40] "professional"
        [RUN 41] " "
        [RUN 42] "document"
        [RUN 43] " "
        [RUN 44] "output."
        [RUN 45] "\\n"
        TEXT [text-node] X:0.00 Y:0.00 W:0.00 H:0.00 M[0.0 0.0 8.0 0.0] P[0.0 0.0 0.0 0.0] B[0.0 0.0 0.0 0.0] "Another avoid-break box. Notice how n..."
      BLOCK [p] X:0.00 Y:0.00 W:457.89 H:28.00 M[0.0 0.0 8.0 0.0] P[0.0 0.0 0.0 0.0] B[0.0 0.0 0.0 0.0]
        [RUN 0] "Without"
        [RUN 1] " "
        [RUN 2] "this"
        [RUN 3] " "
        [RUN 4] "feature,"
        [RUN 5] " "
        [RUN 6] "a"
        [RUN 7] " "
        [RUN 8] "box's"
        [RUN 9] " "
        [RUN 10] "top"
        [RUN 11] " "
        [RUN 12] "half"
        [RUN 13] " "
        [RUN 14] "might"
        [RUN 15] " "
        [RUN 16] "appear"
        [RUN 17] " "
        [RUN 18] "at"
        [RUN 19] " "
        [RUN 20] "the"
        [RUN 21] " "
        [RUN 22] "bottom"
        [RUN 23] " "
        [RUN 24] "of"
        [RUN 25] " "
        [RUN 26] "one"
        [RUN 27] " "
        [RUN 28] "page"
        [RUN 29] " "
        [RUN 30] "and"
        [RUN 31] " "
        [RUN 32] "the"
        [RUN 33] " "
        [RUN 34] "bottom"
        [RUN 35] " "
        [RUN 36] "half"
        [RUN 37] " "
        [RUN 38] "at"
        [RUN 39] " "
        [RUN 40] "the"
        [RUN 41] "\\n"
        [RUN 42] "top"
        [RUN 43] " "
        [RUN 44] "of"
        [RUN 45] " "
        [RUN 46] "the"
        [RUN 47] " "
        [RUN 48] "next"
        [RUN 49] " "
        [RUN 50] "—"
        [RUN 51] " "
        [RUN 52] "something"
        [RUN 53] " "
        [RUN 54] "that"
        [RUN 55] " "
        [RUN 56] "looks"
        [RUN 57] " "
        [RUN 58] "terrible"
        [RUN 59] " "
        [RUN 60] "in"
        [RUN 61] " "
        [RUN 62] "printed"
        [RUN 63] " "
        [RUN 64] "documents."
        [RUN 65] "\\n"
        TEXT [text-node] X:0.00 Y:0.00 W:0.00 H:0.00 M[0.0 0.0 8.0 0.0] P[0.0 0.0 0.0 0.0] B[0.0 0.0 0.0 0.0] "Without this feature, a box's top hal..."
    BLOCK [p] X:0.00 Y:0.00 W:481.89 H:28.00 M[0.0 0.0 8.0 0.0] P[0.0 0.0 0.0 0.0] B[0.0 0.0 0.0 0.0]
      [RUN 0] "Here"
      [RUN 1] " "
      [RUN 2] "is"
      [RUN 3] " "
      [RUN 4] "some"
      [RUN 5] " "
      [RUN 6] "filler"
      [RUN 7] " "
      [RUN 8] "text"
      [RUN 9] " "
      [RUN 10] "to"
      [RUN 11] " "
      [RUN 12] "push"
      [RUN 13] " "
      [RUN 14] "content"
      [RUN 15] " "
      [RUN 16] "down"
      [RUN 17] " "
      [RUN 18] "the"
      [RUN 19] " "
      [RUN 20] "page"
      [RUN 21] " "
      [RUN 22] "and"
      [RUN 23] " "
      [RUN 24] "demonstrate"
      [RUN 25] " "
      [RUN 26] "page"
      [RUN 27] " "
      [RUN 28] "breaks"
      [RUN 29] " "
      [RUN 30] "happening"
      [RUN 31] " "
      [RUN 32] "naturally"
      [RUN 33] "\\n"
      [RUN 34] "between"
      [RUN 35] " "
      [RUN 36] "elements."
      [RUN 37] "\\n"
      TEXT [text-node] X:0.00 Y:0.00 W:0.00 H:0.00 M[0.0 0.0 8.0 0.0] P[0.0 0.0 0.0 0.0] B[0.0 0.0 0.0 0.0] "Here is some filler text to push cont..."
    BLOCK [p] X:0.00 Y:0.00 W:481.89 H:28.00 M[0.0 0.0 8.0 0.0] P[0.0 0.0 0.0 0.0] B[0.0 0.0 0.0 0.0]
      [RUN 0] "The"
      [RUN 1] " "
      [RUN 2] "layout"
      [RUN 3] " "
      [RUN 4] "engine"
      [RUN 5] " "
      [RUN 6] "intelligently"
      [RUN 7] " "
      [RUN 8] "decides"
      [RUN 9] " "
      [RUN 10] "where"
      [RUN 11] " "
      [RUN 12] "to"
      [RUN 13] " "
      [RUN 14] "break."
      [RUN 15] " "
      [RUN 16] "It"
      [RUN 17] " "
      [RUN 18] "respects"
      [RUN 19] " "
      [RUN 20] "the"
      [RUN 21] " "
      [RUN 22] "CSS"
      [RUN 23] " "
      [RUN 24] "cascade,"
      [RUN 25] " "
      [RUN 26] "meaning"
      [RUN 27] " "
      [RUN 28] "you"
      [RUN 29] " "
      [RUN 30] "can"
      [RUN 31] " "
      [RUN 32] "set"
      [RUN 33] "\\n"
      [RUN 34] "page-break-inside:"
      [RUN 35] " "
      [RUN 36] "avoid"
      [RUN 37] " "
      [RUN 38] "on"
      [RUN 39] " "
      [RUN 40] "specific"
      [RUN 41] " "
      [RUN 42] "classes"
      [RUN 43] " "
      [RUN 44] "without"
      [RUN 45] " "
      [RUN 46] "affecting"
      [RUN 47] " "
      [RUN 48] "the"
      [RUN 49] " "
      [RUN 50] "rest"
      [RUN 51] " "
      [RUN 52] "of"
      [RUN 53] " "
      [RUN 54] "the"
      [RUN 55] " "
      [RUN 56] "document."
      [RUN 57] "\\n"
      TEXT [text-node] X:0.00 Y:0.00 W:0.00 H:0.00 M[0.0 0.0 8.0 0.0] P[0.0 0.0 0.0 0.0] B[0.0 0.0 0.0 0.0] "The layout engine intelligently decid..."
    BLOCK [p] X:0.00 Y:0.00 W:481.89 H:28.00 M[0.0 0.0 8.0 0.0] P[0.0 0.0 0.0 0.0] B[0.0 0.0 0.0 0.0]
      [RUN 0] "This"
      [RUN 1] " "
      [RUN 2] "is"
      [RUN 3] " "
      [RUN 4] "paragraph"
      [RUN 5] " "
      [RUN 6] "three"
      [RUN 7] " "
      [RUN 8] "of"
      [RUN 9] " "
      [RUN 10] "additional"
      [RUN 11] " "
      [RUN 12] "content."
      [RUN 13] " "
      [RUN 14] "We"
      [RUN 15] " "
      [RUN 16] "need"
      [RUN 17] " "
      [RUN 18] "enough"
      [RUN 19] " "
      [RUN 20] "text"
      [RUN 21] " "
      [RUN 22] "to"
      [RUN 23] " "
      [RUN 24] "push"
      [RUN 25] " "
      [RUN 26] "the"
      [RUN 27] " "
      [RUN 28] "layout"
      [RUN 29] " "
      [RUN 30] "across"
      [RUN 31] " "
      [RUN 32] "the"
      [RUN 33] " "
      [RUN 34] "page"
      [RUN 35] "\\n"
      [RUN 36] "boundary"
      [RUN 37] " "
      [RUN 38] "so"
      [RUN 39] " "
      [RUN 40] "the"
      [RUN 41] " "
      [RUN 42] "next"
      [RUN 43] " "
      [RUN 44] "section"
      [RUN 45] " "
      [RUN 46] "demonstrates"
      [RUN 47] " "
      [RUN 48] "forced"
      [RUN 49] " "
      [RUN 50] "breaks."
      [RUN 51] "\\n"
      TEXT [text-node] X:0.00 Y:0.00 W:0.00 H:0.00 M[0.0 0.0 8.0 0.0] P[0.0 0.0 0.0 0.0] B[0.0 0.0 0.0 0.0] "This is paragraph three of additional..."
    BLOCK [p] X:0.00 Y:0.00 W:481.89 H:28.00 M[0.0 0.0 8.0 0.0] P[0.0 0.0 0.0 0.0] B[0.0 0.0 0.0 0.0]
      [RUN 0] "Additional"
      [RUN 1] " "
      [RUN 2] "paragraph"
      [RUN 3] " "
      [RUN 4] "to"
      [RUN 5] " "
      [RUN 6] "extend"
      [RUN 7] " "
      [RUN 8] "the"
      [RUN 9] " "
      [RUN 10] "content"
      [RUN 11] " "
      [RUN 12] "area."
      [RUN 13] " "
      [RUN 14] "The"
      [RUN 15] " "
      [RUN 16] "pagination"
      [RUN 17] " "
      [RUN 18] "engine"
      [RUN 19] " "
      [RUN 20] "processes"
      [RUN 21] " "
      [RUN 22] "each"
      [RUN 23] " "
      [RUN 24] "direct"
      [RUN 25] " "
      [RUN 26] "child"
      [RUN 27] " "
      [RUN 28] "of"
      [RUN 29] " "
      [RUN 30] "the"
      [RUN 31] "\\n"
      [RUN 32] "body"
      [RUN 33] " "
      [RUN 34] "element"
      [RUN 35] " "
      [RUN 36] "sequentially,"
      [RUN 37] " "
      [RUN 38] "checking"
      [RUN 39] " "
      [RUN 40] "overflow"
      [RUN 41] " "
      [RUN 42] "conditions"
      [RUN 43] " "
      [RUN 44] "at"
      [RUN 45] " "
      [RUN 46] "every"
      [RUN 47] " "
      [RUN 48] "step."
      [RUN 49] "\\n"
      TEXT [text-node] X:0.00 Y:0.00 W:0.00 H:0.00 M[0.0 0.0 8.0 0.0] P[0.0 0.0 0.0 0.0] B[0.0 0.0 0.0 0.0] "Additional paragraph to extend the co..."
    BLOCK [p] X:0.00 Y:0.00 W:481.89 H:28.00 M[0.0 0.0 8.0 0.0] P[0.0 0.0 0.0 0.0] B[0.0 0.0 0.0 0.0]
      [RUN 0] "More"
      [RUN 1] " "
      [RUN 2] "content"
      [RUN 3] " "
      [RUN 4] "to"
      [RUN 5] " "
      [RUN 6] "fill"
      [RUN 7] " "
      [RUN 8] "the"
      [RUN 9] " "
      [RUN 10] "page."
      [RUN 11] " "
      [RUN 12] "This"
      [RUN 13] " "
      [RUN 14] "is"
      [RUN 15] " "
      [RUN 16] "important"
      [RUN 17] " "
      [RUN 18] "because"
      [RUN 19] " "
      [RUN 20] "we"
      [RUN 21] " "
      [RUN 22] "want"
      [RUN 23] " "
      [RUN 24] "to"
      [RUN 25] " "
      [RUN 26] "see"
      [RUN 27] " "
      [RUN 28] "how"
      [RUN 29] " "
      [RUN 30] "the"
      [RUN 31] " "
      [RUN 32] "engine"
      [RUN 33] " "
      [RUN 34] "handles"
      [RUN 35] " "
      [RUN 36] "the"
      [RUN 37] " "
      [RUN 38] "transition"
      [RUN 39] "\\n"
      [RUN 40] "from"
      [RUN 41] " "
      [RUN 42] "page"
      [RUN 43] " "
      [RUN 44] "1"
      [RUN 45] " "
      [RUN 46] "to"
      [RUN 47] " "
      [RUN 48] "page"
      [RUN 49] " "
      [RUN 50] "2,"
      [RUN 51] " "
      [RUN 52] "especially"
      [RUN 53] " "
      [RUN 54] "with"
      [RUN 55] " "
      [RUN 56] "the"
      [RUN 57] " "
      [RUN 58] "differentiated"
      [RUN 59] " "
      [RUN 60] "headers."
      [RUN 61] "\\n"
      TEXT [text-node] X:0.00 Y:0.00 W:0.00 H:0.00 M[0.0 0.0 8.0 0.0] P[0.0 0.0 0.0 0.0] B[0.0 0.0 0.0 0.0] "More content to fill the page. This i..."
    BLOCK [p] X:0.00 Y:0.00 W:481.89 H:28.00 M[0.0 0.0 8.0 0.0] P[0.0 0.0 0.0 0.0] B[0.0 0.0 0.0 0.0]
      [RUN 0] "Notice"
      [RUN 1] " "
      [RUN 2] "that"
      [RUN 3] " "
      [RUN 4] "page"
      [RUN 5] " "
      [RUN 6] "1"
      [RUN 7] " "
      [RUN 8] "has"
      [RUN 9] " "
      [RUN 10] "the"
      [RUN 11] " "
      [RUN 12] "large"
      [RUN 13] " "
      [RUN 14] "title"
      [RUN 15] " "
      [RUN 16] "header,"
      [RUN 17] " "
      [RUN 18] "while"
      [RUN 19] " "
      [RUN 20] "page"
      [RUN 21] " "
      [RUN 22] "2"
      [RUN 23] " "
      [RUN 24] "shows"
      [RUN 25] " "
      [RUN 26] "the"
      [RUN 27] " "
      [RUN 28] "smaller"
      [RUN 29] " "
      [RUN 30] "continuation"
      [RUN 31] " "
      [RUN 32] "header."
      [RUN 33] " "
      [RUN 34] "This"
      [RUN 35] " "
      [RUN 36] "is"
      [RUN 37] " "
      [RUN 38] "the"
      [RUN 39] "\\n"
      [RUN 40] "first-header/first-footer"
      [RUN 41] " "
      [RUN 42] "feature"
      [RUN 43] " "
      [RUN 44] "in"
      [RUN 45] " "
      [RUN 46] "action."
      [RUN 47] "\\n"
      TEXT [text-node] X:0.00 Y:0.00 W:0.00 H:0.00 M[0.0 0.0 8.0 0.0] P[0.0 0.0 0.0 0.0] B[0.0 0.0 0.0 0.0] "Notice that page 1 has the large titl..."
    BLOCK [div] X:0.00 Y:0.00 W:481.89 H:92.20 M[0.0 0.0 10.0 0.0] P[10.0 10.0 10.0 10.0] B[0.0 0.0 0.0 0.0]
      BLOCK [h3] X:0.00 Y:0.00 W:461.89 H:18.20 M[14.0 0.0 8.0 0.0] P[0.0 0.0 0.0 0.0] B[0.0 0.0 0.0 0.0]
        [RUN 0] "Compact"
        [RUN 1] " "
        [RUN 2] "Card"
        [RUN 3] " "
        [RUN 4] "1"
        [RUN 5] "\\n"
        TEXT [text-node] X:0.00 Y:0.00 W:0.00 H:0.00 M[14.0 0.0 8.0 0.0] P[0.0 0.0 0.0 0.0] B[0.0 0.0 0.0 0.0] "Compact Card 1"
      BLOCK [p] X:0.00 Y:0.00 W:461.89 H:28.00 M[0.0 0.0 8.0 0.0] P[0.0 0.0 0.0 0.0] B[0.0 0.0 0.0 0.0]
        [RUN 0] "This"
        [RUN 1] " "
        [RUN 2] "card"
        [RUN 3] " "
        [RUN 4] "uses"
        [RUN 5] " "
        [RUN 6] "page-break-inside:"
        [RUN 7] " "
        [RUN 8] "avoid."
        [RUN 9] " "
        [RUN 10] "If"
        [RUN 11] " "
        [RUN 12] "it"
        [RUN 13] " "
        [RUN 14] "can't"
        [RUN 15] " "
        [RUN 16] "fit"
        [RUN 17] " "
        [RUN 18] "at"
        [RUN 19] " "
        [RUN 20] "the"
        [RUN 21] " "
        [RUN 22] "bottom"
        [RUN 23] " "
        [RUN 24] "of"
        [RUN 25] " "
        [RUN 26] "the"
        [RUN 27] " "
        [RUN 28] "current"
        [RUN 29] " "
        [RUN 30] "page,"
        [RUN 31] " "
        [RUN 32] "it"
        [RUN 33] " "
        [RUN 34] "moves"
        [RUN 35] " "
        [RUN 36] "entirely"
        [RUN 37] "\\n"
        [RUN 38] "to"
        [RUN 39] " "
        [RUN 40] "the"
        [RUN 41] " "
        [RUN 42] "next"
        [RUN 43] " "
        [RUN 44] "one."
        [RUN 45] "\\n"
        TEXT [text-node] X:0.00 Y:0.00 W:0.00 H:0.00 M[0.0 0.0 8.0 0.0] P[0.0 0.0 0.0 0.0] B[0.0 0.0 0.0 0.0] "This card uses page-break-inside: avo..."
    BLOCK [div] X:0.00 Y:0.00 W:481.89 H:92.20 M[0.0 0.0 10.0 0.0] P[10.0 10.0 10.0 10.0] B[0.0 0.0 0.0 0.0]
      BLOCK [h3] X:0.00 Y:0.00 W:461.89 H:18.20 M[14.0 0.0 8.0 0.0] P[0.0 0.0 0.0 0.0] B[0.0 0.0 0.0 0.0]
        [RUN 0] "Compact"
        [RUN 1] " "
        [RUN 2] "Card"
        [RUN 3] " "
        [RUN 4] "2"
        [RUN 5] "\\n"
        TEXT [text-node] X:0.00 Y:0.00 W:0.00 H:0.00 M[14.0 0.0 8.0 0.0] P[0.0 0.0 0.0 0.0] B[0.0 0.0 0.0 0.0] "Compact Card 2"
      BLOCK [p] X:0.00 Y:0.00 W:461.89 H:28.00 M[0.0 0.0 8.0 0.0] P[0.0 0.0 0.0 0.0] B[0.0 0.0 0.0 0.0]
        [RUN 0] "Another"
        [RUN 1] " "
        [RUN 2] "card"
        [RUN 3] " "
        [RUN 4] "that"
        [RUN 5] " "
        [RUN 6] "stays"
        [RUN 7] " "
        [RUN 8] "together."
        [RUN 9] " "
        [RUN 10] "This"
        [RUN 11] " "
        [RUN 12] "demonstrates"
        [RUN 13] " "
        [RUN 14] "the"
        [RUN 15] " "
        [RUN 16] "feature"
        [RUN 17] " "
        [RUN 18] "working"
        [RUN 19] " "
        [RUN 20] "with"
        [RUN 21] " "
        [RUN 22] "multiple"
        [RUN 23] " "
        [RUN 24] "consecutive"
        [RUN 25] "\\n"
        [RUN 26] "avoid-break"
        [RUN 27] " "
        [RUN 28] "elements."
        [RUN 29] "\\n"
        TEXT [text-node] X:0.00 Y:0.00 W:0.00 H:0.00 M[0.0 0.0 8.0 0.0] P[0.0 0.0 0.0 0.0] B[0.0 0.0 0.0 0.0] "Another card that stays together. Thi..."
    BLOCK [div] X:0.00 Y:0.00 W:481.89 H:78.20 M[0.0 0.0 10.0 0.0] P[10.0 10.0 10.0 10.0] B[0.0 0.0 0.0 0.0]
      BLOCK [h3] X:0.00 Y:0.00 W:461.89 H:18.20 M[14.0 0.0 8.0 0.0] P[0.0 0.0 0.0 0.0] B[0.0 0.0 0.0 0.0]
        [RUN 0] "Compact"
        [RUN 1] " "
        [RUN 2] "Card"
        [RUN 3] " "
        [RUN 4] "3"
        [RUN 5] "\\n"
        TEXT [text-node] X:0.00 Y:0.00 W:0.00 H:0.00 M[14.0 0.0 8.0 0.0] P[0.0 0.0 0.0 0.0] B[0.0 0.0 0.0 0.0] "Compact Card 3"
      BLOCK [p] X:0.00 Y:0.00 W:461.89 H:14.00 M[0.0 0.0 8.0 0.0] P[0.0 0.0 0.0 0.0] B[0.0 0.0 0.0 0.0]
        [RUN 0] "Third"
        [RUN 1] " "
        [RUN 2] "card"
        [RUN 3] " "
        [RUN 4] "in"
        [RUN 5] " "
        [RUN 6] "the"
        [RUN 7] " "
        [RUN 8] "sequence."
        [RUN 9] " "
        [RUN 10] "Each"
        [RUN 11] " "
        [RUN 12] "one"
        [RUN 13] " "
        [RUN 14] "independently"
        [RUN 15] " "
        [RUN 16] "checks"
        [RUN 17] " "
        [RUN 18] "whether"
        [RUN 19] " "
        [RUN 20] "it"
        [RUN 21] " "
        [RUN 22] "fits"
        [RUN 23] " "
        [RUN 24] "on"
        [RUN 25] " "
        [RUN 26] "the"
        [RUN 27] " "
        [RUN 28] "current"
        [RUN 29] " "
        [RUN 30] "page."
        [RUN 31] "\\n"
        TEXT [text-node] X:0.00 Y:0.00 W:0.00 H:0.00 M[0.0 0.0 8.0 0.0] P[0.0 0.0 0.0 0.0] B[0.0 0.0 0.0 0.0] "Third card in the sequence. Each one ..."
    BLOCK [div] X:0.00 Y:0.00 W:481.89 H:92.20 M[0.0 0.0 10.0 0.0] P[10.0 10.0 10.0 10.0] B[0.0 0.0 0.0 0.0]
      BLOCK [h3] X:0.00 Y:0.00 W:461.89 H:18.20 M[14.0 0.0 8.0 0.0] P[0.0 0.0 0.0 0.0] B[0.0 0.0 0.0 0.0]
        [RUN 0] "Compact"
        [RUN 1] " "
        [RUN 2] "Card"
        [RUN 3] " "
        [RUN 4] "4"
        [RUN 5] "\\n"
        TEXT [text-node] X:0.00 Y:0.00 W:0.00 H:0.00 M[14.0 0.0 8.0 0.0] P[0.0 0.0 0.0 0.0] B[0.0 0.0 0.0 0.0] "Compact Card 4"
      BLOCK [p] X:0.00 Y:0.00 W:461.89 H:28.00 M[0.0 0.0 8.0 0.0] P[0.0 0.0 0.0 0.0] B[0.0 0.0 0.0 0.0]
        [RUN 0] "Fourth"
        [RUN 1] " "
        [RUN 2] "card."
        [RUN 3] " "
        [RUN 4] "At"
        [RUN 5] " "
        [RUN 6] "this"
        [RUN 7] " "
        [RUN 8] "point,"
        [RUN 9] " "
        [RUN 10] "we"
        [RUN 11] " "
        [RUN 12] "should"
        [RUN 13] " "
        [RUN 14] "be"
        [RUN 15] " "
        [RUN 16] "seeing"
        [RUN 17] " "
        [RUN 18] "cards"
        [RUN 19] " "
        [RUN 20] "flowing"
        [RUN 21] " "
        [RUN 22] "across"
        [RUN 23] " "
        [RUN 24] "pages"
        [RUN 25] " "
        [RUN 26] "while"
        [RUN 27] " "
        [RUN 28] "maintaining"
        [RUN 29] " "
        [RUN 30] "their"
        [RUN 31] "\\n"
        [RUN 32] "integrity."
        [RUN 33] "\\n"
        TEXT [text-node] X:0.00 Y:0.00 W:0.00 H:0.00 M[0.0 0.0 8.0 0.0] P[0.0 0.0 0.0 0.0] B[0.0 0.0 0.0 0.0] "Fourth card. At this point, we should..."
    BLOCK [div] X:0.00 Y:0.00 W:481.89 H:78.20 M[0.0 0.0 10.0 0.0] P[10.0 10.0 10.0 10.0] B[0.0 0.0 0.0 0.0]
      BLOCK [h3] X:0.00 Y:0.00 W:461.89 H:18.20 M[14.0 0.0 8.0 0.0] P[0.0 0.0 0.0 0.0] B[0.0 0.0 0.0 0.0]
        [RUN 0] "Compact"
        [RUN 1] " "
        [RUN 2] "Card"
        [RUN 3] " "
        [RUN 4] "5"
        [RUN 5] "\\n"
        TEXT [text-node] X:0.00 Y:0.00 W:0.00 H:0.00 M[14.0 0.0 8.0 0.0] P[0.0 0.0 0.0 0.0] B[0.0 0.0 0.0 0.0] "Compact Card 5"
      BLOCK [p] X:0.00 Y:0.00 W:461.89 H:14.00 M[0.0 0.0 8.0 0.0] P[0.0 0.0 0.0 0.0] B[0.0 0.0 0.0 0.0]
        [RUN 0] "Fifth"
        [RUN 1] " "
        [RUN 2] "and"
        [RUN 3] " "
        [RUN 4] "final"
        [RUN 5] " "
        [RUN 6] "card"
        [RUN 7] " "
        [RUN 8] "in"
        [RUN 9] " "
        [RUN 10] "this"
        [RUN 11] " "
        [RUN 12] "demonstration"
        [RUN 13] " "
        [RUN 14] "section."
        [RUN 15] " "
        [RUN 16] "The"
        [RUN 17] " "
        [RUN 18] "pagination"
        [RUN 19] " "
        [RUN 20] "algorithm"
        [RUN 21] " "
        [RUN 22] "handles"
        [RUN 23] " "
        [RUN 24] "each"
        [RUN 25] " "
        [RUN 26] "one"
        [RUN 27] " "
        [RUN 28] "cleanly."
        [RUN 29] "\\n"
        TEXT [text-node] X:0.00 Y:0.00 W:0.00 H:0.00 M[0.0 0.0 8.0 0.0] P[0.0 0.0 0.0 0.0] B[0.0 0.0 0.0 0.0] "Fifth and final card in this demonstr..."
    BLOCK [div] X:0.00 Y:0.00 W:481.89 H:150.40 M[0.0 0.0 0.0 0.0] P[0.0 0.0 0.0 0.0] B[0.0 0.0 0.0 0.0]
      BLOCK [h2] X:0.00 Y:0.00 W:481.89 H:22.40 M[20.0 0.0 10.0 0.0] P[0.0 0.0 0.0 0.0] B[0.0 0.0 0.0 0.0]
        [RUN 0] "2."
        [RUN 1] " "
        [RUN 2] "page-break-before:"
        [RUN 3] " "
        [RUN 4] "always"
        [RUN 5] "\\n"
        TEXT [text-node] X:0.00 Y:0.00 W:0.00 H:0.00 M[20.0 0.0 10.0 0.0] P[0.0 0.0 0.0 0.0] B[0.0 0.0 0.0 0.0] "2. page-break-before: always"
      BLOCK [p] X:0.00 Y:0.00 W:481.89 H:28.00 M[0.0 0.0 8.0 0.0] P[0.0 0.0 0.0 0.0] B[0.0 0.0 0.0 0.0]
        [RUN 0] "This"
        [RUN 1] " "
        [RUN 2] "section"
        [RUN 3] " "
        [RUN 4] "has"
        [RUN 5] " "
        [RUN 6] "page-break-before:"
        [RUN 7] " "
        [RUN 8] "always"
        [RUN 9] " "
        [RUN 10] "applied"
        [RUN 11] " "
        [RUN 12] "via"
        [RUN 13] " "
        [RUN 14] "CSS."
        [RUN 15] " "
        [RUN 16] "Regardless"
        [RUN 17] " "
        [RUN 18] "of"
        [RUN 19] " "
        [RUN 20] "how"
        [RUN 21] " "
        [RUN 22] "much"
        [RUN 23] " "
        [RUN 24] "space"
        [RUN 25] " "
        [RUN 26] "remains"
        [RUN 27] " "
        [RUN 28] "on"
        [RUN 29] " "
        [RUN 30] "the"
        [RUN 31] "\\n"
        [RUN 32] "previous"
        [RUN 33] " "
        [RUN 34] "page,"
        [RUN 35] " "
        [RUN 36] "this"
        [RUN 37] " "
        [RUN 38] "section"
        [RUN 39] " "
        [RUN 40] "starts"
        [RUN 41] " "
        [RUN 42] "on"
        [RUN 43] " "
        [RUN 44] "a"
        [RUN 45] " "
        [RUN 46] "fresh"
        [RUN 47] " "
        [RUN 48] "page."
        [RUN 49] "\\n"
        TEXT [text-node] X:0.00 Y:0.00 W:0.00 H:0.00 M[0.0 0.0 8.0 0.0] P[0.0 0.0 0.0 0.0] B[0.0 0.0 0.0 0.0] "This section has "
        INLINE [code] INLINE X:0.00 Y:0.00 W:0.00 H:0.00 M[0.0 0.0 0.0 0.0] P[0.0 0.0 0.0 0.0] B[0.0 0.0 0.0 0.0]
          TEXT [text-node] X:0.00 Y:0.00 W:0.00 H:0.00 M[0.0 0.0 0.0 0.0] P[0.0 0.0 0.0 0.0] B[0.0 0.0 0.0 0.0] "page-break-before: always"
        TEXT [text-node] X:0.00 Y:0.00 W:0.00 H:0.00 M[0.0 0.0 8.0 0.0] P[0.0 0.0 0.0 0.0] B[0.0 0.0 0.0 0.0] " applied via CSS. Regardless of how m..."
      BLOCK [p] X:0.00 Y:0.00 W:481.89 H:28.00 M[0.0 0.0 8.0 0.0] P[0.0 0.0 0.0 0.0] B[0.0 0.0 0.0 0.0]
        [RUN 0] "This"
        [RUN 1] " "
        [RUN 2] "is"
        [RUN 3] " "
        [RUN 4] "essential"
        [RUN 5] " "
        [RUN 6] "for"
        [RUN 7] " "
        [RUN 8] "documents"
        [RUN 9] " "
        [RUN 10] "like"
        [RUN 11] " "
        [RUN 12] "legal"
        [RUN 13] " "
        [RUN 14] "contracts,"
        [RUN 15] " "
        [RUN 16] "where"
        [RUN 17] " "
        [RUN 18] "each"
        [RUN 19] " "
        [RUN 20] "section"
        [RUN 21] " "
        [RUN 22] "must"
        [RUN 23] " "
        [RUN 24] "begin"
        [RUN 25] " "
        [RUN 26] "on"
        [RUN 27] " "
        [RUN 28] "its"
        [RUN 29] " "
        [RUN 30] "own"
        [RUN 31] " "
        [RUN 32] "page,"
        [RUN 33] " "
        [RUN 34] "or"
        [RUN 35] "\\n"
        [RUN 36] "reports"
        [RUN 37] " "
        [RUN 38] "where"
        [RUN 39] " "
        [RUN 40] "chapters"
        [RUN 41] " "
        [RUN 42] "need"
        [RUN 43] " "
        [RUN 44] "clear"
        [RUN 45] " "
        [RUN 46] "separation."
        [RUN 47] "\\n"
        TEXT [text-node] X:0.00 Y:0.00 W:0.00 H:0.00 M[0.0 0.0 8.0 0.0] P[0.0 0.0 0.0 0.0] B[0.0 0.0 0.0 0.0] "This is essential for documents like ..."
    BLOCK [div] X:0.00 Y:0.00 W:481.89 H:662.40 M[0.0 0.0 0.0 0.0] P[0.0 0.0 0.0 0.0] B[0.0 0.0 0.0 0.0]
      BLOCK [h2] X:0.00 Y:0.00 W:481.89 H:22.40 M[20.0 0.0 10.0 0.0] P[0.0 0.0 0.0 0.0] B[0.0 0.0 0.0 0.0]
        [RUN 0] "3."
        [RUN 1] " "
        [RUN 2] "Multi-Page"
        [RUN 3] " "
        [RUN 4] "Data"
        [RUN 5] " "
        [RUN 6] "Table"
        [RUN 7] "\\n"
        TEXT [text-node] X:0.00 Y:0.00 W:0.00 H:0.00 M[20.0 0.0 10.0 0.0] P[0.0 0.0 0.0 0.0] B[0.0 0.0 0.0 0.0] "3. Multi-Page Data Table"
      BLOCK [p] X:0.00 Y:0.00 W:481.89 H:28.00 M[0.0 0.0 8.0 0.0] P[0.0 0.0 0.0 0.0] B[0.0 0.0 0.0 0.0]
        [RUN 0] "The"
        [RUN 1] " "
        [RUN 2] "table"
        [RUN 3] " "
        [RUN 4] "below"
        [RUN 5] " "
        [RUN 6] "contains"
        [RUN 7] " "
        [RUN 8] "many"
        [RUN 9] " "
        [RUN 10] "rows"
        [RUN 11] " "
        [RUN 12] "to"
        [RUN 13] " "
        [RUN 14] "demonstrate"
        [RUN 15] " "
        [RUN 16] "how"
        [RUN 17] " "
        [RUN 18] "tables"
        [RUN 19] " "
        [RUN 20] "flow"
        [RUN 21] " "
        [RUN 22] "across"
        [RUN 23] " "
        [RUN 24] "pages."
        [RUN 25] " "
        [RUN 26] "Notice"
        [RUN 27] " "
        [RUN 28] "the"
        [RUN 29] " "
        [RUN 30] "clean"
        [RUN 31] " "
        [RUN 32] "page"
        [RUN 33] "\\n"
        [RUN 34] "transitions."
        [RUN 35] "\\n"
        TEXT [text-node] X:0.00 Y:0.00 W:0.00 H:0.00 M[0.0 0.0 8.0 0.0] P[0.0 0.0 0.0 0.0] B[0.0 0.0 0.0 0.0] "The table below contains many rows to..."
      TABLE [table] X:0.00 Y:0.00 W:481.89 H:534.00 M[10.0 0.0 10.0 0.0] P[0.0 0.0 0.0 0.0] B[0.0 0.0 0.0 0.0]
        BLOCK [thead] X:0.00 Y:0.00 W:0.00 H:0.00 M[0.0 0.0 0.0 0.0] P[0.0 0.0 0.0 0.0] B[0.0 0.0 0.0 0.0]
          ROW [tr] X:0.00 Y:0.00 W:481.89 H:14.00 M[0.0 0.0 0.0 0.0] P[0.0 0.0 0.0 0.0] B[0.0 0.0 0.0 0.0]
            CELL [th] X:0.00 Y:0.00 W:61.62 H:14.00 M[0.0 0.0 0.0 0.0] P[0.0 0.0 0.0 0.0] B[0.0 0.0 0.0 0.0]
              [RUN 0] "ID"
              [RUN 1] "\\n"
              TEXT [text-node] X:0.00 Y:0.00 W:0.00 H:0.00 M[0.0 0.0 0.0 0.0] P[0.0 0.0 0.0 0.0] B[0.0 0.0 0.0 0.0] "ID"
            CELL [th] X:0.00 Y:0.00 W:147.13 H:14.00 M[0.0 0.0 0.0 0.0] P[0.0 0.0 0.0 0.0] B[0.0 0.0 0.0 0.0]
              [RUN 0] "Product"
              [RUN 1] "\\n"
              TEXT [text-node] X:0.00 Y:0.00 W:0.00 H:0.00 M[0.0 0.0 0.0 0.0] P[0.0 0.0 0.0 0.0] B[0.0 0.0 0.0 0.0] "Product"
            CELL [th] X:0.00 Y:0.00 W:114.39 H:14.00 M[0.0 0.0 0.0 0.0] P[0.0 0.0 0.0 0.0] B[0.0 0.0 0.0 0.0]
              [RUN 0] "Category"
              [RUN 1] "\\n"
              TEXT [text-node] X:0.00 Y:0.00 W:0.00 H:0.00 M[0.0 0.0 0.0 0.0] P[0.0 0.0 0.0 0.0] B[0.0 0.0 0.0 0.0] "Category"
            CELL [th] X:0.00 Y:0.00 W:86.61 H:14.00 M[0.0 0.0 0.0 0.0] P[0.0 0.0 0.0 0.0] B[0.0 0.0 0.0 0.0]
              [RUN 0] "Price"
              [RUN 1] "\\n"
              TEXT [text-node] X:0.00 Y:0.00 W:0.00 H:0.00 M[0.0 0.0 0.0 0.0] P[0.0 0.0 0.0 0.0] B[0.0 0.0 0.0 0.0] "Price"
            CELL [th] X:0.00 Y:0.00 W:72.15 H:14.00 M[0.0 0.0 0.0 0.0] P[0.0 0.0 0.0 0.0] B[0.0 0.0 0.0 0.0]
              [RUN 0] "Status"
              [RUN 1] "\\n"
              TEXT [text-node] X:0.00 Y:0.00 W:0.00 H:0.00 M[0.0 0.0 0.0 0.0] P[0.0 0.0 0.0 0.0] B[0.0 0.0 0.0 0.0] "Status"
        BLOCK [tbody] X:0.00 Y:0.00 W:0.00 H:0.00 M[0.0 0.0 0.0 0.0] P[0.0 0.0 0.0 0.0] B[0.0 0.0 0.0 0.0]
          ROW [tr] X:0.00 Y:0.00 W:481.89 H:26.00 M[0.0 0.0 0.0 0.0] P[0.0 0.0 0.0 0.0] B[0.0 0.0 0.0 0.0]
            CELL [td] X:0.00 Y:0.00 W:61.62 H:14.00 M[0.0 0.0 0.0 0.0] P[6.0 6.0 6.0 6.0] B[0.0 0.0 0.0 0.0]
              [RUN 0] "001"
              [RUN 1] "\\n"
              TEXT [text-node] X:0.00 Y:0.00 W:0.00 H:0.00 M[0.0 0.0 0.0 0.0] P[6.0 6.0 6.0 6.0] B[0.0 0.0 0.0 0.0] "001"
            CELL [td] X:0.00 Y:0.00 W:147.13 H:14.00 M[0.0 0.0 0.0 0.0] P[6.0 6.0 6.0 6.0] B[0.0 0.0 0.0 0.0]
              [RUN 0] "Cloud"
              [RUN 1] " "
              [RUN 2] "Server"
              [RUN 3] " "
              [RUN 4] "(8"
              [RUN 5] " "
              [RUN 6] "vCPU)"
              [RUN 7] "\\n"
              TEXT [text-node] X:0.00 Y:0.00 W:0.00 H:0.00 M[0.0 0.0 0.0 0.0] P[6.0 6.0 6.0 6.0] B[0.0 0.0 0.0 0.0] "Cloud Server (8 vCPU)"
            CELL [td] X:0.00 Y:0.00 W:114.39 H:14.00 M[0.0 0.0 0.0 0.0] P[6.0 6.0 6.0 6.0] B[0.0 0.0 0.0 0.0]
              [RUN 0] "Infrastructure"
              [RUN 1] "\\n"
              TEXT [text-node] X:0.00 Y:0.00 W:0.00 H:0.00 M[0.0 0.0 0.0 0.0] P[6.0 6.0 6.0 6.0] B[0.0 0.0 0.0 0.0] "Infrastructure"
            CELL [td] X:0.00 Y:0.00 W:86.61 H:14.00 M[0.0 0.0 0.0 0.0] P[6.0 6.0 6.0 6.0] B[0.0 0.0 0.0 0.0]
              [RUN 0] "$299/mo"
              [RUN 1] "\\n"
              TEXT [text-node] X:0.00 Y:0.00 W:0.00 H:0.00 M[0.0 0.0 0.0 0.0] P[6.0 6.0 6.0 6.0] B[0.0 0.0 0.0 0.0] "$299/mo"
            CELL [td] X:0.00 Y:0.00 W:72.15 H:14.00 M[0.0 0.0 0.0 0.0] P[6.0 6.0 6.0 6.0] B[0.0 0.0 0.0 0.0]
              [RUN 0] "Active"
              [RUN 1] "\\n"
              TEXT [text-node] X:0.00 Y:0.00 W:0.00 H:0.00 M[0.0 0.0 0.0 0.0] P[6.0 6.0 6.0 6.0] B[0.0 0.0 0.0 0.0] "Active"
          ROW [tr] X:0.00 Y:0.00 W:481.89 H:26.00 M[0.0 0.0 0.0 0.0] P[0.0 0.0 0.0 0.0] B[0.0 0.0 0.0 0.0]
            CELL [td] X:0.00 Y:0.00 W:61.62 H:14.00 M[0.0 0.0 0.0 0.0] P[6.0 6.0 6.0 6.0] B[0.0 0.0 0.0 0.0]
              [RUN 0] "002"
              [RUN 1] "\\n"
              TEXT [text-node] X:0.00 Y:0.00 W:0.00 H:0.00 M[0.0 0.0 0.0 0.0] P[6.0 6.0 6.0 6.0] B[0.0 0.0 0.0 0.0] "002"
            CELL [td] X:0.00 Y:0.00 W:147.13 H:14.00 M[0.0 0.0 0.0 0.0] P[6.0 6.0 6.0 6.0] B[0.0 0.0 0.0 0.0]
              [RUN 0] "Load"
              [RUN 1] " "
              [RUN 2] "Balancer"
              [RUN 3] "\\n"
              TEXT [text-node] X:0.00 Y:0.00 W:0.00 H:0.00 M[0.0 0.0 0.0 0.0] P[6.0 6.0 6.0 6.0] B[0.0 0.0 0.0 0.0] "Load Balancer"
            CELL [td] X:0.00 Y:0.00 W:114.39 H:14.00 M[0.0 0.0 0.0 0.0] P[6.0 6.0 6.0 6.0] B[0.0 0.0 0.0 0.0]
              [RUN 0] "Networking"
              [RUN 1] "\\n"
              TEXT [text-node] X:0.00 Y:0.00 W:0.00 H:0.00 M[0.0 0.0 0.0 0.0] P[6.0 6.0 6.0 6.0] B[0.0 0.0 0.0 0.0] "Networking"
            CELL [td] X:0.00 Y:0.00 W:86.61 H:14.00 M[0.0 0.0 0.0 0.0] P[6.0 6.0 6.0 6.0] B[0.0 0.0 0.0 0.0]
              [RUN 0] "$49/mo"
              [RUN 1] "\\n"
              TEXT [text-node] X:0.00 Y:0.00 W:0.00 H:0.00 M[0.0 0.0 0.0 0.0] P[6.0 6.0 6.0 6.0] B[0.0 0.0 0.0 0.0] "$49/mo"
            CELL [td] X:0.00 Y:0.00 W:72.15 H:14.00 M[0.0 0.0 0.0 0.0] P[6.0 6.0 6.0 6.0] B[0.0 0.0 0.0 0.0]
              [RUN 0] "Active"
              [RUN 1] "\\n"
              TEXT [text-node] X:0.00 Y:0.00 W:0.00 H:0.00 M[0.0 0.0 0.0 0.0] P[6.0 6.0 6.0 6.0] B[0.0 0.0 0.0 0.0] "Active"
          ROW [tr] X:0.00 Y:0.00 W:481.89 H:26.00 M[0.0 0.0 0.0 0.0] P[0.0 0.0 0.0 0.0] B[0.0 0.0 0.0 0.0]
            CELL [td] X:0.00 Y:0.00 W:61.62 H:14.00 M[0.0 0.0 0.0 0.0] P[6.0 6.0 6.0 6.0] B[0.0 0.0 0.0 0.0]
              [RUN 0] "003"
              [RUN 1] "\\n"
              TEXT [text-node] X:0.00 Y:0.00 W:0.00 H:0.00 M[0.0 0.0 0.0 0.0] P[6.0 6.0 6.0 6.0] B[0.0 0.0 0.0 0.0] "003"
            CELL [td] X:0.00 Y:0.00 W:147.13 H:14.00 M[0.0 0.0 0.0 0.0] P[6.0 6.0 6.0 6.0] B[0.0 0.0 0.0 0.0]
              [RUN 0] "Managed"
              [RUN 1] " "
              [RUN 2] "Database"
              [RUN 3] "\\n"
              TEXT [text-node] X:0.00 Y:0.00 W:0.00 H:0.00 M[0.0 0.0 0.0 0.0] P[6.0 6.0 6.0 6.0] B[0.0 0.0 0.0 0.0] "Managed Database"
            CELL [td] X:0.00 Y:0.00 W:114.39 H:14.00 M[0.0 0.0 0.0 0.0] P[6.0 6.0 6.0 6.0] B[0.0 0.0 0.0 0.0]
              [RUN 0] "Data"
              [RUN 1] "\\n"
              TEXT [text-node] X:0.00 Y:0.00 W:0.00 H:0.00 M[0.0 0.0 0.0 0.0] P[6.0 6.0 6.0 6.0] B[0.0 0.0 0.0 0.0] "Data"
            CELL [td] X:0.00 Y:0.00 W:86.61 H:14.00 M[0.0 0.0 0.0 0.0] P[6.0 6.0 6.0 6.0] B[0.0 0.0 0.0 0.0]
              [RUN 0] "$199/mo"
              [RUN 1] "\\n"
              TEXT [text-node] X:0.00 Y:0.00 W:0.00 H:0.00 M[0.0 0.0 0.0 0.0] P[6.0 6.0 6.0 6.0] B[0.0 0.0 0.0 0.0] "$199/mo"
            CELL [td] X:0.00 Y:0.00 W:72.15 H:14.00 M[0.0 0.0 0.0 0.0] P[6.0 6.0 6.0 6.0] B[0.0 0.0 0.0 0.0]
              [RUN 0] "Active"
              [RUN 1] "\\n"
              TEXT [text-node] X:0.00 Y:0.00 W:0.00 H:0.00 M[0.0 0.0 0.0 0.0] P[6.0 6.0 6.0 6.0] B[0.0 0.0 0.0 0.0] "Active"
          ROW [tr] X:0.00 Y:0.00 W:481.89 H:26.00 M[0.0 0.0 0.0 0.0] P[0.0 0.0 0.0 0.0] B[0.0 0.0 0.0 0.0]
            CELL [td] X:0.00 Y:0.00 W:61.62 H:14.00 M[0.0 0.0 0.0 0.0] P[6.0 6.0 6.0 6.0] B[0.0 0.0 0.0 0.0]
              [RUN 0] "004"
              [RUN 1] "\\n"
              TEXT [text-node] X:0.00 Y:0.00 W:0.00 H:0.00 M[0.0 0.0 0.0 0.0] P[6.0 6.0 6.0 6.0] B[0.0 0.0 0.0 0.0] "004"
            CELL [td] X:0.00 Y:0.00 W:147.13 H:14.00 M[0.0 0.0 0.0 0.0] P[6.0 6.0 6.0 6.0] B[0.0 0.0 0.0 0.0]
              [RUN 0] "Object"
              [RUN 1] " "
              [RUN 2] "Storage"
              [RUN 3] " "
              [RUN 4] "(1TB)"
              [RUN 5] "\\n"
              TEXT [text-node] X:0.00 Y:0.00 W:0.00 H:0.00 M[0.0 0.0 0.0 0.0] P[6.0 6.0 6.0 6.0] B[0.0 0.0 0.0 0.0] "Object Storage (1TB)"
            CELL [td] X:0.00 Y:0.00 W:114.39 H:14.00 M[0.0 0.0 0.0 0.0] P[6.0 6.0 6.0 6.0] B[0.0 0.0 0.0 0.0]
              [RUN 0] "Storage"
              [RUN 1] "\\n"
              TEXT [text-node] X:0.00 Y:0.00 W:0.00 H:0.00 M[0.0 0.0 0.0 0.0] P[6.0 6.0 6.0 6.0] B[0.0 0.0 0.0 0.0] "Storage"
            CELL [td] X:0.00 Y:0.00 W:86.61 H:14.00 M[0.0 0.0 0.0 0.0] P[6.0 6.0 6.0 6.0] B[0.0 0.0 0.0 0.0]
              [RUN 0] "$23/mo"
              [RUN 1] "\\n"
              TEXT [text-node] X:0.00 Y:0.00 W:0.00 H:0.00 M[0.0 0.0 0.0 0.0] P[6.0 6.0 6.0 6.0] B[0.0 0.0 0.0 0.0] "$23/mo"
            CELL [td] X:0.00 Y:0.00 W:72.15 H:14.00 M[0.0 0.0 0.0 0.0] P[6.0 6.0 6.0 6.0] B[0.0 0.0 0.0 0.0]
              [RUN 0] "Active"
              [RUN 1] "\\n"
              TEXT [text-node] X:0.00 Y:0.00 W:0.00 H:0.00 M[0.0 0.0 0.0 0.0] P[6.0 6.0 6.0 6.0] B[0.0 0.0 0.0 0.0] "Active"
          ROW [tr] X:0.00 Y:0.00 W:481.89 H:26.00 M[0.0 0.0 0.0 0.0] P[0.0 0.0 0.0 0.0] B[0.0 0.0 0.0 0.0]
            CELL [td] X:0.00 Y:0.00 W:61.62 H:14.00 M[0.0 0.0 0.0 0.0] P[6.0 6.0 6.0 6.0] B[0.0 0.0 0.0 0.0]
              [RUN 0] "005"
              [RUN 1] "\\n"
              TEXT [text-node] X:0.00 Y:0.00 W:0.00 H:0.00 M[0.0 0.0 0.0 0.0] P[6.0 6.0 6.0 6.0] B[0.0 0.0 0.0 0.0] "005"
            CELL [td] X:0.00 Y:0.00 W:147.13 H:14.00 M[0.0 0.0 0.0 0.0] P[6.0 6.0 6.0 6.0] B[0.0 0.0 0.0 0.0]
              [RUN 0] "CDN"
              [RUN 1] " "
              [RUN 2] "(Global)"
              [RUN 3] "\\n"
              TEXT [text-node] X:0.00 Y:0.00 W:0.00 H:0.00 M[0.0 0.0 0.0 0.0] P[6.0 6.0 6.0 6.0] B[0.0 0.0 0.0 0.0] "CDN (Global)"
            CELL [td] X:0.00 Y:0.00 W:114.39 H:14.00 M[0.0 0.0 0.0 0.0] P[6.0 6.0 6.0 6.0] B[0.0 0.0 0.0 0.0]
              [RUN 0] "Networking"
              [RUN 1] "\\n"
              TEXT [text-node] X:0.00 Y:0.00 W:0.00 H:0.00 M[0.0 0.0 0.0 0.0] P[6.0 6.0 6.0 6.0] B[0.0 0.0 0.0 0.0] "Networking"
            CELL [td] X:0.00 Y:0.00 W:86.61 H:14.00 M[0.0 0.0 0.0 0.0] P[6.0 6.0 6.0 6.0] B[0.0 0.0 0.0 0.0]
              [RUN 0] "$89/mo"
              [RUN 1] "\\n"
              TEXT [text-node] X:0.00 Y:0.00 W:0.00 H:0.00 M[0.0 0.0 0.0 0.0] P[6.0 6.0 6.0 6.0] B[0.0 0.0 0.0 0.0] "$89/mo"
            CELL [td] X:0.00 Y:0.00 W:72.15 H:14.00 M[0.0 0.0 0.0 0.0] P[6.0 6.0 6.0 6.0] B[0.0 0.0 0.0 0.0]
              [RUN 0] "Active"
              [RUN 1] "\\n"
              TEXT [text-node] X:0.00 Y:0.00 W:0.00 H:0.00 M[0.0 0.0 0.0 0.0] P[6.0 6.0 6.0 6.0] B[0.0 0.0 0.0 0.0] "Active"
          ROW [tr] X:0.00 Y:0.00 W:481.89 H:26.00 M[0.0 0.0 0.0 0.0] P[0.0 0.0 0.0 0.0] B[0.0 0.0 0.0 0.0]
            CELL [td] X:0.00 Y:0.00 W:61.62 H:14.00 M[0.0 0.0 0.0 0.0] P[6.0 6.0 6.0 6.0] B[0.0 0.0 0.0 0.0]
              [RUN 0] "006"
              [RUN 1] "\\n"
              TEXT [text-node] X:0.00 Y:0.00 W:0.00 H:0.00 M[0.0 0.0 0.0 0.0] P[6.0 6.0 6.0 6.0] B[0.0 0.0 0.0 0.0] "006"
            CELL [td] X:0.00 Y:0.00 W:147.13 H:14.00 M[0.0 0.0 0.0 0.0] P[6.0 6.0 6.0 6.0] B[0.0 0.0 0.0 0.0]
              [RUN 0] "SSL"
              [RUN 1] " "
              [RUN 2] "Certificate"
              [RUN 3] "\\n"
              TEXT [text-node] X:0.00 Y:0.00 W:0.00 H:0.00 M[0.0 0.0 0.0 0.0] P[6.0 6.0 6.0 6.0] B[0.0 0.0 0.0 0.0] "SSL Certificate"
            CELL [td] X:0.00 Y:0.00 W:114.39 H:14.00 M[0.0 0.0 0.0 0.0] P[6.0 6.0 6.0 6.0] B[0.0 0.0 0.0 0.0]
              [RUN 0] "Security"
              [RUN 1] "\\n"
              TEXT [text-node] X:0.00 Y:0.00 W:0.00 H:0.00 M[0.0 0.0 0.0 0.0] P[6.0 6.0 6.0 6.0] B[0.0 0.0 0.0 0.0] "Security"
            CELL [td] X:0.00 Y:0.00 W:86.61 H:14.00 M[0.0 0.0 0.0 0.0] P[6.0 6.0 6.0 6.0] B[0.0 0.0 0.0 0.0]
              [RUN 0] "$12/yr"
              [RUN 1] "\\n"
              TEXT [text-node] X:0.00 Y:0.00 W:0.00 H:0.00 M[0.0 0.0 0.0 0.0] P[6.0 6.0 6.0 6.0] B[0.0 0.0 0.0 0.0] "$12/yr"
            CELL [td] X:0.00 Y:0.00 W:72.15 H:14.00 M[0.0 0.0 0.0 0.0] P[6.0 6.0 6.0 6.0] B[0.0 0.0 0.0 0.0]
              [RUN 0] "Active"
              [RUN 1] "\\n"
              TEXT [text-node] X:0.00 Y:0.00 W:0.00 H:0.00 M[0.0 0.0 0.0 0.0] P[6.0 6.0 6.0 6.0] B[0.0 0.0 0.0 0.0] "Active"
          ROW [tr] X:0.00 Y:0.00 W:481.89 H:26.00 M[0.0 0.0 0.0 0.0] P[0.0 0.0 0.0 0.0] B[0.0 0.0 0.0 0.0]
            CELL [td] X:0.00 Y:0.00 W:61.62 H:14.00 M[0.0 0.0 0.0 0.0] P[6.0 6.0 6.0 6.0] B[0.0 0.0 0.0 0.0]
              [RUN 0] "007"
              [RUN 1] "\\n"
              TEXT [text-node] X:0.00 Y:0.00 W:0.00 H:0.00 M[0.0 0.0 0.0 0.0] P[6.0 6.0 6.0 6.0] B[0.0 0.0 0.0 0.0] "007"
            CELL [td] X:0.00 Y:0.00 W:147.13 H:14.00 M[0.0 0.0 0.0 0.0] P[6.0 6.0 6.0 6.0] B[0.0 0.0 0.0 0.0]
              [RUN 0] "DDoS"
              [RUN 1] " "
              [RUN 2] "Protection"
              [RUN 3] "\\n"
              TEXT [text-node] X:0.00 Y:0.00 W:0.00 H:0.00 M[0.0 0.0 0.0 0.0] P[6.0 6.0 6.0 6.0] B[0.0 0.0 0.0 0.0] "DDoS Protection"
            CELL [td] X:0.00 Y:0.00 W:114.39 H:14.00 M[0.0 0.0 0.0 0.0] P[6.0 6.0 6.0 6.0] B[0.0 0.0 0.0 0.0]
              [RUN 0] "Security"
              [RUN 1] "\\n"
              TEXT [text-node] X:0.00 Y:0.00 W:0.00 H:0.00 M[0.0 0.0 0.0 0.0] P[6.0 6.0 6.0 6.0] B[0.0 0.0 0.0 0.0] "Security"
            CELL [td] X:0.00 Y:0.00 W:86.61 H:14.00 M[0.0 0.0 0.0 0.0] P[6.0 6.0 6.0 6.0] B[0.0 0.0 0.0 0.0]
              [RUN 0] "$149/mo"
              [RUN 1] "\\n"
              TEXT [text-node] X:0.00 Y:0.00 W:0.00 H:0.00 M[0.0 0.0 0.0 0.0] P[6.0 6.0 6.0 6.0] B[0.0 0.0 0.0 0.0] "$149/mo"
            CELL [td] X:0.00 Y:0.00 W:72.15 H:14.00 M[0.0 0.0 0.0 0.0] P[6.0 6.0 6.0 6.0] B[0.0 0.0 0.0 0.0]
              [RUN 0] "Active"
              [RUN 1] "\\n"
              TEXT [text-node] X:0.00 Y:0.00 W:0.00 H:0.00 M[0.0 0.0 0.0 0.0] P[6.0 6.0 6.0 6.0] B[0.0 0.0 0.0 0.0] "Active"
          ROW [tr] X:0.00 Y:0.00 W:481.89 H:26.00 M[0.0 0.0 0.0 0.0] P[0.0 0.0 0.0 0.0] B[0.0 0.0 0.0 0.0]
            CELL [td] X:0.00 Y:0.00 W:61.62 H:14.00 M[0.0 0.0 0.0 0.0] P[6.0 6.0 6.0 6.0] B[0.0 0.0 0.0 0.0]
              [RUN 0] "008"
              [RUN 1] "\\n"
              TEXT [text-node] X:0.00 Y:0.00 W:0.00 H:0.00 M[0.0 0.0 0.0 0.0] P[6.0 6.0 6.0 6.0] B[0.0 0.0 0.0 0.0] "008"
            CELL [td] X:0.00 Y:0.00 W:147.13 H:14.00 M[0.0 0.0 0.0 0.0] P[6.0 6.0 6.0 6.0] B[0.0 0.0 0.0 0.0]
              [RUN 0] "DNS"
              [RUN 1] " "
              [RUN 2] "Management"
              [RUN 3] "\\n"
              TEXT [text-node] X:0.00 Y:0.00 W:0.00 H:0.00 M[0.0 0.0 0.0 0.0] P[6.0 6.0 6.0 6.0] B[0.0 0.0 0.0 0.0] "DNS Management"
            CELL [td] X:0.00 Y:0.00 W:114.39 H:14.00 M[0.0 0.0 0.0 0.0] P[6.0 6.0 6.0 6.0] B[0.0 0.0 0.0 0.0]
              [RUN 0] "Networking"
              [RUN 1] "\\n"
              TEXT [text-node] X:0.00 Y:0.00 W:0.00 H:0.00 M[0.0 0.0 0.0 0.0] P[6.0 6.0 6.0 6.0] B[0.0 0.0 0.0 0.0] "Networking"
            CELL [td] X:0.00 Y:0.00 W:86.61 H:14.00 M[0.0 0.0 0.0 0.0] P[6.0 6.0 6.0 6.0] B[0.0 0.0 0.0 0.0]
              [RUN 0] "$5/mo"
              [RUN 1] "\\n"
              TEXT [text-node] X:0.00 Y:0.00 W:0.00 H:0.00 M[0.0 0.0 0.0 0.0] P[6.0 6.0 6.0 6.0] B[0.0 0.0 0.0 0.0] "$5/mo"
            CELL [td] X:0.00 Y:0.00 W:72.15 H:14.00 M[0.0 0.0 0.0 0.0] P[6.0 6.0 6.0 6.0] B[0.0 0.0 0.0 0.0]
              [RUN 0] "Active"
              [RUN 1] "\\n"
              TEXT [text-node] X:0.00 Y:0.00 W:0.00 H:0.00 M[0.0 0.0 0.0 0.0] P[6.0 6.0 6.0 6.0] B[0.0 0.0 0.0 0.0] "Active"
          ROW [tr] X:0.00 Y:0.00 W:481.89 H:26.00 M[0.0 0.0 0.0 0.0] P[0.0 0.0 0.0 0.0] B[0.0 0.0 0.0 0.0]
            CELL [td] X:0.00 Y:0.00 W:61.62 H:14.00 M[0.0 0.0 0.0 0.0] P[6.0 6.0 6.0 6.0] B[0.0 0.0 0.0 0.0]
              [RUN 0] "009"
              [RUN 1] "\\n"
              TEXT [text-node] X:0.00 Y:0.00 W:0.00 H:0.00 M[0.0 0.0 0.0 0.0] P[6.0 6.0 6.0 6.0] B[0.0 0.0 0.0 0.0] "009"
            CELL [td] X:0.00 Y:0.00 W:147.13 H:14.00 M[0.0 0.0 0.0 0.0] P[6.0 6.0 6.0 6.0] B[0.0 0.0 0.0 0.0]
              [RUN 0] "Container"
              [RUN 1] " "
              [RUN 2] "Registry"
              [RUN 3] "\\n"
              TEXT [text-node] X:0.00 Y:0.00 W:0.00 H:0.00 M[0.0 0.0 0.0 0.0] P[6.0 6.0 6.0 6.0] B[0.0 0.0 0.0 0.0] "Container Registry"
            CELL [td] X:0.00 Y:0.00 W:114.39 H:14.00 M[0.0 0.0 0.0 0.0] P[6.0 6.0 6.0 6.0] B[0.0 0.0 0.0 0.0]
              [RUN 0] "DevOps"
              [RUN 1] "\\n"
              TEXT [text-node] X:0.00 Y:0.00 W:0.00 H:0.00 M[0.0 0.0 0.0 0.0] P[6.0 6.0 6.0 6.0] B[0.0 0.0 0.0 0.0] "DevOps"
            CELL [td] X:0.00 Y:0.00 W:86.61 H:14.00 M[0.0 0.0 0.0 0.0] P[6.0 6.0 6.0 6.0] B[0.0 0.0 0.0 0.0]
              [RUN 0] "$25/mo"
              [RUN 1] "\\n"
              TEXT [text-node] X:0.00 Y:0.00 W:0.00 H:0.00 M[0.0 0.0 0.0 0.0] P[6.0 6.0 6.0 6.0] B[0.0 0.0 0.0 0.0] "$25/mo"
            CELL [td] X:0.00 Y:0.00 W:72.15 H:14.00 M[0.0 0.0 0.0 0.0] P[6.0 6.0 6.0 6.0] B[0.0 0.0 0.0 0.0]
              [RUN 0] "Active"
              [RUN 1] "\\n"
              TEXT [text-node] X:0.00 Y:0.00 W:0.00 H:0.00 M[0.0 0.0 0.0 0.0] P[6.0 6.0 6.0 6.0] B[0.0 0.0 0.0 0.0] "Active"
          ROW [tr] X:0.00 Y:0.00 W:481.89 H:26.00 M[0.0 0.0 0.0 0.0] P[0.0 0.0 0.0 0.0] B[0.0 0.0 0.0 0.0]
            CELL [td] X:0.00 Y:0.00 W:61.62 H:14.00 M[0.0 0.0 0.0 0.0] P[6.0 6.0 6.0 6.0] B[0.0 0.0 0.0 0.0]
              [RUN 0] "010"
              [RUN 1] "\\n"
              TEXT [text-node] X:0.00 Y:0.00 W:0.00 H:0.00 M[0.0 0.0 0.0 0.0] P[6.0 6.0 6.0 6.0] B[0.0 0.0 0.0 0.0] "010"
            CELL [td] X:0.00 Y:0.00 W:147.13 H:14.00 M[0.0 0.0 0.0 0.0] P[6.0 6.0 6.0 6.0] B[0.0 0.0 0.0 0.0]
              [RUN 0] "CI/CD"
              [RUN 1] " "
              [RUN 2] "Pipeline"
              [RUN 3] "\\n"
              TEXT [text-node] X:0.00 Y:0.00 W:0.00 H:0.00 M[0.0 0.0 0.0 0.0] P[6.0 6.0 6.0 6.0] B[0.0 0.0 0.0 0.0] "CI/CD Pipeline"
            CELL [td] X:0.00 Y:0.00 W:114.39 H:14.00 M[0.0 0.0 0.0 0.0] P[6.0 6.0 6.0 6.0] B[0.0 0.0 0.0 0.0]
              [RUN 0] "DevOps"
              [RUN 1] "\\n"
              TEXT [text-node] X:0.00 Y:0.00 W:0.00 H:0.00 M[0.0 0.0 0.0 0.0] P[6.0 6.0 6.0 6.0] B[0.0 0.0 0.0 0.0] "DevOps"
            CELL [td] X:0.00 Y:0.00 W:86.61 H:14.00 M[0.0 0.0 0.0 0.0] P[6.0 6.0 6.0 6.0] B[0.0 0.0 0.0 0.0]
              [RUN 0] "$39/mo"
              [RUN 1] "\\n"
              TEXT [text-node] X:0.00 Y:0.00 W:0.00 H:0.00 M[0.0 0.0 0.0 0.0] P[6.0 6.0 6.0 6.0] B[0.0 0.0 0.0 0.0] "$39/mo"
            CELL [td] X:0.00 Y:0.00 W:72.15 H:14.00 M[0.0 0.0 0.0 0.0] P[6.0 6.0 6.0 6.0] B[0.0 0.0 0.0 0.0]
              [RUN 0] "Active"
              [RUN 1] "\\n"
              TEXT [text-node] X:0.00 Y:0.00 W:0.00 H:0.00 M[0.0 0.0 0.0 0.0] P[6.0 6.0 6.0 6.0] B[0.0 0.0 0.0 0.0] "Active"
          ROW [tr] X:0.00 Y:0.00 W:481.89 H:26.00 M[0.0 0.0 0.0 0.0] P[0.0 0.0 0.0 0.0] B[0.0 0.0 0.0 0.0]
            CELL [td] X:0.00 Y:0.00 W:61.62 H:14.00 M[0.0 0.0 0.0 0.0] P[6.0 6.0 6.0 6.0] B[0.0 0.0 0.0 0.0]
              [RUN 0] "011"
              [RUN 1] "\\n"
              TEXT [text-node] X:0.00 Y:0.00 W:0.00 H:0.00 M[0.0 0.0 0.0 0.0] P[6.0 6.0 6.0 6.0] B[0.0 0.0 0.0 0.0] "011"
            CELL [td] X:0.00 Y:0.00 W:147.13 H:14.00 M[0.0 0.0 0.0 0.0] P[6.0 6.0 6.0 6.0] B[0.0 0.0 0.0 0.0]
              [RUN 0] "Monitoring"
              [RUN 1] " "
              [RUN 2] "Suite"
              [RUN 3] "\\n"
              TEXT [text-node] X:0.00 Y:0.00 W:0.00 H:0.00 M[0.0 0.0 0.0 0.0] P[6.0 6.0 6.0 6.0] B[0.0 0.0 0.0 0.0] "Monitoring Suite"
            CELL [td] X:0.00 Y:0.00 W:114.39 H:14.00 M[0.0 0.0 0.0 0.0] P[6.0 6.0 6.0 6.0] B[0.0 0.0 0.0 0.0]
              [RUN 0] "Observability"
              [RUN 1] "\\n"
              TEXT [text-node] X:0.00 Y:0.00 W:0.00 H:0.00 M[0.0 0.0 0.0 0.0] P[6.0 6.0 6.0 6.0] B[0.0 0.0 0.0 0.0] "Observability"
            CELL [td] X:0.00 Y:0.00 W:86.61 H:14.00 M[0.0 0.0 0.0 0.0] P[6.0 6.0 6.0 6.0] B[0.0 0.0 0.0 0.0]
              [RUN 0] "$79/mo"
              [RUN 1] "\\n"
              TEXT [text-node] X:0.00 Y:0.00 W:0.00 H:0.00 M[0.0 0.0 0.0 0.0] P[6.0 6.0 6.0 6.0] B[0.0 0.0 0.0 0.0] "$79/mo"
            CELL [td] X:0.00 Y:0.00 W:72.15 H:14.00 M[0.0 0.0 0.0 0.0] P[6.0 6.0 6.0 6.0] B[0.0 0.0 0.0 0.0]
              [RUN 0] "Active"
              [RUN 1] "\\n"
              TEXT [text-node] X:0.00 Y:0.00 W:0.00 H:0.00 M[0.0 0.0 0.0 0.0] P[6.0 6.0 6.0 6.0] B[0.0 0.0 0.0 0.0] "Active"
          ROW [tr] X:0.00 Y:0.00 W:481.89 H:26.00 M[0.0 0.0 0.0 0.0] P[0.0 0.0 0.0 0.0] B[0.0 0.0 0.0 0.0]
            CELL [td] X:0.00 Y:0.00 W:61.62 H:14.00 M[0.0 0.0 0.0 0.0] P[6.0 6.0 6.0 6.0] B[0.0 0.0 0.0 0.0]
              [RUN 0] "012"
              [RUN 1] "\\n"
              TEXT [text-node] X:0.00 Y:0.00 W:0.00 H:0.00 M[0.0 0.0 0.0 0.0] P[6.0 6.0 6.0 6.0] B[0.0 0.0 0.0 0.0] "012"
            CELL [td] X:0.00 Y:0.00 W:147.13 H:14.00 M[0.0 0.0 0.0 0.0] P[6.0 6.0 6.0 6.0] B[0.0 0.0 0.0 0.0]
              [RUN 0] "Log"
              [RUN 1] " "
              [RUN 2] "Analytics"
              [RUN 3] "\\n"
              TEXT [text-node] X:0.00 Y:0.00 W:0.00 H:0.00 M[0.0 0.0 0.0 0.0] P[6.0 6.0 6.0 6.0] B[0.0 0.0 0.0 0.0] "Log Analytics"
            CELL [td] X:0.00 Y:0.00 W:114.39 H:14.00 M[0.0 0.0 0.0 0.0] P[6.0 6.0 6.0 6.0] B[0.0 0.0 0.0 0.0]
              [RUN 0] "Observability"
              [RUN 1] "\\n"
              TEXT [text-node] X:0.00 Y:0.00 W:0.00 H:0.00 M[0.0 0.0 0.0 0.0] P[6.0 6.0 6.0 6.0] B[0.0 0.0 0.0 0.0] "Observability"
            CELL [td] X:0.00 Y:0.00 W:86.61 H:14.00 M[0.0 0.0 0.0 0.0] P[6.0 6.0 6.0 6.0] B[0.0 0.0 0.0 0.0]
              [RUN 0] "$45/mo"
              [RUN 1] "\\n"
              TEXT [text-node] X:0.00 Y:0.00 W:0.00 H:0.00 M[0.0 0.0 0.0 0.0] P[6.0 6.0 6.0 6.0] B[0.0 0.0 0.0 0.0] "$45/mo"
            CELL [td] X:0.00 Y:0.00 W:72.15 H:14.00 M[0.0 0.0 0.0 0.0] P[6.0 6.0 6.0 6.0] B[0.0 0.0 0.0 0.0]
              [RUN 0] "Active"
              [RUN 1] "\\n"
              TEXT [text-node] X:0.00 Y:0.00 W:0.00 H:0.00 M[0.0 0.0 0.0 0.0] P[6.0 6.0 6.0 6.0] B[0.0 0.0 0.0 0.0] "Active"
          ROW [tr] X:0.00 Y:0.00 W:481.89 H:26.00 M[0.0 0.0 0.0 0.0] P[0.0 0.0 0.0 0.0] B[0.0 0.0 0.0 0.0]
            CELL [td] X:0.00 Y:0.00 W:61.62 H:14.00 M[0.0 0.0 0.0 0.0] P[6.0 6.0 6.0 6.0] B[0.0 0.0 0.0 0.0]
              [RUN 0] "013"
              [RUN 1] "\\n"
              TEXT [text-node] X:0.00 Y:0.00 W:0.00 H:0.00 M[0.0 0.0 0.0 0.0] P[6.0 6.0 6.0 6.0] B[0.0 0.0 0.0 0.0] "013"
            CELL [td] X:0.00 Y:0.00 W:147.13 H:14.00 M[0.0 0.0 0.0 0.0] P[6.0 6.0 6.0 6.0] B[0.0 0.0 0.0 0.0]
              [RUN 0] "API"
              [RUN 1] " "
              [RUN 2] "Gateway"
              [RUN 3] "\\n"
              TEXT [text-node] X:0.00 Y:0.00 W:0.00 H:0.00 M[0.0 0.0 0.0 0.0] P[6.0 6.0 6.0 6.0] B[0.0 0.0 0.0 0.0] "API Gateway"
            CELL [td] X:0.00 Y:0.00 W:114.39 H:14.00 M[0.0 0.0 0.0 0.0] P[6.0 6.0 6.0 6.0] B[0.0 0.0 0.0 0.0]
              [RUN 0] "Integration"
              [RUN 1] "\\n"
              TEXT [text-node] X:0.00 Y:0.00 W:0.00 H:0.00 M[0.0 0.0 0.0 0.0] P[6.0 6.0 6.0 6.0] B[0.0 0.0 0.0 0.0] "Integration"
            CELL [td] X:0.00 Y:0.00 W:86.61 H:14.00 M[0.0 0.0 0.0 0.0] P[6.0 6.0 6.0 6.0] B[0.0 0.0 0.0 0.0]
              [RUN 0] "$59/mo"
              [RUN 1] "\\n"
              TEXT [text-node] X:0.00 Y:0.00 W:0.00 H:0.00 M[0.0 0.0 0.0 0.0] P[6.0 6.0 6.0 6.0] B[0.0 0.0 0.0 0.0] "$59/mo"
            CELL [td] X:0.00 Y:0.00 W:72.15 H:14.00 M[0.0 0.0 0.0 0.0] P[6.0 6.0 6.0 6.0] B[0.0 0.0 0.0 0.0]
              [RUN 0] "Active"
              [RUN 1] "\\n"
              TEXT [text-node] X:0.00 Y:0.00 W:0.00 H:0.00 M[0.0 0.0 0.0 0.0] P[6.0 6.0 6.0 6.0] B[0.0 0.0 0.0 0.0] "Active"
          ROW [tr] X:0.00 Y:0.00 W:481.89 H:26.00 M[0.0 0.0 0.0 0.0] P[0.0 0.0 0.0 0.0] B[0.0 0.0 0.0 0.0]
            CELL [td] X:0.00 Y:0.00 W:61.62 H:14.00 M[0.0 0.0 0.0 0.0] P[6.0 6.0 6.0 6.0] B[0.0 0.0 0.0 0.0]
              [RUN 0] "014"
              [RUN 1] "\\n"
              TEXT [text-node] X:0.00 Y:0.00 W:0.00 H:0.00 M[0.0 0.0 0.0 0.0] P[6.0 6.0 6.0 6.0] B[0.0 0.0 0.0 0.0] "014"
            CELL [td] X:0.00 Y:0.00 W:147.13 H:14.00 M[0.0 0.0 0.0 0.0] P[6.0 6.0 6.0 6.0] B[0.0 0.0 0.0 0.0]
              [RUN 0] "Message"
              [RUN 1] " "
              [RUN 2] "Queue"
              [RUN 3] "\\n"
              TEXT [text-node] X:0.00 Y:0.00 W:0.00 H:0.00 M[0.0 0.0 0.0 0.0] P[6.0 6.0 6.0 6.0] B[0.0 0.0 0.0 0.0] "Message Queue"
            CELL [td] X:0.00 Y:0.00 W:114.39 H:14.00 M[0.0 0.0 0.0 0.0] P[6.0 6.0 6.0 6.0] B[0.0 0.0 0.0 0.0]
              [RUN 0] "Integration"
              [RUN 1] "\\n"
              TEXT [text-node] X:0.00 Y:0.00 W:0.00 H:0.00 M[0.0 0.0 0.0 0.0] P[6.0 6.0 6.0 6.0] B[0.0 0.0 0.0 0.0] "Integration"
            CELL [td] X:0.00 Y:0.00 W:86.61 H:14.00 M[0.0 0.0 0.0 0.0] P[6.0 6.0 6.0 6.0] B[0.0 0.0 0.0 0.0]
              [RUN 0] "$35/mo"
              [RUN 1] "\\n"
              TEXT [text-node] X:0.00 Y:0.00 W:0.00 H:0.00 M[0.0 0.0 0.0 0.0] P[6.0 6.0 6.0 6.0] B[0.0 0.0 0.0 0.0] "$35/mo"
            CELL [td] X:0.00 Y:0.00 W:72.15 H:14.00 M[0.0 0.0 0.0 0.0] P[6.0 6.0 6.0 6.0] B[0.0 0.0 0.0 0.0]
              [RUN 0] "Active"
              [RUN 1] "\\n"
              TEXT [text-node] X:0.00 Y:0.00 W:0.00 H:0.00 M[0.0 0.0 0.0 0.0] P[6.0 6.0 6.0 6.0] B[0.0 0.0 0.0 0.0] "Active"
          ROW [tr] X:0.00 Y:0.00 W:481.89 H:26.00 M[0.0 0.0 0.0 0.0] P[0.0 0.0 0.0 0.0] B[0.0 0.0 0.0 0.0]
            CELL [td] X:0.00 Y:0.00 W:61.62 H:14.00 M[0.0 0.0 0.0 0.0] P[6.0 6.0 6.0 6.0] B[0.0 0.0 0.0 0.0]
              [RUN 0] "015"
              [RUN 1] "\\n"
              TEXT [text-node] X:0.00 Y:0.00 W:0.00 H:0.00 M[0.0 0.0 0.0 0.0] P[6.0 6.0 6.0 6.0] B[0.0 0.0 0.0 0.0] "015"
            CELL [td] X:0.00 Y:0.00 W:147.13 H:14.00 M[0.0 0.0 0.0 0.0] P[6.0 6.0 6.0 6.0] B[0.0 0.0 0.0 0.0]
              [RUN 0] "Serverless"
              [RUN 1] " "
              [RUN 2] "Functions"
              [RUN 3] "\\n"
              TEXT [text-node] X:0.00 Y:0.00 W:0.00 H:0.00 M[0.0 0.0 0.0 0.0] P[6.0 6.0 6.0 6.0] B[0.0 0.0 0.0 0.0] "Serverless Functions"
            CELL [td] X:0.00 Y:0.00 W:114.39 H:14.00 M[0.0 0.0 0.0 0.0] P[6.0 6.0 6.0 6.0] B[0.0 0.0 0.0 0.0]
              [RUN 0] "Compute"
              [RUN 1] "\\n"
              TEXT [text-node] X:0.00 Y:0.00 W:0.00 H:0.00 M[0.0 0.0 0.0 0.0] P[6.0 6.0 6.0 6.0] B[0.0 0.0 0.0 0.0] "Compute"
            CELL [td] X:0.00 Y:0.00 W:86.61 H:14.00 M[0.0 0.0 0.0 0.0] P[6.0 6.0 6.0 6.0] B[0.0 0.0 0.0 0.0]
              [RUN 0] "$0.20/1M"
              [RUN 1] "\\n"
              TEXT [text-node] X:0.00 Y:0.00 W:0.00 H:0.00 M[0.0 0.0 0.0 0.0] P[6.0 6.0 6.0 6.0] B[0.0 0.0 0.0 0.0] "$0.20/1M"
            CELL [td] X:0.00 Y:0.00 W:72.15 H:14.00 M[0.0 0.0 0.0 0.0] P[6.0 6.0 6.0 6.0] B[0.0 0.0 0.0 0.0]
              [RUN 0] "Active"
              [RUN 1] "\\n"
              TEXT [text-node] X:0.00 Y:0.00 W:0.00 H:0.00 M[0.0 0.0 0.0 0.0] P[6.0 6.0 6.0 6.0] B[0.0 0.0 0.0 0.0] "Active"
          ROW [tr] X:0.00 Y:0.00 W:481.89 H:26.00 M[0.0 0.0 0.0 0.0] P[0.0 0.0 0.0 0.0] B[0.0 0.0 0.0 0.0]
            CELL [td] X:0.00 Y:0.00 W:61.62 H:14.00 M[0.0 0.0 0.0 0.0] P[6.0 6.0 6.0 6.0] B[0.0 0.0 0.0 0.0]
              [RUN 0] "016"
              [RUN 1] "\\n"
              TEXT [text-node] X:0.00 Y:0.00 W:0.00 H:0.00 M[0.0 0.0 0.0 0.0] P[6.0 6.0 6.0 6.0] B[0.0 0.0 0.0 0.0] "016"
            CELL [td] X:0.00 Y:0.00 W:147.13 H:14.00 M[0.0 0.0 0.0 0.0] P[6.0 6.0 6.0 6.0] B[0.0 0.0 0.0 0.0]
              [RUN 0] "GPU"
              [RUN 1] " "
              [RUN 2] "Instance"
              [RUN 3] "\\n"
              TEXT [text-node] X:0.00 Y:0.00 W:0.00 H:0.00 M[0.0 0.0 0.0 0.0] P[6.0 6.0 6.0 6.0] B[0.0 0.0 0.0 0.0] "GPU Instance"
            CELL [td] X:0.00 Y:0.00 W:114.39 H:14.00 M[0.0 0.0 0.0 0.0] P[6.0 6.0 6.0 6.0] B[0.0 0.0 0.0 0.0]
              [RUN 0] "AI/ML"
              [RUN 1] "\\n"
              TEXT [text-node] X:0.00 Y:0.00 W:0.00 H:0.00 M[0.0 0.0 0.0 0.0] P[6.0 6.0 6.0 6.0] B[0.0 0.0 0.0 0.0] "AI/ML"
            CELL [td] X:0.00 Y:0.00 W:86.61 H:14.00 M[0.0 0.0 0.0 0.0] P[6.0 6.0 6.0 6.0] B[0.0 0.0 0.0 0.0]
              [RUN 0] "$899/mo"
              [RUN 1] "\\n"
              TEXT [text-node] X:0.00 Y:0.00 W:0.00 H:0.00 M[0.0 0.0 0.0 0.0] P[6.0 6.0 6.0 6.0] B[0.0 0.0 0.0 0.0] "$899/mo"
            CELL [td] X:0.00 Y:0.00 W:72.15 H:14.00 M[0.0 0.0 0.0 0.0] P[6.0 6.0 6.0 6.0] B[0.0 0.0 0.0 0.0]
              [RUN 0] "Active"
              [RUN 1] "\\n"
              TEXT [text-node] X:0.00 Y:0.00 W:0.00 H:0.00 M[0.0 0.0 0.0 0.0] P[6.0 6.0 6.0 6.0] B[0.0 0.0 0.0 0.0] "Active"
          ROW [tr] X:0.00 Y:0.00 W:481.89 H:26.00 M[0.0 0.0 0.0 0.0] P[0.0 0.0 0.0 0.0] B[0.0 0.0 0.0 0.0]
            CELL [td] X:0.00 Y:0.00 W:61.62 H:14.00 M[0.0 0.0 0.0 0.0] P[6.0 6.0 6.0 6.0] B[0.0 0.0 0.0 0.0]
              [RUN 0] "017"
              [RUN 1] "\\n"
              TEXT [text-node] X:0.00 Y:0.00 W:0.00 H:0.00 M[0.0 0.0 0.0 0.0] P[6.0 6.0 6.0 6.0] B[0.0 0.0 0.0 0.0] "017"
            CELL [td] X:0.00 Y:0.00 W:147.13 H:14.00 M[0.0 0.0 0.0 0.0] P[6.0 6.0 6.0 6.0] B[0.0 0.0 0.0 0.0]
              [RUN 0] "Data"
              [RUN 1] " "
              [RUN 2] "Warehouse"
              [RUN 3] "\\n"
              TEXT [text-node] X:0.00 Y:0.00 W:0.00 H:0.00 M[0.0 0.0 0.0 0.0] P[6.0 6.0 6.0 6.0] B[0.0 0.0 0.0 0.0] "Data Warehouse"
            CELL [td] X:0.00 Y:0.00 W:114.39 H:14.00 M[0.0 0.0 0.0 0.0] P[6.0 6.0 6.0 6.0] B[0.0 0.0 0.0 0.0]
              [RUN 0] "Analytics"
              [RUN 1] "\\n"
              TEXT [text-node] X:0.00 Y:0.00 W:0.00 H:0.00 M[0.0 0.0 0.0 0.0] P[6.0 6.0 6.0 6.0] B[0.0 0.0 0.0 0.0] "Analytics"
            CELL [td] X:0.00 Y:0.00 W:86.61 H:14.00 M[0.0 0.0 0.0 0.0] P[6.0 6.0 6.0 6.0] B[0.0 0.0 0.0 0.0]
              [RUN 0] "$349/mo"
              [RUN 1] "\\n"
              TEXT [text-node] X:0.00 Y:0.00 W:0.00 H:0.00 M[0.0 0.0 0.0 0.0] P[6.0 6.0 6.0 6.0] B[0.0 0.0 0.0 0.0] "$349/mo"
            CELL [td] X:0.00 Y:0.00 W:72.15 H:14.00 M[0.0 0.0 0.0 0.0] P[6.0 6.0 6.0 6.0] B[0.0 0.0 0.0 0.0]
              [RUN 0] "Active"
              [RUN 1] "\\n"
              TEXT [text-node] X:0.00 Y:0.00 W:0.00 H:0.00 M[0.0 0.0 0.0 0.0] P[6.0 6.0 6.0 6.0] B[0.0 0.0 0.0 0.0] "Active"
          ROW [tr] X:0.00 Y:0.00 W:481.89 H:26.00 M[0.0 0.0 0.0 0.0] P[0.0 0.0 0.0 0.0] B[0.0 0.0 0.0 0.0]
            CELL [td] X:0.00 Y:0.00 W:61.62 H:14.00 M[0.0 0.0 0.0 0.0] P[6.0 6.0 6.0 6.0] B[0.0 0.0 0.0 0.0]
              [RUN 0] "018"
              [RUN 1] "\\n"
              TEXT [text-node] X:0.00 Y:0.00 W:0.00 H:0.00 M[0.0 0.0 0.0 0.0] P[6.0 6.0 6.0 6.0] B[0.0 0.0 0.0 0.0] "018"
            CELL [td] X:0.00 Y:0.00 W:147.13 H:14.00 M[0.0 0.0 0.0 0.0] P[6.0 6.0 6.0 6.0] B[0.0 0.0 0.0 0.0]
              [RUN 0] "Email"
              [RUN 1] " "
              [RUN 2] "Service"
              [RUN 3] "\\n"
              TEXT [text-node] X:0.00 Y:0.00 W:0.00 H:0.00 M[0.0 0.0 0.0 0.0] P[6.0 6.0 6.0 6.0] B[0.0 0.0 0.0 0.0] "Email Service"
            CELL [td] X:0.00 Y:0.00 W:114.39 H:14.00 M[0.0 0.0 0.0 0.0] P[6.0 6.0 6.0 6.0] B[0.0 0.0 0.0 0.0]
              [RUN 0] "Communication"
              [RUN 1] "\\n"
              TEXT [text-node] X:0.00 Y:0.00 W:0.00 H:0.00 M[0.0 0.0 0.0 0.0] P[6.0 6.0 6.0 6.0] B[0.0 0.0 0.0 0.0] "Communication"
            CELL [td] X:0.00 Y:0.00 W:86.61 H:14.00 M[0.0 0.0 0.0 0.0] P[6.0 6.0 6.0 6.0] B[0.0 0.0 0.0 0.0]
              [RUN 0] "$15/mo"
              [RUN 1] "\\n"
              TEXT [text-node] X:0.00 Y:0.00 W:0.00 H:0.00 M[0.0 0.0 0.0 0.0] P[6.0 6.0 6.0 6.0] B[0.0 0.0 0.0 0.0] "$15/mo"
            CELL [td] X:0.00 Y:0.00 W:72.15 H:14.00 M[0.0 0.0 0.0 0.0] P[6.0 6.0 6.0 6.0] B[0.0 0.0 0.0 0.0]
              [RUN 0] "Active"
              [RUN 1] "\\n"
              TEXT [text-node] X:0.00 Y:0.00 W:0.00 H:0.00 M[0.0 0.0 0.0 0.0] P[6.0 6.0 6.0 6.0] B[0.0 0.0 0.0 0.0] "Active"
          ROW [tr] X:0.00 Y:0.00 W:481.89 H:26.00 M[0.0 0.0 0.0 0.0] P[0.0 0.0 0.0 0.0] B[0.0 0.0 0.0 0.0]
            CELL [td] X:0.00 Y:0.00 W:61.62 H:14.00 M[0.0 0.0 0.0 0.0] P[6.0 6.0 6.0 6.0] B[0.0 0.0 0.0 0.0]
              [RUN 0] "019"
              [RUN 1] "\\n"
              TEXT [text-node] X:0.00 Y:0.00 W:0.00 H:0.00 M[0.0 0.0 0.0 0.0] P[6.0 6.0 6.0 6.0] B[0.0 0.0 0.0 0.0] "019"
            CELL [td] X:0.00 Y:0.00 W:147.13 H:14.00 M[0.0 0.0 0.0 0.0] P[6.0 6.0 6.0 6.0] B[0.0 0.0 0.0 0.0]
              [RUN 0] "Push"
              [RUN 1] " "
              [RUN 2] "Notifications"
              [RUN 3] "\\n"
              TEXT [text-node] X:0.00 Y:0.00 W:0.00 H:0.00 M[0.0 0.0 0.0 0.0] P[6.0 6.0 6.0 6.0] B[0.0 0.0 0.0 0.0] "Push Notifications"
            CELL [td] X:0.00 Y:0.00 W:114.39 H:14.00 M[0.0 0.0 0.0 0.0] P[6.0 6.0 6.0 6.0] B[0.0 0.0 0.0 0.0]
              [RUN 0] "Communication"
              [RUN 1] "\\n"
              TEXT [text-node] X:0.00 Y:0.00 W:0.00 H:0.00 M[0.0 0.0 0.0 0.0] P[6.0 6.0 6.0 6.0] B[0.0 0.0 0.0 0.0] "Communication"
            CELL [td] X:0.00 Y:0.00 W:86.61 H:14.00 M[0.0 0.0 0.0 0.0] P[6.0 6.0 6.0 6.0] B[0.0 0.0 0.0 0.0]
              [RUN 0] "$29/mo"
              [RUN 1] "\\n"
              TEXT [text-node] X:0.00 Y:0.00 W:0.00 H:0.00 M[0.0 0.0 0.0 0.0] P[6.0 6.0 6.0 6.0] B[0.0 0.0 0.0 0.0] "$29/mo"
            CELL [td] X:0.00 Y:0.00 W:72.15 H:14.00 M[0.0 0.0 0.0 0.0] P[6.0 6.0 6.0 6.0] B[0.0 0.0 0.0 0.0]
              [RUN 0] "Active"
              [RUN 1] "\\n"
              TEXT [text-node] X:0.00 Y:0.00 W:0.00 H:0.00 M[0.0 0.0 0.0 0.0] P[6.0 6.0 6.0 6.0] B[0.0 0.0 0.0 0.0] "Active"
          ROW [tr] X:0.00 Y:0.00 W:481.89 H:26.00 M[0.0 0.0 0.0 0.0] P[0.0 0.0 0.0 0.0] B[0.0 0.0 0.0 0.0]
            CELL [td] X:0.00 Y:0.00 W:61.62 H:14.00 M[0.0 0.0 0.0 0.0] P[6.0 6.0 6.0 6.0] B[0.0 0.0 0.0 0.0]
              [RUN 0] "020"
              [RUN 1] "\\n"
              TEXT [text-node] X:0.00 Y:0.00 W:0.00 H:0.00 M[0.0 0.0 0.0 0.0] P[6.0 6.0 6.0 6.0] B[0.0 0.0 0.0 0.0] "020"
            CELL [td] X:0.00 Y:0.00 W:147.13 H:14.00 M[0.0 0.0 0.0 0.0] P[6.0 6.0 6.0 6.0] B[0.0 0.0 0.0 0.0]
              [RUN 0] "Identity"
              [RUN 1] " "
              [RUN 2] "Management"
              [RUN 3] "\\n"
              TEXT [text-node] X:0.00 Y:0.00 W:0.00 H:0.00 M[0.0 0.0 0.0 0.0] P[6.0 6.0 6.0 6.0] B[0.0 0.0 0.0 0.0] "Identity Management"
            CELL [td] X:0.00 Y:0.00 W:114.39 H:14.00 M[0.0 0.0 0.0 0.0] P[6.0 6.0 6.0 6.0] B[0.0 0.0 0.0 0.0]
              [RUN 0] "Security"
              [RUN 1] "\\n"
              TEXT [text-node] X:0.00 Y:0.00 W:0.00 H:0.00 M[0.0 0.0 0.0 0.0] P[6.0 6.0 6.0 6.0] B[0.0 0.0 0.0 0.0] "Security"
            CELL [td] X:0.00 Y:0.00 W:86.61 H:14.00 M[0.0 0.0 0.0 0.0] P[6.0 6.0 6.0 6.0] B[0.0 0.0 0.0 0.0]
              [RUN 0] "$99/mo"
              [RUN 1] "\\n"
              TEXT [text-node] X:0.00 Y:0.00 W:0.00 H:0.00 M[0.0 0.0 0.0 0.0] P[6.0 6.0 6.0 6.0] B[0.0 0.0 0.0 0.0] "$99/mo"
            CELL [td] X:0.00 Y:0.00 W:72.15 H:14.00 M[0.0 0.0 0.0 0.0] P[6.0 6.0 6.0 6.0] B[0.0 0.0 0.0 0.0]
              [RUN 0] "Active"
              [RUN 1] "\\n"
              TEXT [text-node] X:0.00 Y:0.00 W:0.00 H:0.00 M[0.0 0.0 0.0 0.0] P[6.0 6.0 6.0 6.0] B[0.0 0.0 0.0 0.0] "Active"
    BLOCK [div] X:0.00 Y:0.00 W:481.89 H:310.40 M[0.0 0.0 0.0 0.0] P[0.0 0.0 0.0 0.0] B[0.0 0.0 0.0 0.0]
      BLOCK [h2] X:0.00 Y:0.00 W:481.89 H:22.40 M[20.0 0.0 10.0 0.0] P[0.0 0.0 0.0 0.0] B[0.0 0.0 0.0 0.0]
        [RUN 0] "4."
        [RUN 1] " "
        [RUN 2] "Orphans"
        [RUN 3] " "
        [RUN 4] "and"
        [RUN 5] " "
        [RUN 6] "Widows"
        [RUN 7] "\\n"
        TEXT [text-node] X:0.00 Y:0.00 W:0.00 H:0.00 M[20.0 0.0 10.0 0.0] P[0.0 0.0 0.0 0.0] B[0.0 0.0 0.0 0.0] "4. Orphans and Widows"
      BLOCK [p] X:0.00 Y:0.00 W:481.89 H:42.00 M[0.0 0.0 8.0 0.0] P[0.0 0.0 0.0 0.0] B[0.0 0.0 0.0 0.0]
        [RUN 0] "The"
        [RUN 1] " "
        [RUN 2] "paragraphs"
        [RUN 3] " "
        [RUN 4] "in"
        [RUN 5] " "
        [RUN 6] "this"
        [RUN 7] " "
        [RUN 8] "document"
        [RUN 9] " "
        [RUN 10] "use"
        [RUN 11] " "
        [RUN 12] "orphans:"
        [RUN 13] " "
        [RUN 14] "3;"
        [RUN 15] " "
        [RUN 16] "widows:"
        [RUN 17] " "
        [RUN 18] "3;"
        [RUN 19] " "
        [RUN 20] "which"
        [RUN 21] " "
        [RUN 22] "means"
        [RUN 23] " "
        [RUN 24] "the"
        [RUN 25] " "
        [RUN 26] "layout"
        [RUN 27] " "
        [RUN 28] "engine"
        [RUN 29] " "
        [RUN 30] "ensures"
        [RUN 31] " "
        [RUN 32] "at"
        [RUN 33] " "
        [RUN 34] "least"
        [RUN 35] "\\n"
        [RUN 36] "3"
        [RUN 37] " "
        [RUN 38] "lines"
        [RUN 39] " "
        [RUN 40] "appear"
        [RUN 41] " "
        [RUN 42] "at"
        [RUN 43] " "
        [RUN 44] "the"
        [RUN 45] " "
        [RUN 46] "bottom"
        [RUN 47] " "
        [RUN 48] "of"
        [RUN 49] " "
        [RUN 50] "a"
        [RUN 51] " "
        [RUN 52] "page"
        [RUN 53] " "
        [RUN 54] "before"
        [RUN 55] " "
        [RUN 56] "a"
        [RUN 57] " "
        [RUN 58] "break,"
        [RUN 59] " "
        [RUN 60] "and"
        [RUN 61] " "
        [RUN 62] "at"
        [RUN 63] " "
        [RUN 64] "least"
        [RUN 65] " "
        [RUN 66] "3"
        [RUN 67] " "
        [RUN 68] "lines"
        [RUN 69] " "
        [RUN 70] "appear"
        [RUN 71] " "
        [RUN 72] "at"
        [RUN 73] " "
        [RUN 74] "the"
        [RUN 75] " "
        [RUN 76] "top"
        [RUN 77] " "
        [RUN 78] "of"
        [RUN 79] " "
        [RUN 80] "the"
        [RUN 81] " "
        [RUN 82] "next"
        [RUN 83] " "
        [RUN 84] "page"
        [RUN 85] "\\n"
        [RUN 86] "after"
        [RUN 87] " "
        [RUN 88] "a"
        [RUN 89] " "
        [RUN 90] "break."
        [RUN 91] "\\n"
        TEXT [text-node] X:0.00 Y:0.00 W:0.00 H:0.00 M[0.0 0.0 8.0 0.0] P[0.0 0.0 0.0 0.0] B[0.0 0.0 0.0 0.0] "The paragraphs in this document use "
        INLINE [code] INLINE X:0.00 Y:0.00 W:0.00 H:0.00 M[0.0 0.0 0.0 0.0] P[0.0 0.0 0.0 0.0] B[0.0 0.0 0.0 0.0]
          TEXT [text-node] X:0.00 Y:0.00 W:0.00 H:0.00 M[0.0 0.0 0.0 0.0] P[0.0 0.0 0.0 0.0] B[0.0 0.0 0.0 0.0] "orphans: 3; widows: 3;"
        TEXT [text-node] X:0.00 Y:0.00 W:0.00 H:0.00 M[0.0 0.0 8.0 0.0] P[0.0 0.0 0.0 0.0] B[0.0 0.0 0.0 0.0] " which means the layout engine ensure..."
      BLOCK [p] X:0.00 Y:0.00 W:481.89 H:28.00 M[0.0 0.0 8.0 0.0] P[0.0 0.0 0.0 0.0] B[0.0 0.0 0.0 0.0]
        [RUN 0] "This"
        [RUN 1] " "
        [RUN 2] "prevents"
        [RUN 3] " "
        [RUN 4] "the"
        [RUN 5] " "
        [RUN 6] "common"
        [RUN 7] " "
        [RUN 8] "typographical"
        [RUN 9] " "
        [RUN 10] "error"
        [RUN 11] " "
        [RUN 12] "of"
        [RUN 13] " "
        [RUN 14] "having"
        [RUN 15] " "
        [RUN 16] "a"
        [RUN 17] " "
        [RUN 18] "single"
        [RUN 19] " "
        [RUN 20] "lonely"
        [RUN 21] " "
        [RUN 22] "line"
        [RUN 23] " "
        [RUN 24] "stranded"
        [RUN 25] " "
        [RUN 26] "at"
        [RUN 27] " "
        [RUN 28] "the"
        [RUN 29] " "
        [RUN 30] "top"
        [RUN 31] " "
        [RUN 32] "or"
        [RUN 33] " "
        [RUN 34] "bottom"
        [RUN 35] " "
        [RUN 36] "of"
        [RUN 37] "\\n"
        [RUN 38] "a"
        [RUN 39] " "
        [RUN 40] "page,"
        [RUN 41] " "
        [RUN 42] "which"
        [RUN 43] " "
        [RUN 44] "looks"
        [RUN 45] " "
        [RUN 46] "unprofessional"
        [RUN 47] " "
        [RUN 48] "in"
        [RUN 49] " "
        [RUN 50] "printed"
        [RUN 51] " "
        [RUN 52] "documents."
        [RUN 53] "\\n"
        TEXT [text-node] X:0.00 Y:0.00 W:0.00 H:0.00 M[0.0 0.0 8.0 0.0] P[0.0 0.0 0.0 0.0] B[0.0 0.0 0.0 0.0] "This prevents the common typographica..."
      BLOCK [p] X:0.00 Y:0.00 W:481.89 H:42.00 M[0.0 0.0 8.0 0.0] P[0.0 0.0 0.0 0.0] B[0.0 0.0 0.0 0.0]
        [RUN 0] "Professional"
        [RUN 1] " "
        [RUN 2] "typesetting"
        [RUN 3] " "
        [RUN 4] "has"
        [RUN 5] " "
        [RUN 6] "enforced"
        [RUN 7] " "
        [RUN 8] "orphan"
        [RUN 9] " "
        [RUN 10] "and"
        [RUN 11] " "
        [RUN 12] "widow"
        [RUN 13] " "
        [RUN 14] "rules"
        [RUN 15] " "
        [RUN 16] "for"
        [RUN 17] " "
        [RUN 18] "centuries."
        [RUN 19] " "
        [RUN 20] "The"
        [RUN 21] " "
        [RUN 22] "term"
        [RUN 23] " "
        [RUN 24] "\"orphan\""
        [RUN 25] " "
        [RUN 26] "refers"
        [RUN 27] " "
        [RUN 28] "to"
        [RUN 29] " "
        [RUN 30] "the"
        [RUN 31] "\\n"
        [RUN 32] "first"
        [RUN 33] " "
        [RUN 34] "line"
        [RUN 35] " "
        [RUN 36] "of"
        [RUN 37] " "
        [RUN 38] "a"
        [RUN 39] " "
        [RUN 40] "paragraph"
        [RUN 41] " "
        [RUN 42] "stranded"
        [RUN 43] " "
        [RUN 44] "alone"
        [RUN 45] " "
        [RUN 46] "at"
        [RUN 47] " "
        [RUN 48] "the"
        [RUN 49] " "
        [RUN 50] "bottom"
        [RUN 51] " "
        [RUN 52] "of"
        [RUN 53] " "
        [RUN 54] "a"
        [RUN 55] " "
        [RUN 56] "page,"
        [RUN 57] " "
        [RUN 58] "while"
        [RUN 59] " "
        [RUN 60] "\"widow\""
        [RUN 61] " "
        [RUN 62] "refers"
        [RUN 63] " "
        [RUN 64] "to"
        [RUN 65] " "
        [RUN 66] "the"
        [RUN 67] " "
        [RUN 68] "last"
        [RUN 69] " "
        [RUN 70] "line"
        [RUN 71] " "
        [RUN 72] "stranded"
        [RUN 73] "\\n"
        [RUN 74] "at"
        [RUN 75] " "
        [RUN 76] "the"
        [RUN 77] " "
        [RUN 78] "top"
        [RUN 79] " "
        [RUN 80] "of"
        [RUN 81] " "
        [RUN 82] "the"
        [RUN 83] " "
        [RUN 84] "next"
        [RUN 85] " "
        [RUN 86] "page."
        [RUN 87] " "
        [RUN 88] "Both"
        [RUN 89] " "
        [RUN 90] "are"
        [RUN 91] " "
        [RUN 92] "considered"
        [RUN 93] " "
        [RUN 94] "bad"
        [RUN 95] " "
        [RUN 96] "practice"
        [RUN 97] " "
        [RUN 98] "in"
        [RUN 99] " "
        [RUN 100] "professional"
        [RUN 101] " "
        [RUN 102] "publishing."
        [RUN 103] "\\n"
        TEXT [text-node] X:0.00 Y:0.00 W:0.00 H:0.00 M[0.0 0.0 8.0 0.0] P[0.0 0.0 0.0 0.0] B[0.0 0.0 0.0 0.0] "Professional typesetting has enforced..."
      BLOCK [p] X:0.00 Y:0.00 W:481.89 H:28.00 M[0.0 0.0 8.0 0.0] P[0.0 0.0 0.0 0.0] B[0.0 0.0 0.0 0.0]
        [RUN 0] "By"
        [RUN 1] " "
        [RUN 2] "setting"
        [RUN 3] " "
        [RUN 4] "these"
        [RUN 5] " "
        [RUN 6] "CSS"
        [RUN 7] " "
        [RUN 8] "properties,"
        [RUN 9] " "
        [RUN 10] "you"
        [RUN 11] " "
        [RUN 12] "get"
        [RUN 13] " "
        [RUN 14] "automatic"
        [RUN 15] " "
        [RUN 16] "protection"
        [RUN 17] " "
        [RUN 18] "against"
        [RUN 19] " "
        [RUN 20] "these"
        [RUN 21] " "
        [RUN 22] "typographical"
        [RUN 23] " "
        [RUN 24] "issues"
        [RUN 25] " "
        [RUN 26] "without"
        [RUN 27] "\\n"
        [RUN 28] "having"
        [RUN 29] " "
        [RUN 30] "to"
        [RUN 31] " "
        [RUN 32] "manually"
        [RUN 33] " "
        [RUN 34] "adjust"
        [RUN 35] " "
        [RUN 36] "your"
        [RUN 37] " "
        [RUN 38] "content."
        [RUN 39] " "
        [RUN 40] "The"
        [RUN 41] " "
        [RUN 42] "layout"
        [RUN 43] " "
        [RUN 44] "engine"
        [RUN 45] " "
        [RUN 46] "handles"
        [RUN 47] " "
        [RUN 48] "it"
        [RUN 49] " "
        [RUN 50] "during"
        [RUN 51] " "
        [RUN 52] "pagination."
        [RUN 53] "\\n"
        TEXT [text-node] X:0.00 Y:0.00 W:0.00 H:0.00 M[0.0 0.0 8.0 0.0] P[0.0 0.0 0.0 0.0] B[0.0 0.0 0.0 0.0] "By setting these CSS properties, you ..."
      BLOCK [p] X:0.00 Y:0.00 W:481.89 H:28.00 M[0.0 0.0 8.0 0.0] P[0.0 0.0 0.0 0.0] B[0.0 0.0 0.0 0.0]
        [RUN 0] "This"
        [RUN 1] " "
        [RUN 2] "is"
        [RUN 3] " "
        [RUN 4] "the"
        [RUN 5] " "
        [RUN 6] "final"
        [RUN 7] " "
        [RUN 8] "section"
        [RUN 9] " "
        [RUN 10] "of"
        [RUN 11] " "
        [RUN 12] "the"
        [RUN 13] " "
        [RUN 14] "M3"
        [RUN 15] " "
        [RUN 16] "pagination"
        [RUN 17] " "
        [RUN 18] "demo."
        [RUN 19] " "
        [RUN 20] "Thank"
        [RUN 21] " "
        [RUN 22] "you"
        [RUN 23] " "
        [RUN 24] "for"
        [RUN 25] " "
        [RUN 26] "exploring"
        [RUN 27] " "
        [RUN 28] "the"
        [RUN 29] " "
        [RUN 30] "advanced"
        [RUN 31] " "
        [RUN 32] "pagination"
        [RUN 33] "\\n"
        [RUN 34] "features"
        [RUN 35] " "
        [RUN 36] "of"
        [RUN 37] " "
        [RUN 38] "papyrus!"
        [RUN 39] "\\n"
        TEXT [text-node] X:0.00 Y:0.00 W:0.00 H:0.00 M[0.0 0.0 8.0 0.0] P[0.0 0.0 0.0 0.0] B[0.0 0.0 0.0 0.0] "This is the final section of the M3 p..."
