
--- Page 1 [595.28x841.89] ---
[HEADER] AbsY:0.00
  BLOCK [page-header] X:0.00 Y:0.00 W:481.89 H:12.00 M[0.0 0.0 15.0 0.0] P[0.0 0.0 5.0 0.0] B[0.0 0.0 0.0 0.0]
    [RUN 0] "Vodacom"
    [RUN 1] " "
    [RUN 2] "Moçambique"
    [RUN 3] " "
    [RUN 4] "|"
    [RUN 5] " "
    [RUN 6] "Quarterly"
    [RUN 7] " "
    [RUN 8] "Operations"
    [RUN 9] " "
    [RUN 10] "Report"
    [RUN 11] " "
    [RUN 12] "Q1"
    [RUN 13] " "
    [RUN 14] "2026"
    [RUN 15] " "
    [RUN 16] "\\n"
    TEXT [text-node] X:0.00 Y:0.00 W:0.00 H:0.00 M[0.0 0.0 15.0 0.0] P[0.0 0.0 5.0 0.0] B[0.0 0.0 0.0 0.0] "Vodacom Moçambique | Quarterly Opera..."
[FOOTER] AbsY:0.00
  BLOCK [page-footer] X:0.00 Y:0.00 W:481.89 H:12.00 M[15.0 0.0 0.0 0.0] P[5.0 0.0 0.0 0.0] B[0.0 0.0 0.0 0.0]
    [RUN 0] "Page"
    [RUN 1] " "
    [RUN 2] "{{PAGE}}"
    [RUN 3] " "
    [RUN 4] "of"
    [RUN 5] " "
    [RUN 6] "{{PAGES}}"
    [RUN 7] " "
    [RUN 8] "|"
    [RUN 9] " "
    [RUN 10] "Internal"
    [RUN 11] " "
    [RUN 12] "Confidential"
    [RUN 13] " "
    [RUN 14] "\\n"
    TEXT [text-node] X:0.00 Y:0.00 W:0.00 H:0.00 M[15.0 0.0 0.0 0.0] P[5.0 0.0 0.0 0.0] B[0.0 0.0 0.0 0.0] "Page "
    INLINE [page-number] INLINE X:0.00 Y:0.00 W:0.00 H:0.00 M[0.0 0.0 0.0 0.0] P[0.0 0.0 0.0 0.0] B[0.0 0.0 0.0 0.0] "{{PAGE}}"
    TEXT [text-node] X:0.00 Y:0.00 W:0.00 H:0.00 M[15.0 0.0 0.0 0.0] P[5.0 0.0 0.0 0.0] B[0.0 0.0 0.0 0.0] " of "
    INLINE [page-count] INLINE X:0.00 Y:0.00 W:0.00 H:0.00 M[0.0 0.0 0.0 0.0] P[0.0 0.0 0.0 0.0] B[0.0 0.0 0.0 0.0] "{{PAGES}}"
    TEXT [text-node] X:0.00 Y:0.00 W:0.00 H:0.00 M[15.0 0.0 0.0 0.0] P[5.0 0.0 0.0 0.0] B[0.0 0.0 0.0 0.0] " | Internal Confidential "
[BODY]
  BLOCK [div] X:56.69 Y:88.69 W:481.89 H:408.50 M[0.0 0.0 0.0 0.0] P[0.0 0.0 0.0 0.0] B[0.0 0.0 0.0 0.0]
    BLOCK [h1] X:0.00 Y:0.00 W:481.89 H:36.00 M[50.0 0.0 20.0 0.0] P[0.0 0.0 0.0 0.0] B[0.0 0.0 0.0 0.0]
      [RUN 0] "Quarterly"
      [RUN 1] " "
      [RUN 2] "Operations"
      [RUN 3] " "
      [RUN 4] "Report"
      [RUN 5] "\\n"
      TEXT [text-node] X:0.00 Y:0.00 W:0.00 H:0.00 M[50.0 0.0 20.0 0.0] P[0.0 0.0 0.0 0.0] B[0.0 0.0 0.0 0.0] "Quarterly Operations Report"
    BLOCK [p] X:0.00 Y:0.00 W:481.89 H:21.00 M[0.0 0.0 40.0 0.0] P[0.0 0.0 0.0 0.0] B[0.0 0.0 0.0 0.0]
      [RUN 0] "Q1"
      [RUN 1] " "
      [RUN 2] "2026"
      [RUN 3] "\\n"
      TEXT [text-node] X:0.00 Y:0.00 W:0.00 H:0.00 M[0.0 0.0 40.0 0.0] P[0.0 0.0 0.0 0.0] B[0.0 0.0 0.0 0.0] "Q1 2026"
    BLOCK [div] X:0.00 Y:0.00 W:481.89 H:121.50 M[100.0 0.0 0.0 0.0] P[0.0 0.0 0.0 0.0] B[0.0 0.0 0.0 0.0]
      BLOCK [p] X:0.00 Y:0.00 W:481.89 H:16.50 M[0.0 0.0 12.0 0.0] P[0.0 0.0 0.0 0.0] B[0.0 0.0 0.0 0.0]
        [RUN 0] "Prepared"
        [RUN 1] " "
        [RUN 2] "By:"
        [RUN 3] " "
        [RUN 4] "Data"
        [RUN 5] " "
        [RUN 6] "&"
        [RUN 7] " "
        [RUN 8] "Analytics"
        [RUN 9] " "
        [RUN 10] "Team"
        [RUN 11] "\\n"
        INLINE [strong] INLINE X:0.00 Y:0.00 W:0.00 H:0.00 M[0.0 0.0 0.0 0.0] P[0.0 0.0 0.0 0.0] B[0.0 0.0 0.0 0.0]
          TEXT [text-node] X:0.00 Y:0.00 W:0.00 H:0.00 M[0.0 0.0 0.0 0.0] P[0.0 0.0 0.0 0.0] B[0.0 0.0 0.0 0.0] "Prepared By:"
        TEXT [text-node] X:0.00 Y:0.00 W:0.00 H:0.00 M[0.0 0.0 12.0 0.0] P[0.0 0.0 0.0 0.0] B[0.0 0.0 0.0 0.0] " Data & Analytics Team"
      BLOCK [p] X:0.00 Y:0.00 W:481.89 H:16.50 M[0.0 0.0 12.0 0.0] P[0.0 0.0 0.0 0.0] B[0.0 0.0 0.0 0.0]
        [RUN 0] "Date:"
        [RUN 1] " "
        [RUN 2] "April"
        [RUN 3] " "
        [RUN 4] "15,"
        [RUN 5] " "
        [RUN 6] "2026"
        [RUN 7] "\\n"
        INLINE [strong] INLINE X:0.00 Y:0.00 W:0.00 H:0.00 M[0.0 0.0 0.0 0.0] P[0.0 0.0 0.0 0.0] B[0.0 0.0 0.0 0.0]
          TEXT [text-node] X:0.00 Y:0.00 W:0.00 H:0.00 M[0.0 0.0 0.0 0.0] P[0.0 0.0 0.0 0.0] B[0.0 0.0 0.0 0.0] "Date:"
        TEXT [text-node] X:0.00 Y:0.00 W:0.00 H:0.00 M[0.0 0.0 12.0 0.0] P[0.0 0.0 0.0 0.0] B[0.0 0.0 0.0 0.0] " April 15, 2026"
      BLOCK [p] X:0.00 Y:0.00 W:481.89 H:16.50 M[0.0 0.0 12.0 0.0] P[0.0 0.0 0.0 0.0] B[0.0 0.0 0.0 0.0]
        [RUN 0] "Confidentiality:"
        [RUN 1] " "
        [RUN 2] "Internal"
        [RUN 3] " "
        [RUN 4] "Use"
        [RUN 5] " "
        [RUN 6] "Only"
        [RUN 7] "\\n"
        INLINE [strong] INLINE X:0.00 Y:0.00 W:0.00 H:0.00 M[0.0 0.0 0.0 0.0] P[0.0 0.0 0.0 0.0] B[0.0 0.0 0.0 0.0]
          TEXT [text-node] X:0.00 Y:0.00 W:0.00 H:0.00 M[0.0 0.0 0.0 0.0] P[0.0 0.0 0.0 0.0] B[0.0 0.0 0.0 0.0] "Confidentiality:"
        TEXT [text-node] X:0.00 Y:0.00 W:0.00 H:0.00 M[0.0 0.0 12.0 0.0] P[0.0 0.0 0.0 0.0] B[0.0 0.0 0.0 0.0] " Internal Use Only"

--- Page 2 [595.28x841.89] ---
[HEADER] AbsY:0.00
  BLOCK [page-header] X:0.00 Y:0.00 W:481.89 H:12.00 M[0.0 0.0 15.0 0.0] P[0.0 0.0 5.0 0.0] B[0.0 0.0 0.0 0.0]
    [RUN 0] "Vodacom"
    [RUN 1] " "
    [RUN 2] "Moçambique"
    [RUN 3] " "
    [RUN 4] "|"
    [RUN 5] " "
    [RUN 6] "Quarterly"
    [RUN 7] " "
    [RUN 8] "Operations"
    [RUN 9] " "
    [RUN 10] "Report"
    [RUN 11] " "
    [RUN 12] "Q1"
    [RUN 13] " "
    [RUN 14] "2026"
    [RUN 15] " "
    [RUN 16] "\\n"
    TEXT [text-node] X:0.00 Y:0.00 W:0.00 H:0.00 M[0.0 0.0 15.0 0.0] P[0.0 0.0 5.0 0.0] B[0.0 0.0 0.0 0.0] "Vodacom Moçambique | Quarterly Opera..."
[FOOTER] AbsY:0.00
  BLOCK [page-footer] X:0.00 Y:0.00 W:481.89 H:12.00 M[15.0 0.0 0.0 0.0] P[5.0 0.0 0.0 0.0] B[0.0 0.0 0.0 0.0]
    [RUN 0] "Page"
    [RUN 1] " "
    [RUN 2] "{{PAGE}}"
    [RUN 3] " "
    [RUN 4] "of"
    [RUN 5] " "
    [RUN 6] "{{PAGES}}"
    [RUN 7] " "
    [RUN 8] "|"
    [RUN 9] " "
    [RUN 10] "Internal"
    [RUN 11] " "
    [RUN 12] "Confidential"
    [RUN 13] " "
    [RUN 14] "\\n"
    TEXT [text-node] X:0.00 Y:0.00 W:0.00 H:0.00 M[15.0 0.0 0.0 0.0] P[5.0 0.0 0.0 0.0] B[0.0 0.0 0.0 0.0] "Page "
    INLINE [page-number] INLINE X:0.00 Y:0.00 W:0.00 H:0.00 M[0.0 0.0 0.0 0.0] P[0.0 0.0 0.0 0.0] B[0.0 0.0 0.0 0.0] "{{PAGE}}"
    TEXT [text-node] X:0.00 Y:0.00 W:0.00 H:0.00 M[15.0 0.0 0.0 0.0] P[5.0 0.0 0.0 0.0] B[0.0 0.0 0.0 0.0] " of "
    INLINE [page-count] INLINE X:0.00 Y:0.00 W:0.00 H:0.00 M[0.0 0.0 0.0 0.0] P[0.0 0.0 0.0 0.0] B[0.0 0.0 0.0 0.0] "{{PAGES}}"
    TEXT [text-node] X:0.00 Y:0.00 W:0.00 H:0.00 M[15.0 0.0 0.0 0.0] P[5.0 0.0 0.0 0.0] B[0.0 0.0 0.0 0.0] " | Internal Confidential "
[BODY]
  BLOCK [h2] X:56.69 Y:112.69 W:481.89 H:24.00 M[24.0 0.0 12.0 0.0] P[0.0 0.0 4.0 0.0] B[0.0 0.0 0.0 0.0]
    [RUN 0] "Executive"
    [RUN 1] " "
    [RUN 2] "Summary"
    [RUN 3] "\\n"
    TEXT [text-node] X:0.00 Y:0.00 W:0.00 H:0.00 M[24.0 0.0 12.0 0.0] P[0.0 0.0 4.0 0.0] B[0.0 0.0 0.0 0.0] "Executive Summary"
  BLOCK [p] X:56.69 Y:152.69 W:481.89 H:49.50 M[0.0 0.0 12.0 0.0] P[0.0 0.0 0.0 0.0] B[0.0 0.0 0.0 0.0]
    [RUN 0] "This"
    [RUN 1] " "
    [RUN 2] "report"
    [RUN 3] " "
    [RUN 4] "covers"
    [RUN 5] " "
    [RUN 6] "the"
    [RUN 7] " "
    [RUN 8] "operational"
    [RUN 9] " "
    [RUN 10] "and"
    [RUN 11] " "
    [RUN 12] "financial"
    [RUN 13] " "
    [RUN 14] "performance"
    [RUN 15] " "
    [RUN 16] "of"
    [RUN 17] " "
    [RUN 18] "the"
    [RUN 19] " "
    [RUN 20] "technological"
    [RUN 21] " "
    [RUN 22] "division"
    [RUN 23] " "
    [RUN 24] "for"
    [RUN 25] " "
    [RUN 26] "the"
    [RUN 27] "\\n"
    [RUN 28] "first"
    [RUN 29] " "
    [RUN 30] "quarter"
    [RUN 31] " "
    [RUN 32] "of"
    [RUN 33] " "
    [RUN 34] "2026."
    [RUN 35] " "
    [RUN 36] "Despite"
    [RUN 37] " "
    [RUN 38] "challenging"
    [RUN 39] " "
    [RUN 40] "market"
    [RUN 41] " "
    [RUN 42] "conditions,"
    [RUN 43] " "
    [RUN 44] "we"
    [RUN 45] " "
    [RUN 46] "have"
    [RUN 47] " "
    [RUN 48] "seen"
    [RUN 49] " "
    [RUN 50] "robust"
    [RUN 51] " "
    [RUN 52] "growth"
    [RUN 53] " "
    [RUN 54] "across"
    [RUN 55] "\\n"
    [RUN 56] "our"
    [RUN 57] " "
    [RUN 58] "core"
    [RUN 59] " "
    [RUN 60] "service"
    [RUN 61] " "
    [RUN 62] "APIs"
    [RUN 63] " "
    [RUN 64] "and"
    [RUN 65] " "
    [RUN 66] "cloud"
    [RUN 67] " "
    [RUN 68] "platforms."
    [RUN 69] " "
    [RUN 70] "\\n"
    TEXT [text-node] X:0.00 Y:0.00 W:0.00 H:0.00 M[0.0 0.0 12.0 0.0] P[0.0 0.0 0.0 0.0] B[0.0 0.0 0.0 0.0] "This report covers the operational an..."
  BLOCK [p] X:56.69 Y:214.19 W:481.89 H:33.00 M[0.0 0.0 12.0 0.0] P[0.0 0.0 0.0 0.0] B[0.0 0.0 0.0 0.0]
    [RUN 0] "The"
    [RUN 1] " "
    [RUN 2] "introduction"
    [RUN 3] " "
    [RUN 4] "of"
    [RUN 5] " "
    [RUN 6] "the"
    [RUN 7] " "
    [RUN 8] "new"
    [RUN 9] " "
    [RUN 10] "papyrus"
    [RUN 11] " "
    [RUN 12] "service"
    [RUN 13] " "
    [RUN 14] "line"
    [RUN 15] " "
    [RUN 16] "has"
    [RUN 17] " "
    [RUN 18] "shown"
    [RUN 19] " "
    [RUN 20] "promising"
    [RUN 21] " "
    [RUN 22] "early"
    [RUN 23] " "
    [RUN 24] "adoption"
    [RUN 25] " "
    [RUN 26] "rates"
    [RUN 27] " "
    [RUN 28] "among"
    [RUN 29] "\\n"
    [RUN 30] "our"
    [RUN 31] " "
    [RUN 32] "enterprise"
    [RUN 33] " "
    [RUN 34] "clients,"
    [RUN 35] " "
    [RUN 36] "processing"
    [RUN 37] " "
    [RUN 38] "over"
    [RUN 39] " "
    [RUN 40] "50,000"
    [RUN 41] " "
    [RUN 42] "documents"
    [RUN 43] " "
    [RUN 44] "in"
    [RUN 45] " "
    [RUN 46] "its"
    [RUN 47] " "
    [RUN 48] "first"
    [RUN 49] " "
    [RUN 50] "month"
    [RUN 51] " "
    [RUN 52] "of"
    [RUN 53] " "
    [RUN 54] "beta"
    [RUN 55] " "
    [RUN 56] "availability."
    [RUN 57] " "
    [RUN 58] "\\n"
    TEXT [text-node] X:0.00 Y:0.00 W:0.00 H:0.00 M[0.0 0.0 12.0 0.0] P[0.0 0.0 0.0 0.0] B[0.0 0.0 0.0 0.0] "The introduction of the new "
    INLINE [em] INLINE X:0.00 Y:0.00 W:0.00 H:0.00 M[0.0 0.0 0.0 0.0] P[0.0 0.0 0.0 0.0] B[0.0 0.0 0.0 0.0]
      TEXT [text-node] X:0.00 Y:0.00 W:0.00 H:0.00 M[0.0 0.0 0.0 0.0] P[0.0 0.0 0.0 0.0] B[0.0 0.0 0.0 0.0] "papyrus"
    TEXT [text-node] X:0.00 Y:0.00 W:0.00 H:0.00 M[0.0 0.0 12.0 0.0] P[0.0 0.0 0.0 0.0] B[0.0 0.0 0.0 0.0] " service line has shown promising ear..."
  BLOCK [h2] X:56.69 Y:283.19 W:481.89 H:24.00 M[24.0 0.0 12.0 0.0] P[0.0 0.0 4.0 0.0] B[0.0 0.0 0.0 0.0]
    [RUN 0] "Financial"
    [RUN 1] " "
    [RUN 2] "Performance"
    [RUN 3] "\\n"
    TEXT [text-node] X:0.00 Y:0.00 W:0.00 H:0.00 M[24.0 0.0 12.0 0.0] P[0.0 0.0 4.0 0.0] B[0.0 0.0 0.0 0.0] "Financial Performance"
  BLOCK [p] X:56.69 Y:323.19 W:481.89 H:33.00 M[0.0 0.0 12.0 0.0] P[0.0 0.0 0.0 0.0] B[0.0 0.0 0.0 0.0]
    [RUN 0] "Overall"
    [RUN 1] " "
    [RUN 2] "revenue"
    [RUN 3] " "
    [RUN 4] "for"
    [RUN 5] " "
    [RUN 6] "the"
    [RUN 7] " "
    [RUN 8] "quarter"
    [RUN 9] " "
    [RUN 10] "exceeded"
    [RUN 11] " "
    [RUN 12] "targets"
    [RUN 13] " "
    [RUN 14] "by"
    [RUN 15] " "
    [RUN 16] "4.2%,"
    [RUN 17] " "
    [RUN 18] "driven"
    [RUN 19] " "
    [RUN 20] "primarily"
    [RUN 21] " "
    [RUN 22] "by"
    [RUN 23] " "
    [RUN 24] "increased"
    [RUN 25] " "
    [RUN 26] "API"
    [RUN 27] " "
    [RUN 28] "usage"
    [RUN 29] "\\n"
    [RUN 30] "from"
    [RUN 31] " "
    [RUN 32] "the"
    [RUN 33] " "
    [RUN 34] "financial"
    [RUN 35] " "
    [RUN 36] "sector."
    [RUN 37] " "
    [RUN 38] "\\n"
    TEXT [text-node] X:0.00 Y:0.00 W:0.00 H:0.00 M[0.0 0.0 12.0 0.0] P[0.0 0.0 0.0 0.0] B[0.0 0.0 0.0 0.0] "Overall revenue for the quarter excee..."
  TABLE [table] X:56.69 Y:384.19 W:481.89 H:75.00 M[16.0 0.0 24.0 0.0] P[0.0 0.0 0.0 0.0] B[0.0 0.0 0.0 0.0]
    BLOCK [thead] X:0.00 Y:0.00 W:0.00 H:0.00 M[0.0 0.0 0.0 0.0] P[0.0 0.0 0.0 0.0] B[0.0 0.0 0.0 0.0]
      ROW [tr] X:0.00 Y:0.00 W:481.89 H:15.00 M[0.0 0.0 0.0 0.0] P[0.0 0.0 0.0 0.0] B[0.0 0.0 0.0 0.0]
        CELL [th] X:0.00 Y:0.00 W:150.36 H:15.00 M[0.0 0.0 0.0 0.0] P[0.0 0.0 0.0 0.0] B[0.0 0.0 0.0 0.0]
          [RUN 0] "Category"
          [RUN 1] "\\n"
          TEXT [text-node] X:0.00 Y:0.00 W:0.00 H:0.00 M[0.0 0.0 0.0 0.0] P[0.0 0.0 0.0 0.0] B[0.0 0.0 0.0 0.0] "Category"
        CELL [th] X:0.00 Y:0.00 W:122.00 H:15.00 M[0.0 0.0 0.0 0.0] P[0.0 0.0 0.0 0.0] B[0.0 0.0 0.0 0.0]
          [RUN 0] "Q1"
          [RUN 1] " "
          [RUN 2] "2025"
          [RUN 3] " "
          [RUN 4] "(MZN)"
          [RUN 5] "\\n"
          TEXT [text-node] X:0.00 Y:0.00 W:0.00 H:0.00 M[0.0 0.0 0.0 0.0] P[0.0 0.0 0.0 0.0] B[0.0 0.0 0.0 0.0] "Q1 2025 (MZN)"
        CELL [th] X:0.00 Y:0.00 W:122.00 H:15.00 M[0.0 0.0 0.0 0.0] P[0.0 0.0 0.0 0.0] B[0.0 0.0 0.0 0.0]
          [RUN 0] "Q1"
          [RUN 1] " "
          [RUN 2] "2026"
          [RUN 3] " "
          [RUN 4] "(MZN)"
          [RUN 5] "\\n"
          TEXT [text-node] X:0.00 Y:0.00 W:0.00 H:0.00 M[0.0 0.0 0.0 0.0] P[0.0 0.0 0.0 0.0] B[0.0 0.0 0.0 0.0] "Q1 2026 (MZN)"
        CELL [th] X:0.00 Y:0.00 W:87.54 H:15.00 M[0.0 0.0 0.0 0.0] P[0.0 0.0 0.0 0.0] B[0.0 0.0 0.0 0.0]
          [RUN 0] "Growth"
          [RUN 1] "\\n"
          TEXT [text-node] X:0.00 Y:0.00 W:0.00 H:0.00 M[0.0 0.0 0.0 0.0] P[0.0 0.0 0.0 0.0] B[0.0 0.0 0.0 0.0] "Growth"
    BLOCK [tbody] X:0.00 Y:0.00 W:0.00 H:0.00 M[0.0 0.0 0.0 0.0] P[0.0 0.0 0.0 0.0] B[0.0 0.0 0.0 0.0]
      ROW [tr] X:0.00 Y:0.00 W:481.89 H:15.00 M[0.0 0.0 0.0 0.0] P[0.0 0.0 0.0 0.0] B[0.0 0.0 0.0 0.0]
        CELL [td] X:0.00 Y:0.00 W:150.36 H:15.00 M[0.0 0.0 0.0 0.0] P[0.0 0.0 0.0 0.0] B[0.0 0.0 0.0 0.0]
          [RUN 0] "Core"
          [RUN 1] " "
          [RUN 2] "API"
          [RUN 3] " "
          [RUN 4] "Services"
          [RUN 5] "\\n"
          TEXT [text-node] X:0.00 Y:0.00 W:0.00 H:0.00 M[0.0 0.0 0.0 0.0] P[0.0 0.0 0.0 0.0] B[0.0 0.0 0.0 0.0] "Core API Services"
        CELL [td] X:0.00 Y:0.00 W:122.00 H:15.00 M[0.0 0.0 0.0 0.0] P[0.0 0.0 0.0 0.0] B[0.0 0.0 0.0 0.0]
          [RUN 0] "14,500,000"
          [RUN 1] "\\n"
          TEXT [text-node] X:0.00 Y:0.00 W:0.00 H:0.00 M[0.0 0.0 0.0 0.0] P[0.0 0.0 0.0 0.0] B[0.0 0.0 0.0 0.0] "14,500,000"
        CELL [td] X:0.00 Y:0.00 W:122.00 H:15.00 M[0.0 0.0 0.0 0.0] P[0.0 0.0 0.0 0.0] B[0.0 0.0 0.0 0.0]
          [RUN 0] "18,200,000"
          [RUN 1] "\\n"
          TEXT [text-node] X:0.00 Y:0.00 W:0.00 H:0.00 M[0.0 0.0 0.0 0.0] P[0.0 0.0 0.0 0.0] B[0.0 0.0 0.0 0.0] "18,200,000"
        CELL [td] X:0.00 Y:0.00 W:87.54 H:15.00 M[0.0 0.0 0.0 0.0] P[0.0 0.0 0.0 0.0] B[0.0 0.0 0.0 0.0]
          [RUN 0] "+25.5%"
          [RUN 1] "\\n"
          TEXT [text-node] X:0.00 Y:0.00 W:0.00 H:0.00 M[0.0 0.0 0.0 0.0] P[0.0 0.0 0.0 0.0] B[0.0 0.0 0.0 0.0] "+25.5%"
      ROW [tr] X:0.00 Y:0.00 W:481.89 H:15.00 M[0.0 0.0 0.0 0.0] P[0.0 0.0 0.0 0.0] B[0.0 0.0 0.0 0.0]
        CELL [td] X:0.00 Y:0.00 W:150.36 H:15.00 M[0.0 0.0 0.0 0.0] P[0.0 0.0 0.0 0.0] B[0.0 0.0 0.0 0.0]
          [RUN 0] "Cloud"
          [RUN 1] " "
          [RUN 2] "Storage"
          [RUN 3] "\\n"
          TEXT [text-node] X:0.00 Y:0.00 W:0.00 H:0.00 M[0.0 0.0 0.0 0.0] P[0.0 0.0 0.0 0.0] B[0.0 0.0 0.0 0.0] "Cloud Storage"
        CELL [td] X:0.00 Y:0.00 W:122.00 H:15.00 M[0.0 0.0 0.0 0.0] P[0.0 0.0 0.0 0.0] B[0.0 0.0 0.0 0.0]
          [RUN 0] "8,200,000"
          [RUN 1] "\\n"
          TEXT [text-node] X:0.00 Y:0.00 W:0.00 H:0.00 M[0.0 0.0 0.0 0.0] P[0.0 0.0 0.0 0.0] B[0.0 0.0 0.0 0.0] "8,200,000"
        CELL [td] X:0.00 Y:0.00 W:122.00 H:15.00 M[0.0 0.0 0.0 0.0] P[0.0 0.0 0.0 0.0] B[0.0 0.0 0.0 0.0]
          [RUN 0] "9,100,000"
          [RUN 1] "\\n"
          TEXT [text-node] X:0.00 Y:0.00 W:0.00 H:0.00 M[0.0 0.0 0.0 0.0] P[0.0 0.0 0.0 0.0] B[0.0 0.0 0.0 0.0] "9,100,000"
        CELL [td] X:0.00 Y:0.00 W:87.54 H:15.00 M[0.0 0.0 0.0 0.0] P[0.0 0.0 0.0 0.0] B[0.0 0.0 0.0 0.0]
          [RUN 0] "+11.0%"
          [RUN 1] "\\n"
          TEXT [text-node] X:0.00 Y:0.00 W:0.00 H:0.00 M[0.0 0.0 0.0 0.0] P[0.0 0.0 0.0 0.0] B[0.0 0.0 0.0 0.0] "+11.0%"
      ROW [tr] X:0.00 Y:0.00 W:481.89 H:15.00 M[0.0 0.0 0.0 0.0] P[0.0 0.0 0.0 0.0] B[0.0 0.0 0.0 0.0]
        CELL [td] X:0.00 Y:0.00 W:150.36 H:15.00 M[0.0 0.0 0.0 0.0] P[0.0 0.0 0.0 0.0] B[0.0 0.0 0.0 0.0]
          [RUN 0] "Document"
          [RUN 1] " "
          [RUN 2] "Generation"
          [RUN 3] "\\n"
          TEXT [text-node] X:0.00 Y:0.00 W:0.00 H:0.00 M[0.0 0.0 0.0 0.0] P[0.0 0.0 0.0 0.0] B[0.0 0.0 0.0 0.0] "Document Generation"
        CELL [td] X:0.00 Y:0.00 W:122.00 H:15.00 M[0.0 0.0 0.0 0.0] P[0.0 0.0 0.0 0.0] B[0.0 0.0 0.0 0.0]
          [RUN 0] "0"
          [RUN 1] "\\n"
          TEXT [text-node] X:0.00 Y:0.00 W:0.00 H:0.00 M[0.0 0.0 0.0 0.0] P[0.0 0.0 0.0 0.0] B[0.0 0.0 0.0 0.0] "0"
        CELL [td] X:0.00 Y:0.00 W:122.00 H:15.00 M[0.0 0.0 0.0 0.0] P[0.0 0.0 0.0 0.0] B[0.0 0.0 0.0 0.0]
          [RUN 0] "1,250,000"
          [RUN 1] "\\n"
          TEXT [text-node] X:0.00 Y:0.00 W:0.00 H:0.00 M[0.0 0.0 0.0 0.0] P[0.0 0.0 0.0 0.0] B[0.0 0.0 0.0 0.0] "1,250,000"
        CELL [td] X:0.00 Y:0.00 W:87.54 H:15.00 M[0.0 0.0 0.0 0.0] P[0.0 0.0 0.0 0.0] B[0.0 0.0 0.0 0.0]
          [RUN 0] "NEW"
          [RUN 1] "\\n"
          TEXT [text-node] X:0.00 Y:0.00 W:0.00 H:0.00 M[0.0 0.0 0.0 0.0] P[0.0 0.0 0.0 0.0] B[0.0 0.0 0.0 0.0] "NEW"
      ROW [tr] X:0.00 Y:0.00 W:481.89 H:15.00 M[0.0 0.0 0.0 0.0] P[0.0 0.0 0.0 0.0] B[0.0 0.0 0.0 0.0]
        CELL [td] X:0.00 Y:0.00 W:150.36 H:15.00 M[0.0 0.0 0.0 0.0] P[0.0 0.0 0.0 0.0] B[0.0 0.0 0.0 0.0]
          [RUN 0] "Technical"
          [RUN 1] " "
          [RUN 2] "Support"
          [RUN 3] "\\n"
          TEXT [text-node] X:0.00 Y:0.00 W:0.00 H:0.00 M[0.0 0.0 0.0 0.0] P[0.0 0.0 0.0 0.0] B[0.0 0.0 0.0 0.0] "Technical Support"
        CELL [td] X:0.00 Y:0.00 W:122.00 H:15.00 M[0.0 0.0 0.0 0.0] P[0.0 0.0 0.0 0.0] B[0.0 0.0 0.0 0.0]
          [RUN 0] "4,100,000"
          [RUN 1] "\\n"
          TEXT [text-node] X:0.00 Y:0.00 W:0.00 H:0.00 M[0.0 0.0 0.0 0.0] P[0.0 0.0 0.0 0.0] B[0.0 0.0 0.0 0.0] "4,100,000"
        CELL [td] X:0.00 Y:0.00 W:122.00 H:15.00 M[0.0 0.0 0.0 0.0] P[0.0 0.0 0.0 0.0] B[0.0 0.0 0.0 0.0]
          [RUN 0] "3,800,000"
          [RUN 1] "\\n"
          TEXT [text-node] X:0.00 Y:0.00 W:0.00 H:0.00 M[0.0 0.0 0.0 0.0] P[0.0 0.0 0.0 0.0] B[0.0 0.0 0.0 0.0] "3,800,000"
        CELL [td] X:0.00 Y:0.00 W:87.54 H:15.00 M[0.0 0.0 0.0 0.0] P[0.0 0.0 0.0 0.0] B[0.0 0.0 0.0 0.0]
          [RUN 0] "-7.3%"
          [RUN 1] "\\n"
          TEXT [text-node] X:0.00 Y:0.00 W:0.00 H:0.00 M[0.0 0.0 0.0 0.0] P[0.0 0.0 0.0 0.0] B[0.0 0.0 0.0 0.0] "-7.3%"

--- Page 3 [595.28x841.89] ---
[HEADER] AbsY:0.00
  BLOCK [page-header] X:0.00 Y:0.00 W:481.89 H:12.00 M[0.0 0.0 15.0 0.0] P[0.0 0.0 5.0 0.0] B[0.0 0.0 0.0 0.0]
    [RUN 0] "Vodacom"
    [RUN 1] " "
    [RUN 2] "Moçambique"
    [RUN 3] " "
    [RUN 4] "|"
    [RUN 5] " "
    [RUN 6] "Quarterly"
    [RUN 7] " "
    [RUN 8] "Operations"
    [RUN 9] " "
    [RUN 10] "Report"
    [RUN 11] " "
    [RUN 12] "Q1"
    [RUN 13] " "
    [RUN 14] "2026"
    [RUN 15] " "
    [RUN 16] "\\n"
    TEXT [text-node] X:0.00 Y:0.00 W:0.00 H:0.00 M[0.0 0.0 15.0 0.0] P[0.0 0.0 5.0 0.0] B[0.0 0.0 0.0 0.0] "Vodacom Moçambique | Quarterly Opera..."
[FOOTER] AbsY:0.00
  BLOCK [page-footer] X:0.00 Y:0.00 W:481.89 H:12.00 M[15.0 0.0 0.0 0.0] P[5.0 0.0 0.0 0.0] B[0.0 0.0 0.0 0.0]
    [RUN 0] "Page"
    [RUN 1] " "
    [RUN 2] "{{PAGE}}"
    [RUN 3] " "
    [RUN 4] "of"
    [RUN 5] " "
    [RUN 6] "{{PAGES}}"
    [RUN 7] " "
    [RUN 8] "|"
    [RUN 9] " "
    [RUN 10] "Internal"
    [RUN 11] " "
    [RUN 12] "Confidential"
    [RUN 13] " "
    [RUN 14] "\\n"
    TEXT [text-node] X:0.00 Y:0.00 W:0.00 H:0.00 M[15.0 0.0 0.0 0.0] P[5.0 0.0 0.0 0.0] B[0.0 0.0 0.0 0.0] "Page "
    INLINE [page-number] INLINE X:0.00 Y:0.00 W:0.00 H:0.00 M[0.0 0.0 0.0 0.0] P[0.0 0.0 0.0 0.0] B[0.0 0.0 0.0 0.0] "{{PAGE}}"
    TEXT [text-node] X:0.00 Y:0.00 W:0.00 H:0.00 M[15.0 0.0 0.0 0.0] P[5.0 0.0 0.0 0.0] B[0.0 0.0 0.0 0.0] " of "
    INLINE [page-count] INLINE X:0.00 Y:0.00 W:0.00 H:0.00 M[0.0 0.0 0.0 0.0] P[0.0 0.0 0.0 0.0] B[0.0 0.0 0.0 0.0] "{{PAGES}}"
    TEXT [text-node] X:0.00 Y:0.00 W:0.00 H:0.00 M[15.0 0.0 0.0 0.0] P[5.0 0.0 0.0 0.0] B[0.0 0.0 0.0 0.0] " | Internal Confidential "
[BODY]
  BLOCK [h2] X:56.69 Y:112.69 W:481.89 H:24.00 M[24.0 0.0 12.0 0.0] P[0.0 0.0 4.0 0.0] B[0.0 0.0 0.0 0.0]
    [RUN 0] "Operational"
    [RUN 1] " "
    [RUN 2] "Metrics"
    [RUN 3] "\\n"
    TEXT [text-node] X:0.00 Y:0.00 W:0.00 H:0.00 M[24.0 0.0 12.0 0.0] P[0.0 0.0 4.0 0.0] B[0.0 0.0 0.0 0.0] "Operational Metrics"
  BLOCK [h3] X:56.69 Y:168.69 W:481.89 H:19.50 M[16.0 0.0 8.0 0.0] P[0.0 0.0 0.0 0.0] B[0.0 0.0 0.0 0.0]
    [RUN 0] "API"
    [RUN 1] " "
    [RUN 2] "Utilization"
    [RUN 3] "\\n"
    TEXT [text-node] X:0.00 Y:0.00 W:0.00 H:0.00 M[16.0 0.0 8.0 0.0] P[0.0 0.0 0.0 0.0] B[0.0 0.0 0.0 0.0] "API Utilization"
  BLOCK [p] X:56.69 Y:196.19 W:481.89 H:49.50 M[0.0 0.0 12.0 0.0] P[0.0 0.0 0.0 0.0] B[0.0 0.0 0.0 0.0]
    [RUN 0] "The"
    [RUN 1] " "
    [RUN 2] "migration"
    [RUN 3] " "
    [RUN 4] "to"
    [RUN 5] " "
    [RUN 6] "the"
    [RUN 7] " "
    [RUN 8] "new"
    [RUN 9] " "
    [RUN 10] "microservices"
    [RUN 11] " "
    [RUN 12] "architecture"
    [RUN 13] " "
    [RUN 14] "was"
    [RUN 15] " "
    [RUN 16] "completed"
    [RUN 17] " "
    [RUN 18] "in"
    [RUN 19] " "
    [RUN 20] "February,"
    [RUN 21] " "
    [RUN 22] "resulting"
    [RUN 23] " "
    [RUN 24] "in"
    [RUN 25] "\\n"
    [RUN 26] "improved"
    [RUN 27] " "
    [RUN 28] "latency"
    [RUN 29] " "
    [RUN 30] "and"
    [RUN 31] " "
    [RUN 32] "reliability"
    [RUN 33] " "
    [RUN 34] "across"
    [RUN 35] " "
    [RUN 36] "the"
    [RUN 37] " "
    [RUN 38] "board."
    [RUN 39] " "
    [RUN 40] "The"
    [RUN 41] " "
    [RUN 42] "99.9th"
    [RUN 43] " "
    [RUN 44] "percentile"
    [RUN 45] " "
    [RUN 46] "latency"
    [RUN 47] " "
    [RUN 48] "dropped"
    [RUN 49] " "
    [RUN 50] "from"
    [RUN 51] "\\n"
    [RUN 52] "120ms"
    [RUN 53] " "
    [RUN 54] "to"
    [RUN 55] " "
    [RUN 56] "45ms."
    [RUN 57] " "
    [RUN 58] "\\n"
    TEXT [text-node] X:0.00 Y:0.00 W:0.00 H:0.00 M[0.0 0.0 12.0 0.0] P[0.0 0.0 0.0 0.0] B[0.0 0.0 0.0 0.0] "The migration to the new microservice..."
  BLOCK [ul] X:56.69 Y:265.69 W:481.89 H:73.50 M[8.0 0.0 8.0 0.0] P[0.0 0.0 0.0 20.0] B[0.0 0.0 0.0 0.0]
    BLOCK [li] X:0.00 Y:0.00 W:461.89 H:16.50 M[0.0 0.0 4.0 0.0] P[0.0 0.0 0.0 0.0] B[0.0 0.0 0.0 0.0]
      [RUN 0] "Total"
      [RUN 1] " "
      [RUN 2] "Requests:"
      [RUN 3] " "
      [RUN 4] "1.4"
      [RUN 5] " "
      [RUN 6] "Billion"
      [RUN 7] " "
      [RUN 8] "(up"
      [RUN 9] " "
      [RUN 10] "12%"
      [RUN 11] " "
      [RUN 12] "YoY)"
      [RUN 13] "\\n"
      INLINE [strong] INLINE X:0.00 Y:0.00 W:0.00 H:0.00 M[0.0 0.0 0.0 0.0] P[0.0 0.0 0.0 0.0] B[0.0 0.0 0.0 0.0]
        TEXT [text-node] X:0.00 Y:0.00 W:0.00 H:0.00 M[0.0 0.0 0.0 0.0] P[0.0 0.0 0.0 0.0] B[0.0 0.0 0.0 0.0] "Total Requests:"
      TEXT [text-node] X:0.00 Y:0.00 W:0.00 H:0.00 M[0.0 0.0 4.0 0.0] P[0.0 0.0 0.0 0.0] B[0.0 0.0 0.0 0.0] " 1.4 Billion (up 12% YoY)"
    BLOCK [li] X:0.00 Y:0.00 W:461.89 H:16.50 M[0.0 0.0 4.0 0.0] P[0.0 0.0 0.0 0.0] B[0.0 0.0 0.0 0.0]
      [RUN 0] "Uptime:"
      [RUN 1] " "
      [RUN 2] "99.995%"
      [RUN 3] "\\n"
      INLINE [strong] INLINE X:0.00 Y:0.00 W:0.00 H:0.00 M[0.0 0.0 0.0 0.0] P[0.0 0.0 0.0 0.0] B[0.0 0.0 0.0 0.0]
        TEXT [text-node] X:0.00 Y:0.00 W:0.00 H:0.00 M[0.0 0.0 0.0 0.0] P[0.0 0.0 0.0 0.0] B[0.0 0.0 0.0 0.0] "Uptime:"
      TEXT [text-node] X:0.00 Y:0.00 W:0.00 H:0.00 M[0.0 0.0 4.0 0.0] P[0.0 0.0 0.0 0.0] B[0.0 0.0 0.0 0.0] " 99.995%"
    BLOCK [li] X:0.00 Y:0.00 W:461.89 H:16.50 M[0.0 0.0 4.0 0.0] P[0.0 0.0 0.0 0.0] B[0.0 0.0 0.0 0.0]
      [RUN 0] "Peak"
      [RUN 1] " "
      [RUN 2] "Requests/Second:"
      [RUN 3] " "
      [RUN 4] "4,200"
      [RUN 5] " "
      [RUN 6] "(March"
      [RUN 7] " "
      [RUN 8] "15th)"
      [RUN 9] "\\n"
      INLINE [strong] INLINE X:0.00 Y:0.00 W:0.00 H:0.00 M[0.0 0.0 0.0 0.0] P[0.0 0.0 0.0 0.0] B[0.0 0.0 0.0 0.0]
        TEXT [text-node] X:0.00 Y:0.00 W:0.00 H:0.00 M[0.0 0.0 0.0 0.0] P[0.0 0.0 0.0 0.0] B[0.0 0.0 0.0 0.0] "Peak Requests/Second:"
      TEXT [text-node] X:0.00 Y:0.00 W:0.00 H:0.00 M[0.0 0.0 4.0 0.0] P[0.0 0.0 0.0 0.0] B[0.0 0.0 0.0 0.0] " 4,200 (March 15th)"
  BLOCK [h3] X:56.69 Y:363.19 W:481.89 H:19.50 M[16.0 0.0 8.0 0.0] P[0.0 0.0 0.0 0.0] B[0.0 0.0 0.0 0.0]
    [RUN 0] "Infrastructure"
    [RUN 1] " "
    [RUN 2] "Expansion"
    [RUN 3] "\\n"
    TEXT [text-node] X:0.00 Y:0.00 W:0.00 H:0.00 M[16.0 0.0 8.0 0.0] P[0.0 0.0 0.0 0.0] B[0.0 0.0 0.0 0.0] "Infrastructure Expansion"
  BLOCK [p] X:56.69 Y:390.69 W:481.89 H:49.50 M[0.0 0.0 12.0 0.0] P[0.0 0.0 0.0 0.0] B[0.0 0.0 0.0 0.0]
    [RUN 0] "We"
    [RUN 1] " "
    [RUN 2] "have"
    [RUN 3] " "
    [RUN 4] "successfully"
    [RUN 5] " "
    [RUN 6] "provisioned"
    [RUN 7] " "
    [RUN 8] "3"
    [RUN 9] " "
    [RUN 10] "new"
    [RUN 11] " "
    [RUN 12] "storage"
    [RUN 13] " "
    [RUN 14] "clusters"
    [RUN 15] " "
    [RUN 16] "in"
    [RUN 17] " "
    [RUN 18] "the"
    [RUN 19] " "
    [RUN 20] "primary"
    [RUN 21] " "
    [RUN 22] "data"
    [RUN 23] " "
    [RUN 24] "center"
    [RUN 25] " "
    [RUN 26] "to"
    [RUN 27] " "
    [RUN 28] "support"
    [RUN 29] " "
    [RUN 30] "the"
    [RUN 31] "\\n"
    [RUN 32] "anticipated"
    [RUN 33] " "
    [RUN 34] "growth"
    [RUN 35] " "
    [RUN 36] "from"
    [RUN 37] " "
    [RUN 38] "the"
    [RUN 39] " "
    [RUN 40] "document"
    [RUN 41] " "
    [RUN 42] "generation"
    [RUN 43] " "
    [RUN 44] "service."
    [RUN 45] " "
    [RUN 46] "This"
    [RUN 47] " "
    [RUN 48] "adds"
    [RUN 49] " "
    [RUN 50] "5"
    [RUN 51] " "
    [RUN 52] "PB"
    [RUN 53] " "
    [RUN 54] "of"
    [RUN 55] " "
    [RUN 56] "high-speed"
    [RUN 57] " "
    [RUN 58] "NVMe"
    [RUN 59] "\\n"
    [RUN 60] "storage"
    [RUN 61] " "
    [RUN 62] "to"
    [RUN 63] " "
    [RUN 64] "our"
    [RUN 65] " "
    [RUN 66] "capacity."
    [RUN 67] " "
    [RUN 68] "\\n"
    TEXT [text-node] X:0.00 Y:0.00 W:0.00 H:0.00 M[0.0 0.0 12.0 0.0] P[0.0 0.0 0.0 0.0] B[0.0 0.0 0.0 0.0] "We have successfully provisioned 3 ne..."
  BLOCK [h2] X:56.69 Y:476.19 W:481.89 H:24.00 M[24.0 0.0 12.0 0.0] P[0.0 0.0 4.0 0.0] B[0.0 0.0 0.0 0.0]
    [RUN 0] "Outlook"
    [RUN 1] " "
    [RUN 2] "for"
    [RUN 3] " "
    [RUN 4] "Q2"
    [RUN 5] "\\n"
    TEXT [text-node] X:0.00 Y:0.00 W:0.00 H:0.00 M[24.0 0.0 12.0 0.0] P[0.0 0.0 4.0 0.0] B[0.0 0.0 0.0 0.0] "Outlook for Q2"
  BLOCK [p] X:56.69 Y:516.19 W:481.89 H:49.50 M[0.0 0.0 12.0 0.0] P[0.0 0.0 0.0 0.0] B[0.0 0.0 0.0 0.0]
    [RUN 0] "Our"
    [RUN 1] " "
    [RUN 2] "primary"
    [RUN 3] " "
    [RUN 4] "focus"
    [RUN 5] " "
    [RUN 6] "for"
    [RUN 7] " "
    [RUN 8] "Q2"
    [RUN 9] " "
    [RUN 10] "will"
    [RUN 11] " "
    [RUN 12] "be"
    [RUN 13] " "
    [RUN 14] "the"
    [RUN 15] " "
    [RUN 16] "general"
    [RUN 17] " "
    [RUN 18] "availability"
    [RUN 19] " "
    [RUN 20] "release"
    [RUN 21] " "
    [RUN 22] "of"
    [RUN 23] " "
    [RUN 24] "the"
    [RUN 25] " "
    [RUN 26] "document"
    [RUN 27] " "
    [RUN 28] "generation"
    [RUN 29] " "
    [RUN 30] "API,"
    [RUN 31] "\\n"
    [RUN 32] "accompanied"
    [RUN 33] " "
    [RUN 34] "by"
    [RUN 35] " "
    [RUN 36] "a"
    [RUN 37] " "
    [RUN 38] "new"
    [RUN 39] " "
    [RUN 40] "self-service"
    [RUN 41] " "
    [RUN 42] "portal"
    [RUN 43] " "
    [RUN 44] "for"
    [RUN 45] " "
    [RUN 46] "enterprise"
    [RUN 47] " "
    [RUN 48] "clients."
    [RUN 49] " "
    [RUN 50] "We"
    [RUN 51] " "
    [RUN 52] "anticipate"
    [RUN 53] " "
    [RUN 54] "a"
    [RUN 55] " "
    [RUN 56] "15%"
    [RUN 57] " "
    [RUN 58] "increase"
    [RUN 59] " "
    [RUN 60] "in"
    [RUN 61] "\\n"
    [RUN 62] "compute"
    [RUN 63] " "
    [RUN 64] "usage"
    [RUN 65] " "
    [RUN 66] "and"
    [RUN 67] " "
    [RUN 68] "are"
    [RUN 69] " "
    [RUN 70] "scaling"
    [RUN 71] " "
    [RUN 72] "our"
    [RUN 73] " "
    [RUN 74] "Kubernetes"
    [RUN 75] " "
    [RUN 76] "clusters"
    [RUN 77] " "
    [RUN 78] "accordingly."
    [RUN 79] " "
    [RUN 80] "\\n"
    TEXT [text-node] X:0.00 Y:0.00 W:0.00 H:0.00 M[0.0 0.0 12.0 0.0] P[0.0 0.0 0.0 0.0] B[0.0 0.0 0.0 0.0] "Our primary focus for Q2 will be the ..."
